radio.c:1080:13:RadioCheckRfFrequency	0	static
radio.c:1529:13:RadioOnTxTimeoutIrq	0	static
radio.c:1534:13:RadioOnRxTimeoutIrq	0	static
radio.c:1473:16:RadioRead	0	static
radio.c:1468:13:RadioWrite	0	static
radio.c:1738:13:RadioTxCw	8	static
radio.c:1425:13:RadioSetRxDutyCycle	16	static
radio.c:1350:13:RadioStandby	0	static
radio.c:670:21:RadioGetStatus	8	static
radio.c:1570:13:RadioIrqProcess	24	static
radio.c:1563:13:RadioOnDioIrq	0	static
radio.c:1524:17:RadioGetWakeupTime	8	static
radio.c:1483:13:RadioReadRegisters	0	static
radio.c:1478:13:RadioWriteRegisters	0	static
radio.c:1463:16:RadioRssi	8	static
radio.c:1445:13:RadioSetTxContinuousWave	16	static
radio.c:728:13:RadioSetChannel	0	static
radio.c:1433:13:RadioStartCad	8	static
radio.c:1340:13:RadioSleep	8	static
radio.c:1201:17:RadioTimeOnAir	20	static
radio.c:1488:13:RadioSetMaxPayloadLength	0	static
radio.c:1393:13:RadioRxBoosted	8	static
radio.c:1355:13:RadioRx	8	static
radio.c:1505:13:RadioSetPublicNetwork	8	static
radio.c:685:13:RadioSetModem	16	static
radio.c:1958:16:RadioSetTxGenericConfig	56	static
radio.c:1782:16:RadioSetRxGenericConfig	48	static
radio.c:974:13:RadioSetTxConfig	56	static
radio.c:791:13:RadioSetRxConfig	64	static
radio.c:773:17:RadioRandom	8	static
radio.c:733:13:RadioIsChannelFree	64	static
radio.c:640:13:RadioInit	24	static
radio.c:1234:13:RadioSend	32	static
radio.c:1730:13:RadioTxPrbs	8	static
