mac_stm32hal.c:152:13:load_block	20	static
mac_stm32hal.c:201:13:derive_subkey2	8	static
mac_stm32hal.c:247:13:xor_key	8	static
ca_aes_hal.c:49:13:cleanup_handle	0	static
rsa_stm32hal.c:48:20:RSA_PKA_modexp	48	static
rsa_stm32hal.c:105:20:RSA_CRT_PKA_modexp	56	static
ca_if_utils.c:42:10:wrap_allocate_memory	8	static
ca_if_utils.c:65:9:wrap_uint8_to_BigNum	40	static
ca_if_utils.c:137:9:wrap_BigNum_to_uint8	20	static
mac_stm32hal.c:272:13:CMAC_compute	664	static
ca_aes_hal.c:80:9:CA_AES_CBC_Encrypt_Init	24	static
ca_aes_hal.c:169:9:CA_AES_CBC_Encrypt_Append	24	static
ca_aes_hal.c:215:9:CA_AES_CBC_Encrypt_Finish	16	static
ca_aes_hal.c:253:9:CA_AES_CBC_Decrypt_Init	24	static
ca_aes_hal.c:341:9:CA_AES_CBC_Decrypt_Append	24	static
ca_aes_hal.c:387:9:CA_AES_CBC_Decrypt_Finish	0	static
ca_aes_hal.c:432:9:CA_AES_CCM_Encrypt_Init	32	static
ca_aes_hal.c:575:9:CA_AES_CCM_Encrypt_Append	24	static
ca_aes_hal.c:616:9:CA_AES_CCM_Encrypt_Finish	40	static
ca_aes_hal.c:677:9:CA_AES_CCM_Decrypt_Init	32	static
ca_aes_hal.c:821:9:CA_AES_CCM_Decrypt_Append	24	static
ca_aes_hal.c:871:9:CA_AES_CCM_Decrypt_Finish	32	static
ca_aes_hal.c:918:9:CA_AES_CCM_Header_Append	144	static
ca_aes_hal.c:1042:9:CA_AES_CMAC_Encrypt_Init	0	static
ca_aes_hal.c:1075:9:CA_AES_CMAC_Encrypt_Append	16	static
ca_aes_hal.c:1113:9:CA_AES_CMAC_Encrypt_Finish	16	static
ca_aes_hal.c:1149:9:CA_AES_CMAC_Decrypt_Init	0	static
ca_aes_hal.c:1186:9:CA_AES_CMAC_Decrypt_Append	0	static
ca_aes_hal.c:1227:9:CA_AES_CMAC_Decrypt_Finish	8	static
ca_aes_hal.c:1269:9:CA_AES_ECB_Encrypt_Init	24	static
ca_aes_hal.c:1352:9:CA_AES_ECB_Encrypt_Append	24	static
ca_aes_hal.c:1396:9:CA_AES_ECB_Encrypt_Finish	16	static
ca_aes_hal.c:1432:9:CA_AES_ECB_Decrypt_Init	0	static
ca_aes_hal.c:1513:9:CA_AES_ECB_Decrypt_Append	24	static
ca_aes_hal.c:1556:9:CA_AES_ECB_Decrypt_Finish	0	static
ca_aes_hal.c:1603:9:CA_AES_GCM_Encrypt_Init	24	static
ca_aes_hal.c:1692:9:CA_AES_GCM_Encrypt_Append	40	static
ca_aes_hal.c:1741:9:CA_AES_GCM_Encrypt_Finish	24	static
ca_aes_hal.c:1799:9:CA_AES_GCM_Decrypt_Init	24	static
ca_aes_hal.c:1886:9:CA_AES_GCM_Decrypt_Append	40	static
ca_aes_hal.c:1941:9:CA_AES_GCM_Decrypt_Finish	40	static
ca_aes_hal.c:1991:9:CA_AES_GCM_Header_Append	24	static
ca_hash_mbed.c:144:9:CA_SHA256_Init	8	static
ca_hash_mbed.c:173:9:CA_SHA256_Append	8	static
ca_hash_mbed.c:206:9:CA_SHA256_Finish	8	static
ca_ecc_hal.c:174:9:CA_ECCinitEC	0	static
ca_ecc_hal.c:187:9:CA_ECCfreeEC	0	static
ca_ecc_hal.c:208:9:CA_ECCinitPoint	16	static
ca_ecc_hal.c:304:9:CA_ECCfreePoint	0	static
ca_ecc_hal.c:325:9:CA_ECCsetPointCoordinate	8	static
ca_ecc_hal.c:388:9:CA_ECDSAinitSign	24	static
ca_ecc_hal.c:478:9:CA_ECDSAfreeSign	0	static
ca_ecc_hal.c:498:9:CA_ECDSAsetSignature	8	static
ca_ecc_hal.c:554:9:CA_ECDSAverify	2040	static
ca_ecc_hal.c:706:9:CA_ECCvalidatePubKey	0	static
rsa_stm32hal.c:186:13:RSA_SetKey	12	static
rsa_stm32hal.c:217:13:RSA_SetKeyCRT	20	static
rsa_stm32hal.c:252:13:RSA_PKCS1v15_Verify	800	static
rsa_stm32hal.c:343:13:RSA_PKCS1v15_Sign	416	static
ca_rsa_hal.c:78:9:CA_RSA_PKCS1v15_Sign	64	static
ca_rsa_hal.c:153:9:CA_RSA_PKCS1v15_Verify	64	static
ca_core.c:57:9:CA_Init	0	static
ca_core.c:85:9:CA_DeInit	0	static
