kms_objects.c:149:14:authenticate_blob_header.isra.0	40	static
kms_objects.c:398:8:read_next_chunk	24	static
kms_objects.c:822:18:KMS_Objects_GetRange	16	static
kms_objects.c:894:8:KMS_LockKeyHandle	20	static
kms_objects.c:937:8:KMS_CheckKeyIsNotLocked	12	static
kms_objects.c:757:20:KMS_Objects_GetPointer	24	static
kms_objects.c:965:8:KMS_LockServiceFctId	20	static
kms_objects.c:1008:8:KMS_CheckServiceFctIdIsNotLocked	12	static
kms_objects.c:1039:7:KMS_FindAttributeInTemplate	20	static
kms_objects.c:1250:7:KMS_Objects_SearchAttributes	12	static
kms_objects.c:1077:7:KMS_FindObjectsFromTemplate	80	static
kms_objects.c:1296:6:KMS_Objects_u8ptr_2_BlobU32	20	static
kms_objects.c:1346:7:KMS_Objects_BlobU32_2_u8ptr	20	static
kms_objects.c:1405:8:KMS_Objects_ImportBlob	144	static
kms_objects.c:1484:7:KMS_Objects_LockKeys	16	static
kms_objects.c:1509:7:KMS_Objects_LockServices	16	static
kms_objects.c:1540:7:KMS_Objects_CreateNStoreBlobFromTemplates	48	static
kms_objects.c:1646:7:KMS_Objects_CreateNStoreBlobForAES	80	static
kms_objects.c:1720:7:KMS_Objects_CreateNStoreBlobForECCPair	112	static
