kms_nvm_storage.c:97:13:reset	0	static
kms_nvm_storage.c:623:13:null_callback	0	static
kms_nvm_storage.c:632:13:use_slot_callback	0	static
kms_nvm_storage.c:641:13:use_end_callback	0	static
kms_nvm_storage.c:82:21:block_erase	8	static
kms_nvm_storage.c:159:27:check_slot_instance	12	static
kms_nvm_storage.c:249:28:scan_slots	32	static
kms_nvm_storage.c:658:21:use	16	static
kms_nvm_storage.c:541:21:copy_slots	80	static
kms_nvm_storage.c:579:21:validate	40	static
kms_nvm_storage.c:815:21:garbage_collect	8	static
kms_nvm_storage.c:753:21:append_slot	56	static
kms_nvm_storage.c:1171:14:NVMS_Init	48	static
kms_nvm_storage.c:1192:6:NVMS_Deinit	0	static
kms_nvm_storage.c:1208:14:NVMS_Erase	8	static
kms_nvm_storage.c:1248:14:NVMS_WriteDataWithType	56	static
kms_nvm_storage.c:1342:14:NVMS_EraseData	40	static
kms_nvm_storage.c:1430:14:NVMS_GetDataWithType	12	static
