stm32wlxx_hal_flash_ex.c:310:19:HAL_FLASHEx_OBProgram	24	static
stm32wlxx_hal_flash_ex.c:413:6:HAL_FLASHEx_OBGetConfig	8	static
stm32wlxx_hal_flash_ex.c:460:10:HAL_FLASHEx_FlashEmptyCheck	0	static
stm32wlxx_hal_flash_ex.c:477:6:HAL_FLASHEx_ForceFlashEmpty	0	static
stm32wlxx_hal_flash_ex.c:493:6:HAL_FLASHEx_SuspendOperation	0	static
stm32wlxx_hal_flash_ex.c:511:6:HAL_FLASHEx_AllowOperation	0	static
stm32wlxx_hal_flash_ex.c:531:10:HAL_FLASHEx_IsOperationSuspended	0	static
stm32wlxx_hal_flash_ex.c:555:6:HAL_FLASHEx_DisableC2Debug	0	static
stm32wlxx_hal_flash_ex.c:567:6:HAL_FLASHEx_EnableC2Debug	0	static
stm32wlxx_hal_flash_ex.c:578:6:HAL_FLASHEx_EnableSecHideProtection	0	static
stm32wlxx_hal_flash_ex.c:592:6:HAL_FLASHEx_ConfigPrivMode	0	static
stm32wlxx_hal_flash_ex.c:608:10:HAL_FLASHEx_GetPrivMode	0	static
stm32wlxx_hal_flash_ex.c:647:6:FLASH_PageErase	0	static
stm32wlxx_hal_flash_ex.c:174:19:HAL_FLASHEx_Erase	24	static
stm32wlxx_hal_flash_ex.c:246:19:HAL_FLASHEx_Erase_IT	16	static
