stm32wlxx_hal_tim_ex.c:2730:13:TIM_CCxNChannelCmd	8	static
stm32wlxx_hal_tim_ex.c:2685:13:TIM_DMAErrorCCxN	8	static
stm32wlxx_hal_tim_ex.c:2626:13:TIM_DMADelayPulseNCplt	8	static
stm32wlxx_hal_tim_ex.c:305:13:HAL_TIMEx_HallSensor_MspInit	0	static
stm32wlxx_hal_tim_ex.c:159:19:HAL_TIMEx_HallSensor_Init	48	static
stm32wlxx_hal_tim_ex.c:320:13:HAL_TIMEx_HallSensor_MspDeInit	0	static
stm32wlxx_hal_tim_ex.c:260:19:HAL_TIMEx_HallSensor_DeInit	8	static
stm32wlxx_hal_tim_ex.c:335:19:HAL_TIMEx_HallSensor_Start	16	static
stm32wlxx_hal_tim_ex.c:388:19:HAL_TIMEx_HallSensor_Stop	8	static
stm32wlxx_hal_tim_ex.c:415:19:HAL_TIMEx_HallSensor_Start_IT	16	static
stm32wlxx_hal_tim_ex.c:471:19:HAL_TIMEx_HallSensor_Stop_IT	8	static
stm32wlxx_hal_tim_ex.c:503:19:HAL_TIMEx_HallSensor_Start_DMA	24	static
stm32wlxx_hal_tim_ex.c:578:19:HAL_TIMEx_HallSensor_Stop_DMA	8	static
stm32wlxx_hal_tim_ex.c:639:19:HAL_TIMEx_OCN_Start	8	static
stm32wlxx_hal_tim_ex.c:690:19:HAL_TIMEx_OCN_Stop	16	static
stm32wlxx_hal_tim_ex.c:722:19:HAL_TIMEx_OCN_Start_IT	8	static
stm32wlxx_hal_tim_ex.c:804:19:HAL_TIMEx_OCN_Stop_IT	16	static
stm32wlxx_hal_tim_ex.c:873:19:HAL_TIMEx_OCN_Start_DMA	16	static
stm32wlxx_hal_tim_ex.c:1002:19:HAL_TIMEx_OCN_Stop_DMA	16	static
stm32wlxx_hal_tim_ex.c:1097:19:HAL_TIMEx_PWMN_Start	0	static
stm32wlxx_hal_tim_ex.c:1147:19:HAL_TIMEx_PWMN_Stop	0	static
stm32wlxx_hal_tim_ex.c:1179:19:HAL_TIMEx_PWMN_Start_IT	0	static
stm32wlxx_hal_tim_ex.c:1260:19:HAL_TIMEx_PWMN_Stop_IT	0	static
stm32wlxx_hal_tim_ex.c:1330:19:HAL_TIMEx_PWMN_Start_DMA	0	static
stm32wlxx_hal_tim_ex.c:1459:19:HAL_TIMEx_PWMN_Stop_DMA	0	static
stm32wlxx_hal_tim_ex.c:1544:19:HAL_TIMEx_OnePulseN_Start	24	static
stm32wlxx_hal_tim_ex.c:1593:19:HAL_TIMEx_OnePulseN_Stop	16	static
stm32wlxx_hal_tim_ex.c:1632:19:HAL_TIMEx_OnePulseN_Start_IT	24	static
stm32wlxx_hal_tim_ex.c:1687:19:HAL_TIMEx_OnePulseN_Stop_IT	16	static
stm32wlxx_hal_tim_ex.c:1767:19:HAL_TIMEx_ConfigCommutEvent	8	static
stm32wlxx_hal_tim_ex.c:1823:19:HAL_TIMEx_ConfigCommutEvent_IT	8	static
stm32wlxx_hal_tim_ex.c:1880:19:HAL_TIMEx_ConfigCommutEvent_DMA	8	static
stm32wlxx_hal_tim_ex.c:1929:19:HAL_TIMEx_MasterConfigSynchronization	16	static
stm32wlxx_hal_tim_ex.c:2002:19:HAL_TIMEx_ConfigBreakDeadTime	8	static
stm32wlxx_hal_tim_ex.c:2084:19:HAL_TIMEx_ConfigBreakInput	20	static
stm32wlxx_hal_tim_ex.c:2232:19:HAL_TIMEx_RemapConfig	20	static
stm32wlxx_hal_tim_ex.c:2288:19:HAL_TIMEx_GroupChannel5	0	static
stm32wlxx_hal_tim_ex.c:2326:19:HAL_TIMEx_DisarmBreakInput	0	static
stm32wlxx_hal_tim_ex.c:2379:19:HAL_TIMEx_ReArmBreakInput	16	static
stm32wlxx_hal_tim_ex.c:2466:13:HAL_TIMEx_CommutCallback	0	static
stm32wlxx_hal_tim_ex.c:2587:6:TIMEx_DMACommutationCplt	8	static
stm32wlxx_hal_tim_ex.c:2480:13:HAL_TIMEx_CommutHalfCpltCallback	0	static
stm32wlxx_hal_tim_ex.c:2606:6:TIMEx_DMACommutationHalfCplt	8	static
stm32wlxx_hal_tim_ex.c:2495:13:HAL_TIMEx_BreakCallback	0	static
stm32wlxx_hal_tim_ex.c:2510:13:HAL_TIMEx_Break2Callback	0	static
stm32wlxx_hal_tim_ex.c:2543:22:HAL_TIMEx_HallSensor_GetState	0	static
stm32wlxx_hal_tim_ex.c:2558:29:HAL_TIMEx_GetChannelNState	0	static
