core_cm4.h:1933:34:__NVIC_SystemReset	0	static,ignoring_inline_asm
se_low_level.c:552:17:SE_LL_GetPage	0	static
se_low_level.c:86:16:SE_LL_CRC_Config	8	static
se_low_level.c:117:16:SE_LL_CRC_Init	8	static
se_low_level.c:130:16:SE_LL_CRC_DeInit	8	static
se_low_level.c:149:10:SE_LL_CRC_Calculate	0	static
se_low_level.c:168:16:SE_LL_FLASH_Erase	32	static
se_low_level.c:207:16:SE_LL_FLASH_Write	24	static
se_low_level.c:264:16:SE_LL_FLASH_Read	12	static
se_low_level.c:323:16:SE_LL_FLASH_EXT_Decrypt_Init	0	static
se_low_level.c:339:16:SE_LL_Buffer_in_ram	8	static
se_low_level.c:367:16:SE_LL_Buffer_in_SBSFU_ram	8	static
se_low_level.c:395:16:SE_LL_Buffer_part_of_SE_ram	8	static
se_low_level.c:424:16:SE_LL_Buffer_part_of_SE_rom	8	static
se_low_level.c:465:16:SE_LL_Lock_Keys	8	static
se_low_level.c:614:6:NMI_Handler	8	static,ignoring_inline_asm
se_low_level.c:680:6:HardFault_Handler	0	static
se_low_level.c:690:7:SE_LL_CORE_Cleanup	0	static
