sfu_boot.c:1430:13:SFU_BOOT_SM_HandleCriticalFailure	8	static
sfu_boot.c:1120:13:SFU_BOOT_SM_RollbackInstallPrevUserFw	8	static
sfu_boot.c:491:13:SFU_BOOT_SM_CheckNewFwToDownload	8	static
sfu_boot.c:691:13:SFU_BOOT_SM_CheckUserFwStatus	16	static
sfu_boot.c:589:13:SFU_BOOT_SM_InstallKMSBlob	16	static
sfu_boot.c:558:13:SFU_BOOT_SM_CheckKMSBlobToInstall	8	static
sfu_boot.c:910:13:SFU_BOOT_SM_DownloadNewUserFw	32	static
sfu_boot.c:458:13:SFU_BOOT_SM_CheckStatusOnReset	16	static
sfu_boot.c:349:24:SFU_BOOT_DeInit	16	static
sfu_boot.c:1160:13:SFU_BOOT_SM_VerifyUserFwSignature	24	static
sfu_boot.c:241:6:SFU_BOOT_ForceReboot	8	static,ignoring_inline_asm
sfu_boot.c:189:27:SFU_BOOT_RunSecureBootService	24	static
sfu_boot.c:1446:13:SFU_BOOT_SM_RebootStateMachine	8	static
sfu_boot.c:1088:13:SFU_BOOT_SM_ResumeInstallNewUserFw	8	static
sfu_boot.c:1291:13:SFU_BOOT_SM_ExecuteUserFw	24	static
sfu_boot.c:998:13:SFU_BOOT_SM_InstallNewUserFw	16	static
sfu_boot.c:1698:6:HAL_RTCEx_Tamper1EventCallback	0	static
sfu_boot.c:1710:6:MemManage_Handler	0	static
