sfu_fwimg_common.c:1090:17:SFU_IMG_CheckCandidateVersion	32	static
sfu_fwimg_common.c:72:17:MemoryCompare	16	static
sfu_fwimg_common.c:147:17:VerifyFwSignatureScatter.part.0	2160	static
sfu_fwimg_common.c:147:17:VerifyFwSignatureScatter	8	static
sfu_fwimg_common.c:332:17:ParseFWInfo	8	static
sfu_fwimg_common.c:375:17:VerifyFwSignature	40	static
sfu_fwimg_common.c:434:17:VerifySlot	4	static
sfu_fwimg_common.c:457:17:CleanUpSlot	48	static
sfu_fwimg_common.c:511:27:SFU_IMG_InitImageHandling	40	static
sfu_fwimg_common.c:722:17:SFU_IMG_InvalidateCurrentFirmware	8	static
sfu_fwimg_common.c:760:17:SFU_IMG_VerifyActiveImg	16	static
sfu_fwimg_common.c:786:17:SFU_IMG_VerifyActiveSlot	0	static
sfu_fwimg_common.c:799:17:SFU_IMG_VerifyEmptyActiveSlot	0	static
sfu_fwimg_common.c:810:17:SFU_IMG_ControlActiveImgTag	8	static
sfu_fwimg_common.c:842:17:SFU_IMG_LaunchActiveImg	8	static,ignoring_inline_asm
sfu_fwimg_common.c:951:17:SFU_IMG_Validation	32	static
sfu_fwimg_common.c:981:10:SFU_IMG_GetFwImageSlot	8	static
sfu_fwimg_common.c:98:17:VerifyHeaderSignature	16	static
sfu_fwimg_common.c:350:17:CheckAndGetFWHeader	8	static
sfu_fwimg_common.c:743:17:SFU_IMG_VerifyActiveImgMetadata	0	static
sfu_fwimg_common.c:890:10:SFU_IMG_GetActiveFwVersion	328	static
sfu_fwimg_common.c:914:17:SFU_IMG_DetectFW	336	static
sfu_fwimg_common.c:1016:17:SFU_IMG_CheckFwVersion	0	static
