se_interface_kms.c:71:14:SE_KMS_Initialize	16	static
se_interface_kms.c:110:14:SE_KMS_Finalize	16	static
se_interface_kms.c:149:14:SE_KMS_GetInfo	16	static
se_interface_kms.c:188:14:SE_KMS_GetFunctionList	0	static
se_interface_kms.c:283:14:SE_KMS_GetSlotList	32	static
se_interface_kms.c:325:14:SE_KMS_GetSlotInfo	32	static
se_interface_kms.c:368:14:SE_KMS_GetTokenInfo	32	static
se_interface_kms.c:411:14:SE_KMS_GetMechanismInfo	32	static
se_interface_kms.c:454:14:SE_KMS_OpenSession	48	static
se_interface_kms.c:500:14:SE_KMS_CloseSession	16	static
se_interface_kms.c:543:14:SE_KMS_CreateObject	48	static
se_interface_kms.c:588:14:SE_KMS_DestroyObject	32	static
se_interface_kms.c:633:14:SE_KMS_GetAttributeValue	48	static
se_interface_kms.c:679:14:SE_KMS_SetAttributeValue	48	static
se_interface_kms.c:724:14:SE_KMS_FindObjectsInit	32	static
se_interface_kms.c:769:14:SE_KMS_FindObjects	48	static
se_interface_kms.c:813:14:SE_KMS_FindObjectsFinal	16	static
se_interface_kms.c:855:14:SE_KMS_EncryptInit	32	static
se_interface_kms.c:901:14:SE_KMS_Encrypt	48	static
se_interface_kms.c:952:14:SE_KMS_EncryptUpdate	48	static
se_interface_kms.c:1002:14:SE_KMS_EncryptFinal	32	static
se_interface_kms.c:1049:14:SE_KMS_DecryptInit	32	static
se_interface_kms.c:1096:14:SE_KMS_Decrypt	48	static
se_interface_kms.c:1146:14:SE_KMS_DecryptUpdate	48	static
se_interface_kms.c:1197:14:SE_KMS_DecryptFinal	32	static
se_interface_kms.c:1241:14:SE_KMS_DigestInit	32	static
se_interface_kms.c:1285:14:SE_KMS_Digest	48	static
se_interface_kms.c:1332:14:SE_KMS_DigestUpdate	32	static
se_interface_kms.c:1375:14:SE_KMS_DigestFinal	32	static
se_interface_kms.c:1419:14:SE_KMS_SignInit	32	static
se_interface_kms.c:1465:14:SE_KMS_Sign	48	static
se_interface_kms.c:1514:14:SE_KMS_VerifyInit	32	static
se_interface_kms.c:1560:14:SE_KMS_Verify	48	static
se_interface_kms.c:1611:14:SE_KMS_DeriveKey	56	static
se_interface_kms.c:1662:14:SE_KMS_GenerateKeyPair	64	static
se_interface_kms.c:1713:14:SE_KMS_GenerateRandom	32	static
se_interface_kms.c:1754:14:SE_KMS_ImportBlob	32	static
se_interface_kms.c:1792:14:SE_KMS_LockKeys	32	static
se_interface_kms.c:1830:14:SE_KMS_LockServices	32	static
