Archive member included to satisfy reference by file (symbol)

c:/st/stm32cubeide_1.6.1/stm32cubeide/plugins/com.st.stm32cube.ide.mcu.externaltools.gnu-tools-for-stm32.9-2020-q2-update.win32_2.0.0.202105311346/tools/bin/../lib/gcc/arm-none-eabi/9.3.1/../../../../arm-none-eabi/lib/thumb/v7e-m/nofp\libc_nano.a(lib_a-errno.o)
                              ./Application/Core/syscalls.o (__errno)
c:/st/stm32cubeide_1.6.1/stm32cubeide/plugins/com.st.stm32cube.ide.mcu.externaltools.gnu-tools-for-stm32.9-2020-q2-update.win32_2.0.0.202105311346/tools/bin/../lib/gcc/arm-none-eabi/9.3.1/../../../../arm-none-eabi/lib/thumb/v7e-m/nofp\libc_nano.a(lib_a-exit.o)
                              c:/st/stm32cubeide_1.6.1/stm32cubeide/plugins/com.st.stm32cube.ide.mcu.externaltools.gnu-tools-for-stm32.9-2020-q2-update.win32_2.0.0.202105311346/tools/bin/../lib/gcc/arm-none-eabi/9.3.1/../../../../arm-none-eabi/lib/thumb/v7e-m/nofp/crt0.o (exit)
c:/st/stm32cubeide_1.6.1/stm32cubeide/plugins/com.st.stm32cube.ide.mcu.externaltools.gnu-tools-for-stm32.9-2020-q2-update.win32_2.0.0.202105311346/tools/bin/../lib/gcc/arm-none-eabi/9.3.1/../../../../arm-none-eabi/lib/thumb/v7e-m/nofp\libc_nano.a(lib_a-impure.o)
                              c:/st/stm32cubeide_1.6.1/stm32cubeide/plugins/com.st.stm32cube.ide.mcu.externaltools.gnu-tools-for-stm32.9-2020-q2-update.win32_2.0.0.202105311346/tools/bin/../lib/gcc/arm-none-eabi/9.3.1/../../../../arm-none-eabi/lib/thumb/v7e-m/nofp\libc_nano.a(lib_a-exit.o) (_global_impure_ptr)
c:/st/stm32cubeide_1.6.1/stm32cubeide/plugins/com.st.stm32cube.ide.mcu.externaltools.gnu-tools-for-stm32.9-2020-q2-update.win32_2.0.0.202105311346/tools/bin/../lib/gcc/arm-none-eabi/9.3.1/../../../../arm-none-eabi/lib/thumb/v7e-m/nofp\libc_nano.a(lib_a-init.o)
                              c:/st/stm32cubeide_1.6.1/stm32cubeide/plugins/com.st.stm32cube.ide.mcu.externaltools.gnu-tools-for-stm32.9-2020-q2-update.win32_2.0.0.202105311346/tools/bin/../lib/gcc/arm-none-eabi/9.3.1/../../../../arm-none-eabi/lib/thumb/v7e-m/nofp/crt0.o (__libc_init_array)
c:/st/stm32cubeide_1.6.1/stm32cubeide/plugins/com.st.stm32cube.ide.mcu.externaltools.gnu-tools-for-stm32.9-2020-q2-update.win32_2.0.0.202105311346/tools/bin/../lib/gcc/arm-none-eabi/9.3.1/../../../../arm-none-eabi/lib/thumb/v7e-m/nofp\libc_nano.a(lib_a-memcmp.o)
                              ./Application/BFU/App/sfu_fwimg_common.o (memcmp)
c:/st/stm32cubeide_1.6.1/stm32cubeide/plugins/com.st.stm32cube.ide.mcu.externaltools.gnu-tools-for-stm32.9-2020-q2-update.win32_2.0.0.202105311346/tools/bin/../lib/gcc/arm-none-eabi/9.3.1/../../../../arm-none-eabi/lib/thumb/v7e-m/nofp\libc_nano.a(lib_a-memcpy-stub.o)
                              ./Application/BFU/App/sfu_fwimg_common.o (memcpy)
c:/st/stm32cubeide_1.6.1/stm32cubeide/plugins/com.st.stm32cube.ide.mcu.externaltools.gnu-tools-for-stm32.9-2020-q2-update.win32_2.0.0.202105311346/tools/bin/../lib/gcc/arm-none-eabi/9.3.1/../../../../arm-none-eabi/lib/thumb/v7e-m/nofp\libc_nano.a(lib_a-memset.o)
                              c:/st/stm32cubeide_1.6.1/stm32cubeide/plugins/com.st.stm32cube.ide.mcu.externaltools.gnu-tools-for-stm32.9-2020-q2-update.win32_2.0.0.202105311346/tools/bin/../lib/gcc/arm-none-eabi/9.3.1/../../../../arm-none-eabi/lib/thumb/v7e-m/nofp/crt0.o (memset)
c:/st/stm32cubeide_1.6.1/stm32cubeide/plugins/com.st.stm32cube.ide.mcu.externaltools.gnu-tools-for-stm32.9-2020-q2-update.win32_2.0.0.202105311346/tools/bin/../lib/gcc/arm-none-eabi/9.3.1/../../../../arm-none-eabi/lib/thumb/v7e-m/nofp\libc_nano.a(lib_a-printf.o)
                              ./Application/BFU/App/sfu_boot.o (printf)
c:/st/stm32cubeide_1.6.1/stm32cubeide/plugins/com.st.stm32cube.ide.mcu.externaltools.gnu-tools-for-stm32.9-2020-q2-update.win32_2.0.0.202105311346/tools/bin/../lib/gcc/arm-none-eabi/9.3.1/../../../../arm-none-eabi/lib/thumb/v7e-m/nofp\libc_nano.a(lib_a-putchar.o)
                              ./Application/BFU/App/sfu_fwimg_swap.o (putchar)
c:/st/stm32cubeide_1.6.1/stm32cubeide/plugins/com.st.stm32cube.ide.mcu.externaltools.gnu-tools-for-stm32.9-2020-q2-update.win32_2.0.0.202105311346/tools/bin/../lib/gcc/arm-none-eabi/9.3.1/../../../../arm-none-eabi/lib/thumb/v7e-m/nofp\libc_nano.a(lib_a-puts.o)
                              ./Application/BFU/App/sfu_boot.o (puts)
c:/st/stm32cubeide_1.6.1/stm32cubeide/plugins/com.st.stm32cube.ide.mcu.externaltools.gnu-tools-for-stm32.9-2020-q2-update.win32_2.0.0.202105311346/tools/bin/../lib/gcc/arm-none-eabi/9.3.1/../../../../arm-none-eabi/lib/thumb/v7e-m/nofp\libc_nano.a(lib_a-setvbuf.o)
                              ./Application/BFU/App/sfu_com_trace.o (setvbuf)
c:/st/stm32cubeide_1.6.1/stm32cubeide/plugins/com.st.stm32cube.ide.mcu.externaltools.gnu-tools-for-stm32.9-2020-q2-update.win32_2.0.0.202105311346/tools/bin/../lib/gcc/arm-none-eabi/9.3.1/../../../../arm-none-eabi/lib/thumb/v7e-m/nofp\libc_nano.a(lib_a-wbuf.o)
[...]
Memory Configuration

Name             Origin             Length             Attributes
INTVECT_ROM_region 0x0000000008000000 0x0000000000000200 xr
SE_CallGate_ROM_region 0x0000000008000200 0x0000000000000100 xr
SE_Key_region_ROM 0x0000000008000300 0x0000000000000300 xr
SE_Startup_ROM_region 0x0000000008000600 0x0000000000000100 xr
SE_ROM_region    0x0000000008000200 0x0000000000008500 xr
SE_Code_NoKey_ROM_region 0x0000000008000700 0x0000000000008000 xr
User_Key_region_ROM 0x0000000008008400 0x0000000000000300 xr
SE_IF_ROM_region 0x0000000008008700 0x0000000000000f00 xr
SB_ROM_region    0x0000000008009600 0x0000000000009a00 xr
SE_RAM_region    0x0000000020000c00 0x0000000000002800 xrw
SB_RAM_region    0x0000000020003400 0x0000000000004c00 xrw
*default*        0x0000000000000000 0xffffffffffffffff

Linker script and memory map

LOAD c:/st/stm32cubeide_1.6.1/stm32cubeide/plugins/com.st.stm32cube.ide.mcu.externaltools.gnu-tools-for-stm32.9-2020-q2-update.win32_2.0.0.202105311346/tools/bin/../lib/gcc/arm-none-eabi/9.3.1/thumb/v7e-m/nofp/crti.o
LOAD c:/st/stm32cubeide_1.6.1/stm32cubeide/plugins/com.st.stm32cube.ide.mcu.externaltools.gnu-tools-for-stm32.9-2020-q2-update.win32_2.0.0.202105311346/tools/bin/../lib/gcc/arm-none-eabi/9.3.1/thumb/v7e-m/nofp/crtbegin.o
LOAD c:/st/stm32cubeide_1.6.1/stm32cubeide/plugins/com.st.stm32cube.ide.mcu.externaltools.gnu-tools-for-stm32.9-2020-q2-update.win32_2.0.0.202105311346/tools/bin/../lib/gcc/arm-none-eabi/9.3.1/../../../../arm-none-eabi/lib/thumb/v7e-m/nofp/crt0.o
LOAD ./Application/BFU/App/sfu_boot.o
LOAD ./Application/BFU/App/sfu_com_loader.o
LOAD ./Application/BFU/App/sfu_com_trace.o
LOAD ./Application/BFU/App/sfu_error.o
LOAD ./Application/BFU/App/sfu_fwimg_common.o
LOAD ./Application/BFU/App/sfu_fwimg_no_swap.o
LOAD ./Application/BFU/App/sfu_fwimg_swap.o
LOAD ./Application/BFU/App/sfu_interface_crypto_scheme.o
LOAD ./Application/BFU/App/sfu_kms.o
LOAD ./Application/BFU/App/sfu_loader.o
LOAD ./Application/BFU/App/sfu_new_image.o
LOAD ./Application/BFU/App/sfu_test.o
LOAD ./Application/BFU/Target/sfu_low_level.o
LOAD ./Application/BFU/Target/sfu_low_level_flash.o
LOAD ./Application/BFU/Target/sfu_low_level_flash_ext.o
LOAD ./Application/BFU/Target/sfu_low_level_flash_int.o
LOAD ./Application/BFU/Target/sfu_low_level_security.o
LOAD ./Application/Core/main.o
LOAD ./Application/Core/sfu_secorebin_inc.o
LOAD ./Application/Core/stm32wlxx_hal_msp.o
LOAD ./Application/Core/stm32wlxx_it.o
LOAD ./Application/Core/syscalls.o
LOAD ./Application/Core/sysmem.o
LOAD ./Application/Startup/startup_stm32wl55jcix.o
LOAD ./Drivers/BSP/STM32WLxx_Nucleo/stm32wlxx_nucleo.o
LOAD ./Drivers/CMSIS/system_stm32wlxx.o
LOAD ./Drivers/STM32WLxx_HAL_Driver/stm32wlxx_hal.o
LOAD ./Drivers/STM32WLxx_HAL_Driver/stm32wlxx_hal_cortex.o
LOAD ./Drivers/STM32WLxx_HAL_Driver/stm32wlxx_hal_crc.o
LOAD ./Drivers/STM32WLxx_HAL_Driver/stm32wlxx_hal_crc_ex.o
LOAD ./Drivers/STM32WLxx_HAL_Driver/stm32wlxx_hal_exti.o
LOAD ./Drivers/STM32WLxx_HAL_Driver/stm32wlxx_hal_flash.o
LOAD ./Drivers/STM32WLxx_HAL_Driver/stm32wlxx_hal_flash_ex.o
LOAD ./Drivers/STM32WLxx_HAL_Driver/stm32wlxx_hal_gpio.o
LOAD ./Drivers/STM32WLxx_HAL_Driver/stm32wlxx_hal_iwdg.o
LOAD ./Drivers/STM32WLxx_HAL_Driver/stm32wlxx_hal_pwr.o
LOAD ./Drivers/STM32WLxx_HAL_Driver/stm32wlxx_hal_pwr_ex.o
LOAD ./Drivers/STM32WLxx_HAL_Driver/stm32wlxx_hal_rcc.o
LOAD ./Drivers/STM32WLxx_HAL_Driver/stm32wlxx_hal_rcc_ex.o
LOAD ./Drivers/STM32WLxx_HAL_Driver/stm32wlxx_hal_rtc.o
LOAD ./Drivers/STM32WLxx_HAL_Driver/stm32wlxx_hal_rtc_ex.o
LOAD ./Drivers/STM32WLxx_HAL_Driver/stm32wlxx_hal_spi.o
LOAD ./Drivers/STM32WLxx_HAL_Driver/stm32wlxx_hal_spi_ex.o
LOAD ./Drivers/STM32WLxx_HAL_Driver/stm32wlxx_hal_tim.o
LOAD ./Drivers/STM32WLxx_HAL_Driver/stm32wlxx_hal_tim_ex.o
LOAD ./Drivers/STM32WLxx_HAL_Driver/stm32wlxx_hal_uart.o
LOAD ./Drivers/STM32WLxx_HAL_Driver/stm32wlxx_hal_uart_ex.o
LOAD ./Drivers/STM32WLxx_LL_Driver/stm32wlxx_ll_utils.o
LOAD ./Middlewares/STM32_Key_Management_Services/se_interface_kms.o
LOAD ./Middlewares/STM32_Secure_Engine/se_interface_application.o
LOAD ./Middlewares/STM32_Secure_Engine/se_interface_bootloader.o
LOAD ./Middlewares/STM32_Secure_Engine/se_interface_common.o
START GROUP
LOAD c:/st/stm32cubeide_1.6.1/stm32cubeide/plugins/com.st.stm32cube.ide.mcu.externaltools.gnu-tools-for-stm32.9-2020-q2-update.win32_2.0.0.202105311346/tools/bin/../lib/gcc/arm-none-eabi/9.3.1/../../../../arm-none-eabi/lib/thumb/v7e-m/nofp\libc_nano.a
LOAD c:/st/stm32cubeide_1.6.1/stm32cubeide/plugins/com.st.stm32cube.ide.mcu.externaltools.gnu-tools-for-stm32.9-2020-q2-update.win32_2.0.0.202105311346/tools/bin/../lib/gcc/arm-none-eabi/9.3.1/../../../../arm-none-eabi/lib/thumb/v7e-m/nofp\libm.a
END GROUP
START GROUP
LOAD c:/st/stm32cubeide_1.6.1/stm32cubeide/plugins/com.st.stm32cube.ide.mcu.externaltools.gnu-tools-for-stm32.9-2020-q2-update.win32_2.0.0.202105311346/tools/bin/../lib/gcc/arm-none-eabi/9.3.1/thumb/v7e-m/nofp\libgcc.a
LOAD c:/st/stm32cubeide_1.6.1/stm32cubeide/plugins/com.st.stm32cube.ide.mcu.externaltools.gnu-tools-for-stm32.9-2020-q2-update.win32_2.0.0.202105311346/tools/bin/../lib/gcc/arm-none-eabi/9.3.1/../../../../arm-none-eabi/lib/thumb/v7e-m/nofp\libc_nano.a
END GROUP
START GROUP
LOAD c:/st/stm32cubeide_1.6.1/stm32cubeide/plugins/com.st.stm32cube.ide.mcu.externaltools.gnu-tools-for-stm32.9-2020-q2-update.win32_2.0.0.202105311346/tools/bin/../lib/gcc/arm-none-eabi/9.3.1/thumb/v7e-m/nofp\libgcc.a
LOAD c:/st/stm32cubeide_1.6.1/stm32cubeide/plugins/com.st.stm32cube.ide.mcu.externaltools.gnu-tools-for-stm32.9-2020-q2-update.win32_2.0.0.202105311346/tools/bin/../lib/gcc/arm-none-eabi/9.3.1/../../../../arm-none-eabi/lib/thumb/v7e-m/nofp\libc_nano.a
LOAD c:/st/stm32cubeide_1.6.1/stm32cubeide/plugins/com.st.stm32cube.ide.mcu.externaltools.gnu-tools-for-stm32.9-2020-q2-update.win32_2.0.0.202105311346/tools/bin/../lib/gcc/arm-none-eabi/9.3.1/../../../../arm-none-eabi/lib/thumb/v7e-m/nofp\libnosys.a
END GROUP
START GROUP
LOAD c:/st/stm32cubeide_1.6.1/stm32cubeide/plugins/com.st.stm32cube.ide.mcu.externaltools.gnu-tools-for-stm32.9-2020-q2-update.win32_2.0.0.202105311346/tools/bin/../lib/gcc/arm-none-eabi/9.3.1/thumb/v7e-m/nofp\libgcc.a
LOAD c:/st/stm32cubeide_1.6.1/stm32cubeide/plugins/com.st.stm32cube.ide.mcu.externaltools.gnu-tools-for-stm32.9-2020-q2-update.win32_2.0.0.202105311346/tools/bin/../lib/gcc/arm-none-eabi/9.3.1/../../../../arm-none-eabi/lib/thumb/v7e-m/nofp\libc_nano.a
LOAD c:/st/stm32cubeide_1.6.1/stm32cubeide/plugins/com.st.stm32cube.ide.mcu.externaltools.gnu-tools-for-stm32.9-2020-q2-update.win32_2.0.0.202105311346/tools/bin/../lib/gcc/arm-none-eabi/9.3.1/../../../../arm-none-eabi/lib/thumb/v7e-m/nofp\libnosys.a
END GROUP
LOAD c:/st/stm32cubeide_1.6.1/stm32cubeide/plugins/com.st.stm32cube.ide.mcu.externaltools.gnu-tools-for-stm32.9-2020-q2-update.win32_2.0.0.202105311346/tools/bin/../lib/gcc/arm-none-eabi/9.3.1/thumb/v7e-m/nofp/crtend.o
LOAD c:/st/stm32cubeide_1.6.1/stm32cubeide/plugins/com.st.stm32cube.ide.mcu.externaltools.gnu-tools-for-stm32.9-2020-q2-update.win32_2.0.0.202105311346/tools/bin/../lib/gcc/arm-none-eabi/9.3.1/thumb/v7e-m/nofp/crtn.o
                0x0000000020008000                _estack = (SB_region_RAM_end + 0x1)
                0x0000000000000000                _Min_Heap_Size = 0x0
                0x0000000000002000                _Min_Stack_Size = 0x2000
                0x0000000008015000                SWAP_start = 0x8015000
                0x0000000008015fff                SWAP_end = 0x8015fff
                0x000000000802b000                SLOT_Active_1_start = 0x802b000
                0x000000000803ffff                SLOT_Active_1_end = 0x803ffff
                0x000000000802b000                SLOT_Active_1_header = SLOT_Active_1_start
                0x0000000008016000                SLOT_Dwl_1_start = 0x8016000
                0x000000000802afff                SLOT_Dwl_1_end = 0x802afff
                0x0000000000000000                SLOT_Active_2_header = 0x0
                0x0000000000000000                SLOT_Active_2_start = 0x0
                0x0000000000000000                SLOT_Active_2_end = 0x0
                0x0000000000000000                SLOT_Active_3_header = 0x0
                0x0000000000000000                SLOT_Active_3_start = 0x0
                0x0000000000000000                SLOT_Active_3_end = 0x0
                0x0000000000000000                SLOT_Dwl_2_start = 0x0
                0x0000000000000000                SLOT_Dwl_2_end = 0x0
                0x0000000000000000                SLOT_Dwl_3_start = 0x0
                0x0000000000000000                SLOT_Dwl_3_end = 0x0
                0x0000000008000000                INTVECT_start = 0x8000000
                0x0000000000000200                Vector_size = 0x200
                0x0000000008000200                SE_Code_region_ROM_start = (INTVECT_start + Vector_size)
                0x0000000008000200                SE_CallGate_region_ROM_start = SE_Code_region_ROM_start
                0x00000000080002ff                SE_CallGate_region_ROM_end = (SE_Code_region_ROM_start + 0xff)
                0x0000000008000300                SE_Key_region_ROM_start = (SE_CallGate_region_ROM_end + 0x1)
                0x00000000080005ff                SE_Key_region_ROM_end = (SE_Key_region_ROM_start + 0x2ff)
                0x0000000008000600                SE_Startup_region_ROM_start = (SE_Key_region_ROM_end + 0x1)
                0x0000000008000700                SE_Code_NoKey_region_ROM_start = (SE_Startup_region_ROM_start + 0x100)
                0x00000000080086ff                SE_Code_region_ROM_end = (SE_Startup_region_ROM_start + 0x80ff)
                0x0000000008008400                User_Key_region_ROM_start = (SE_Code_region_ROM_end - 0x2ff)
                0x00000000080086ff                User_Key_region_ROM_end = SE_Code_region_ROM_end
                0x0000000008008700                SE_IF_region_ROM_start = (SE_Code_region_ROM_end + 0x1)
                0x00000000080095ff                SE_IF_region_ROM_end = (SE_IF_region_ROM_start + 0xeff)
                0x0000000008009600                SB_region_ROM_start = (SE_IF_region_ROM_end + 0x1)
                0x0000000008012fff                SB_region_ROM_end = 0x8012fff
                0x0000000008013000                KMS_DataStorage_start = 0x8013000
                0x0000000008014fff                KMS_DataStorage_end = 0x8014fff
                0x0000000000000100                SE_CallGate_region_ROM_size = ((SE_CallGate_region_ROM_end - SE_CallGate_region_ROM_start) + 0x1)
                0x0000000000000300                SE_Key_region_ROM_size = ((SE_Key_region_ROM_end - SE_Key_region_ROM_start) + 0x1)
                0x0000000000000100                SE_Startup_region_ROM_size = (SE_Code_NoKey_region_ROM_start - SE_Startup_region_ROM_start)
                0x0000000000008500                SE_Code_region_ROM_size = ((SE_Code_region_ROM_end - SE_Code_region_ROM_start) + 0x1)
                0x0000000000008000                SE_Code_NoKey_region_ROM_size = ((SE_Code_region_ROM_end - SE_Code_NoKey_region_ROM_start) + 0x1)
                0x0000000000000300                User_Key_region_ROM_size = ((User_Key_region_ROM_end - User_Key_region_ROM_start) + 0x1)
                0x0000000000000f00                SE_IF_region_ROM_size = ((SE_IF_region_ROM_end - SE_IF_region_ROM_start) + 0x1)
                0x0000000000009a00                SB_region_ROM_size = ((SB_region_ROM_end - SB_region_ROM_start) + 0x1)
                0x0000000000002000                KMS_DataStorage_size = ((KMS_DataStorage_end - KMS_DataStorage_start) + 0x1)
                0x0000000020000000                SE_region_RAM_start = 0x20000000
                0x0000000020000c00                SE_region_RAM_stack_top = 0x20000c00
                0x00000000200033ff                SE_region_RAM_end = 0x200033ff
                0x0000000020003400                SB_region_RAM_start = (SE_region_RAM_end + 0x1)
                0x0000000020007fff                SB_region_RAM_end = 0x20007fff
                0x0000000000002800                SE_region_RAM_size = ((SE_region_RAM_end - SE_region_RAM_stack_top) + 0x1)
                0x0000000000004c00                SB_region_RAM_size = ((SB_region_RAM_end - SB_region_RAM_start) + 0x1)

.isr_vector     0x0000000008000000      0x138
                0x0000000008000000                . = ALIGN (0x8)
 *(.isr_vector)
 .isr_vector    0x0000000008000000      0x138 ./Application/Startup/startup_stm32wl55jcix.o
                0x0000000008000000                g_pfnVectors
                0x0000000008000138                . = ALIGN (0x8)

SE_CORE_Bin     0x0000000008000200     0x83d0
 *(SE_CORE_Bin)
 SE_CORE_Bin    0x0000000008000200     0x83d0 ./Application/Core/sfu_secorebin_inc.o

.SE_IF_Code     0x0000000008008700      0xd70
 *se_interface_application.o(.text .text*)
 .text          0x0000000008008700        0x0 ./Middlewares/STM32_Secure_Engine/se_interface_application.o
 .text.SE_APP_GetActiveFwInfo
                0x0000000008008700       0x30 ./Middlewares/STM32_Secure_Engine/se_interface_application.o
                0x0000000008008700                SE_APP_GetActiveFwInfo
 *se_interface_bootloader.o(.text .text*)
 .text          0x0000000008008730        0x0 ./Middlewares/STM32_Secure_Engine/se_interface_bootloader.o
 .text.SE_Init  0x0000000008008730       0x4c ./Middlewares/STM32_Secure_Engine/se_interface_bootloader.o
                0x0000000008008730                SE_Init
 .text.SE_Startup
                0x000000000800877c       0x48 ./Middlewares/STM32_Secure_Engine/se_interface_bootloader.o
                0x000000000800877c                SE_Startup
 .text.SE_LockRestrictServices
                0x00000000080087c4       0x48 ./Middlewares/STM32_Secure_Engine/se_interface_bootloader.o
                0x00000000080087c4                SE_LockRestrictServices
 .text.SE_CM0_Update
                0x000000000800880c       0x48 ./Middlewares/STM32_Secure_Engine/se_interface_bootloader.o
                0x000000000800880c                SE_CM0_Update
 .text.SE_ExtFlash_Decrypt_Init
                0x0000000008008854       0x4c ./Middlewares/STM32_Secure_Engine/se_interface_bootloader.o
                0x0000000008008854                SE_ExtFlash_Decrypt_Init
 .text.SE_SFU_IMG_Read
                0x00000000080088a0       0x54 ./Middlewares/STM32_Secure_Engine/se_interface_bootloader.o
                0x00000000080088a0                SE_SFU_IMG_Read
 .text.SE_SFU_IMG_Write
                0x00000000080088f4       0x54 ./Middlewares/STM32_Secure_Engine/se_interface_bootloader.o
                0x00000000080088f4                SE_SFU_IMG_Write
 .text.SE_SFU_IMG_Erase
                0x0000000008008948       0x50 ./Middlewares/STM32_Secure_Engine/se_interface_bootloader.o
                0x0000000008008948                SE_SFU_IMG_Erase
 .text.SE_Decrypt_Init
                0x0000000008008998       0x54 ./Middlewares/STM32_Secure_Engine/se_interface_bootloader.o
                0x0000000008008998                SE_Decrypt_Init
 .text.SE_Decrypt_Append
                0x00000000080089ec       0x58 ./Middlewares/STM32_Secure_Engine/se_interface_bootloader.o
                0x00000000080089ec                SE_Decrypt_Append
 .text.SE_Decrypt_Finish
                0x0000000008008a44       0x50 ./Middlewares/STM32_Secure_Engine/se_interface_bootloader.o
                0x0000000008008a44                SE_Decrypt_Finish
 .text.SE_AuthenticateFW_Init
                0x0000000008008a94       0x54 ./Middlewares/STM32_Secure_Engine/se_interface_bootloader.o
                0x0000000008008a94                SE_AuthenticateFW_Init
 .text.SE_AuthenticateFW_Append
                0x0000000008008ae8       0x58 ./Middlewares/STM32_Secure_Engine/se_interface_bootloader.o
                0x0000000008008ae8                SE_AuthenticateFW_Append
 .text.SE_AuthenticateFW_Finish
                0x0000000008008b40       0x50 ./Middlewares/STM32_Secure_Engine/se_interface_bootloader.o
                0x0000000008008b40                SE_AuthenticateFW_Finish
 .text.SE_VerifyHeaderSignature
                0x0000000008008b90       0x4c ./Middlewares/STM32_Secure_Engine/se_interface_bootloader.o
                0x0000000008008b90                SE_VerifyHeaderSignature
 *se_interface_common.o(.text .text*)
 .text          0x0000000008008bdc        0x0 ./Middlewares/STM32_Secure_Engine/se_interface_common.o
 .text.SE_EnterSecureMode
                0x0000000008008bdc        0xa ./Middlewares/STM32_Secure_Engine/se_interface_common.o
                0x0000000008008bdc                SE_EnterSecureMode
 .text.SE_ExitSecureMode
                0x0000000008008be6        0x8 ./Middlewares/STM32_Secure_Engine/se_interface_common.o
                0x0000000008008be6                SE_ExitSecureMode
 *se_interface_kms.o(.text .text*)
 .text          0x0000000008008bee        0x0 ./Middlewares/STM32_Key_Management_Services/se_interface_kms.o
 *fill*         0x0000000008008bee        0x2 
 .text.SE_KMS_Initialize
                0x0000000008008bf0       0x30 ./Middlewares/STM32_Key_Management_Services/se_interface_kms.o
                0x0000000008008bf0                SE_KMS_Initialize
 .text.SE_KMS_Finalize
                0x0000000008008c20       0x30 ./Middlewares/STM32_Key_Management_Services/se_interface_kms.o
                0x0000000008008c20                SE_KMS_Finalize
 .text.SE_KMS_GetInfo
                0x0000000008008c50       0x30 ./Middlewares/STM32_Key_Management_Services/se_interface_kms.o
                0x0000000008008c50                SE_KMS_GetInfo
 .text.SE_KMS_GetFunctionList
                0x0000000008008c80        0x4 ./Middlewares/STM32_Key_Management_Services/se_interface_kms.o
                0x0000000008008c80                SE_KMS_GetFunctionList
 .text.SE_KMS_GetSlotList
                0x0000000008008c84       0x38 ./Middlewares/STM32_Key_Management_Services/se_interface_kms.o
                0x0000000008008c84                SE_KMS_GetSlotList
 .text.SE_KMS_GetSlotInfo
                0x0000000008008cbc       0x34 ./Middlewares/STM32_Key_Management_Services/se_interface_kms.o
                0x0000000008008cbc                SE_KMS_GetSlotInfo
 .text.SE_KMS_GetTokenInfo
                0x0000000008008cf0       0x34 ./Middlewares/STM32_Key_Management_Services/se_interface_kms.o
                0x0000000008008cf0                SE_KMS_GetTokenInfo
 .text.SE_KMS_GetMechanismInfo
                0x0000000008008d24       0x38 ./Middlewares/STM32_Key_Management_Services/se_interface_kms.o
                0x0000000008008d24                SE_KMS_GetMechanismInfo
 .text.SE_KMS_OpenSession
                0x0000000008008d5c       0x40 ./Middlewares/STM32_Key_Management_Services/se_interface_kms.o
                0x0000000008008d5c                SE_KMS_OpenSession
 .text.SE_KMS_CloseSession
                0x0000000008008d9c       0x30 ./Middlewares/STM32_Key_Management_Services/se_interface_kms.o
                0x0000000008008d9c                SE_KMS_CloseSession
 .text.SE_KMS_CreateObject
                0x0000000008008dcc       0x3c ./Middlewares/STM32_Key_Management_Services/se_interface_kms.o
                0x0000000008008dcc                SE_KMS_CreateObject
 .text.SE_KMS_DestroyObject
                0x0000000008008e08       0x34 ./Middlewares/STM32_Key_Management_Services/se_interface_kms.o
                0x0000000008008e08                SE_KMS_DestroyObject
 .text.SE_KMS_GetAttributeValue
                0x0000000008008e3c       0x3c ./Middlewares/STM32_Key_Management_Services/se_interface_kms.o
                0x0000000008008e3c                SE_KMS_GetAttributeValue
 .text.SE_KMS_SetAttributeValue
                0x0000000008008e78       0x3c ./Middlewares/STM32_Key_Management_Services/se_interface_kms.o
                0x0000000008008e78                SE_KMS_SetAttributeValue
 .text.SE_KMS_FindObjectsInit
                0x0000000008008eb4       0x38 ./Middlewares/STM32_Key_Management_Services/se_interface_kms.o
                0x0000000008008eb4                SE_KMS_FindObjectsInit
 .text.SE_KMS_FindObjects
                0x0000000008008eec       0x3c ./Middlewares/STM32_Key_Management_Services/se_interface_kms.o
                0x0000000008008eec                SE_KMS_FindObjects
 .text.SE_KMS_FindObjectsFinal
                0x0000000008008f28       0x30 ./Middlewares/STM32_Key_Management_Services/se_interface_kms.o
                0x0000000008008f28                SE_KMS_FindObjectsFinal
 .text.SE_KMS_EncryptInit
                0x0000000008008f58       0x38 ./Middlewares/STM32_Key_Management_Services/se_interface_kms.o
                0x0000000008008f58                SE_KMS_EncryptInit
 .text.SE_KMS_Encrypt
                0x0000000008008f90       0x40 ./Middlewares/STM32_Key_Management_Services/se_interface_kms.o
                0x0000000008008f90                SE_KMS_Encrypt
 .text.SE_KMS_EncryptUpdate
                0x0000000008008fd0       0x40 ./Middlewares/STM32_Key_Management_Services/se_interface_kms.o
                0x0000000008008fd0                SE_KMS_EncryptUpdate
 .text.SE_KMS_EncryptFinal
                0x0000000008009010       0x38 ./Middlewares/STM32_Key_Management_Services/se_interface_kms.o
                0x0000000008009010                SE_KMS_EncryptFinal
 .text.SE_KMS_DecryptInit
                0x0000000008009048       0x38 ./Middlewares/STM32_Key_Management_Services/se_interface_kms.o
                0x0000000008009048                SE_KMS_DecryptInit
 .text.SE_KMS_Decrypt
                0x0000000008009080       0x40 ./Middlewares/STM32_Key_Management_Services/se_interface_kms.o
                0x0000000008009080                SE_KMS_Decrypt
 .text.SE_KMS_DecryptUpdate
                0x00000000080090c0       0x40 ./Middlewares/STM32_Key_Management_Services/se_interface_kms.o
                0x00000000080090c0                SE_KMS_DecryptUpdate
 .text.SE_KMS_DecryptFinal
                0x0000000008009100       0x38 ./Middlewares/STM32_Key_Management_Services/se_interface_kms.o
                0x0000000008009100                SE_KMS_DecryptFinal
 .text.SE_KMS_DigestInit
                0x0000000008009138       0x34 ./Middlewares/STM32_Key_Management_Services/se_interface_kms.o
                0x0000000008009138                SE_KMS_DigestInit
 .text.SE_KMS_Digest
                0x000000000800916c       0x40 ./Middlewares/STM32_Key_Management_Services/se_interface_kms.o
                0x000000000800916c                SE_KMS_Digest
 .text.SE_KMS_DigestUpdate
                0x00000000080091ac       0x38 ./Middlewares/STM32_Key_Management_Services/se_interface_kms.o
                0x00000000080091ac                SE_KMS_DigestUpdate
 .text.SE_KMS_DigestFinal
                0x00000000080091e4       0x38 ./Middlewares/STM32_Key_Management_Services/se_interface_kms.o
                0x00000000080091e4                SE_KMS_DigestFinal
 .text.SE_KMS_SignInit
                0x000000000800921c       0x38 ./Middlewares/STM32_Key_Management_Services/se_interface_kms.o
                0x000000000800921c                SE_KMS_SignInit
 .text.SE_KMS_Sign
                0x0000000008009254       0x40 ./Middlewares/STM32_Key_Management_Services/se_interface_kms.o
                0x0000000008009254                SE_KMS_Sign
 .text.SE_KMS_VerifyInit
                0x0000000008009294       0x38 ./Middlewares/STM32_Key_Management_Services/se_interface_kms.o
                0x0000000008009294                SE_KMS_VerifyInit
 .text.SE_KMS_Verify
                0x00000000080092cc       0x40 ./Middlewares/STM32_Key_Management_Services/se_interface_kms.o
                0x00000000080092cc                SE_KMS_Verify
 .text.SE_KMS_DeriveKey
                0x000000000800930c       0x44 ./Middlewares/STM32_Key_Management_Services/se_interface_kms.o
                0x000000000800930c                SE_KMS_DeriveKey
 .text.SE_KMS_GenerateKeyPair
                0x0000000008009350       0x4c ./Middlewares/STM32_Key_Management_Services/se_interface_kms.o
                0x0000000008009350                SE_KMS_GenerateKeyPair
 .text.SE_KMS_GenerateRandom
                0x000000000800939c       0x38 ./Middlewares/STM32_Key_Management_Services/se_interface_kms.o
                0x000000000800939c                SE_KMS_GenerateRandom
 .text.SE_KMS_ImportBlob
                0x00000000080093d4       0x34 ./Middlewares/STM32_Key_Management_Services/se_interface_kms.o
                0x00000000080093d4                SE_KMS_ImportBlob
 .text.SE_KMS_LockKeys
                0x0000000008009408       0x34 ./Middlewares/STM32_Key_Management_Services/se_interface_kms.o
                0x0000000008009408                SE_KMS_LockKeys
 .text.SE_KMS_LockServices
                0x000000000800943c       0x34 ./Middlewares/STM32_Key_Management_Services/se_interface_kms.o
                0x000000000800943c                SE_KMS_LockServices

.text           0x0000000008009600     0x68f8
                0x0000000008009600                . = ALIGN (0x8)
 *(.text)
 .text          0x0000000008009600       0x40 c:/st/stm32cubeide_1.6.1/stm32cubeide/plugins/com.st.stm32cube.ide.mcu.externaltools.gnu-tools-for-stm32.9-2020-q2-update.win32_2.0.0.202105311346/tools/bin/../lib/gcc/arm-none-eabi/9.3.1/thumb/v7e-m/nofp/crtbegin.o
 .text          0x0000000008009640       0xa0 c:/st/stm32cubeide_1.6.1/stm32cubeide/plugins/com.st.stm32cube.ide.mcu.externaltools.gnu-tools-for-stm32.9-2020-q2-update.win32_2.0.0.202105311346/tools/bin/../lib/gcc/arm-none-eabi/9.3.1/../../../../arm-none-eabi/lib/thumb/v7e-m/nofp\libc_nano.a(lib_a-memchr.o)
                0x0000000008009640                memchr
 .text          0x00000000080096e0       0x30 c:/st/stm32cubeide_1.6.1/stm32cubeide/plugins/com.st.stm32cube.ide.mcu.externaltools.gnu-tools-for-stm32.9-2020-q2-update.win32_2.0.0.202105311346/tools/bin/../lib/gcc/arm-none-eabi/9.3.1/thumb/v7e-m/nofp\libgcc.a(_aeabi_uldivmod.o)
                0x00000000080096e0                __aeabi_uldivmod
 .text          0x0000000008009710      0x2c0 c:/st/stm32cubeide_1.6.1/stm32cubeide/plugins/com.st.stm32cube.ide.mcu.externaltools.gnu-tools-for-stm32.9-2020-q2-update.win32_2.0.0.202105311346/tools/bin/../lib/gcc/arm-none-eabi/9.3.1/thumb/v7e-m/nofp\libgcc.a(_udivmoddi4.o)
                0x0000000008009710                __udivmoddi4
 .text          0x00000000080099d0        0x4 c:/st/stm32cubeide_1.6.1/stm32cubeide/plugins/com.st.stm32cube.ide.mcu.externaltools.gnu-tools-for-stm32.9-2020-q2-update.win32_2.0.0.202105311346/tools/bin/../lib/gcc/arm-none-eabi/9.3.1/thumb/v7e-m/nofp\libgcc.a(_dvmd_tls.o)
                0x00000000080099d0                __aeabi_idiv0
                0x00000000080099d0                __aeabi_ldiv0
 *(.text*)
 .text.SFU_BOOT_SM_HandleCriticalFailure
                0x00000000080099d4       0x20 ./Application/BFU/App/sfu_boot.o
 .text.SFU_BOOT_SM_RollbackInstallPrevUserFw
                0x00000000080099f4       0x20 ./Application/BFU/App/sfu_boot.o
 .text.SFU_BOOT_SM_CheckNewFwToDownload
                0x0000000008009a14       0x48 ./Application/BFU/App/sfu_boot.o
 .text.SFU_BOOT_SM_CheckUserFwStatus
                0x0000000008009a5c      0x168 ./Application/BFU/App/sfu_boot.o
 .text.SFU_BOOT_SM_InstallKMSBlob
                0x0000000008009bc4       0xc8 ./Application/BFU/App/sfu_boot.o
 .text.SFU_BOOT_SM_CheckKMSBlobToInstall
                0x0000000008009c8c       0x3c ./Application/BFU/App/sfu_boot.o
 .text.SFU_BOOT_SM_DownloadNewUserFw
                0x0000000008009cc8       0xb4 ./Application/BFU/App/sfu_boot.o
 .text.SFU_BOOT_SM_CheckStatusOnReset
                0x0000000008009d7c       0x84 ./Application/BFU/App/sfu_boot.o
 .text.SFU_BOOT_DeInit
                0x0000000008009e00       0x34 ./Application/BFU/App/sfu_boot.o
 .text.SFU_BOOT_SM_VerifyUserFwSignature
                0x0000000008009e34       0xf0 ./Application/BFU/App/sfu_boot.o
 .text.SFU_BOOT_ForceReboot
                0x0000000008009f24       0x38 ./Application/BFU/App/sfu_boot.o
                0x0000000008009f24                SFU_BOOT_ForceReboot
 .text.SFU_BOOT_RunSecureBootService
                0x0000000008009f5c      0x13c ./Application/BFU/App/sfu_boot.o
                0x0000000008009f5c                SFU_BOOT_RunSecureBootService
 .text.SFU_BOOT_SM_RebootStateMachine
                0x000000000800a098       0x14 ./Application/BFU/App/sfu_boot.o
 .text.SFU_BOOT_SM_ResumeInstallNewUserFw
                0x000000000800a0ac       0x40 ./Application/BFU/App/sfu_boot.o
 .text.SFU_BOOT_SM_ExecuteUserFw
                0x000000000800a0ec       0xdc ./Application/BFU/App/sfu_boot.o
 .text.SFU_BOOT_SM_InstallNewUserFw
                0x000000000800a1c8       0xa0 ./Application/BFU/App/sfu_boot.o
 .text.MemManage_Handler
                0x000000000800a268        0x6 ./Application/BFU/App/sfu_boot.o
                0x000000000800a268                MemManage_Handler
 .text.SFU_COM_Serial_PutByte
                0x000000000800a26e       0x18 ./Application/BFU/App/sfu_com_loader.o
                0x000000000800a26e                SFU_COM_Serial_PutByte
 *fill*         0x000000000800a286        0x2 
 .text.SFU_COM_YMODEM_Receive
                0x000000000800a288      0x388 ./Application/BFU/App/sfu_com_loader.o
                0x000000000800a288                SFU_COM_YMODEM_Receive
 .text.SFU_COM_Init
                0x000000000800a610       0x20 ./Application/BFU/App/sfu_com_trace.o
                0x000000000800a610                SFU_COM_Init
 .text.SFU_COM_DeInit
                0x000000000800a630        0x4 ./Application/BFU/App/sfu_com_trace.o
                0x000000000800a630                SFU_COM_DeInit
 .text.SFU_COM_Serial_PutString
                0x000000000800a634       0x1a ./Application/BFU/App/sfu_com_trace.o
                0x000000000800a634                SFU_COM_Serial_PutString
 .text.__io_putchar
                0x000000000800a64e       0x18 ./Application/BFU/App/sfu_com_trace.o
                0x000000000800a64e                __io_putchar
 *fill*         0x000000000800a666        0x2 
 .text.SFU_EXCPT_SetError
                0x000000000800a668       0x1c ./Application/BFU/App/sfu_error.o
                0x000000000800a668                SFU_EXCPT_SetError
 .text.SFU_EXCPT_IrqExceptionHandler
                0x000000000800a684       0x48 ./Application/BFU/App/sfu_error.o
                0x000000000800a684                SFU_EXCPT_IrqExceptionHandler
 .text.SFU_EXCPT_Security_Error
                0x000000000800a6cc       0x38 ./Application/BFU/App/sfu_error.o
                0x000000000800a6cc                SFU_EXCPT_Security_Error
 .text.SFU_EXCPT_Init
                0x000000000800a704        0x8 ./Application/BFU/App/sfu_error.o
                0x000000000800a704                SFU_EXCPT_Init
 .text.SFU_EXCPT_DeInit
                0x000000000800a70c        0x8 ./Application/BFU/App/sfu_error.o
                0x000000000800a70c                SFU_EXCPT_DeInit
 .text.SFU_IMG_CheckCandidateVersion
                0x000000000800a714       0xcc ./Application/BFU/App/sfu_fwimg_common.o
                0x000000000800a714                SFU_IMG_CheckCandidateVersion
 .text.MemoryCompare
                0x000000000800a7e0       0x28 ./Application/BFU/App/sfu_fwimg_common.o
                0x000000000800a7e0                MemoryCompare
 .text.VerifyFwSignatureScatter.part.0
                0x000000000800a808      0x1f8 ./Application/BFU/App/sfu_fwimg_common.o
 .text.VerifyFwSignatureScatter
                0x000000000800aa00       0x26 ./Application/BFU/App/sfu_fwimg_common.o
                0x000000000800aa00                VerifyFwSignatureScatter
 *fill*         0x000000000800aa26        0x2 
 .text.ParseFWInfo
                0x000000000800aa28       0x1c ./Application/BFU/App/sfu_fwimg_common.o
                0x000000000800aa28                ParseFWInfo
 .text.VerifyFwSignature
                0x000000000800aa44       0x64 ./Application/BFU/App/sfu_fwimg_common.o
                0x000000000800aa44                VerifyFwSignature
 .text.VerifySlot
                0x000000000800aaa8       0x1a ./Application/BFU/App/sfu_fwimg_common.o
                0x000000000800aaa8                VerifySlot
 *fill*         0x000000000800aac2        0x2 
 .text.CleanUpSlot
                0x000000000800aac4       0x68 ./Application/BFU/App/sfu_fwimg_common.o
                0x000000000800aac4                CleanUpSlot
 .text.SFU_IMG_InitImageHandling
                0x000000000800ab2c      0x124 ./Application/BFU/App/sfu_fwimg_common.o
                0x000000000800ab2c                SFU_IMG_InitImageHandling
 .text.SFU_IMG_InvalidateCurrentFirmware
                0x000000000800ac50       0x2c ./Application/BFU/App/sfu_fwimg_common.o
                0x000000000800ac50                SFU_IMG_InvalidateCurrentFirmware
 .text.SFU_IMG_VerifyActiveImg
                0x000000000800ac7c       0x20 ./Application/BFU/App/sfu_fwimg_common.o
                0x000000000800ac7c                SFU_IMG_VerifyActiveImg
 .text.SFU_IMG_VerifyActiveSlot
                0x000000000800ac9c       0x28 ./Application/BFU/App/sfu_fwimg_common.o
                0x000000000800ac9c                SFU_IMG_VerifyActiveSlot
 .text.SFU_IMG_VerifyEmptyActiveSlot
                0x000000000800acc4       0x20 ./Application/BFU/App/sfu_fwimg_common.o
                0x000000000800acc4                SFU_IMG_VerifyEmptyActiveSlot
 .text.SFU_IMG_ControlActiveImgTag
                0x000000000800ace4       0x40 ./Application/BFU/App/sfu_fwimg_common.o
                0x000000000800ace4                SFU_IMG_ControlActiveImgTag
 .text.SFU_IMG_LaunchActiveImg
                0x000000000800ad24       0x3c ./Application/BFU/App/sfu_fwimg_common.o
                0x000000000800ad24                SFU_IMG_LaunchActiveImg
 .text.SFU_IMG_Validation
                0x000000000800ad60       0x84 ./Application/BFU/App/sfu_fwimg_common.o
                0x000000000800ad60                SFU_IMG_Validation
 .text.SFU_IMG_GetFwImageSlot
                0x000000000800ade4       0x18 ./Application/BFU/App/sfu_fwimg_common.o
                0x000000000800ade4                SFU_IMG_GetFwImageSlot
 .text.VerifyHeaderSignature
                0x000000000800adfc       0x58 ./Application/BFU/App/sfu_fwimg_common.o
                0x000000000800adfc                VerifyHeaderSignature
 .text.CheckAndGetFWHeader
                0x000000000800ae54       0x30 ./Application/BFU/App/sfu_fwimg_common.o
                0x000000000800ae54                CheckAndGetFWHeader
 .text.SFU_IMG_VerifyActiveImgMetadata
                0x000000000800ae84        0xc ./Application/BFU/App/sfu_fwimg_common.o
                0x000000000800ae84                SFU_IMG_VerifyActiveImgMetadata
 .text.SFU_IMG_GetActiveFwVersion
                0x000000000800ae90       0x20 ./Application/BFU/App/sfu_fwimg_common.o
                0x000000000800ae90                SFU_IMG_GetActiveFwVersion
 .text.SFU_IMG_DetectFW
                0x000000000800aeb0       0x54 ./Application/BFU/App/sfu_fwimg_common.o
                0x000000000800aeb0                SFU_IMG_DetectFW
 .text.SFU_IMG_CheckFwVersion
                0x000000000800af04       0x2c ./Application/BFU/App/sfu_fwimg_common.o
                0x000000000800af04                SFU_IMG_CheckFwVersion
 .text.CleanMagicValue
                0x000000000800af30       0x50 ./Application/BFU/App/sfu_fwimg_swap.o
 .text.EraseSlotIndex
                0x000000000800af80       0x98 ./Application/BFU/App/sfu_fwimg_swap.o
 .text.FirmwareToInstall.constprop.0
                0x000000000800b018       0x98 ./Application/BFU/App/sfu_fwimg_swap.o
 .text.DecryptImageInDwlSlot.constprop.0
                0x000000000800b0b0      0x260 ./Application/BFU/App/sfu_fwimg_swap.o
 .text.FirmwareToResume.constprop.0
                0x000000000800b310      0x234 ./Application/BFU/App/sfu_fwimg_swap.o
 .text.SwapFirmwareImages.constprop.0
                0x000000000800b544      0x5a8 ./Application/BFU/App/sfu_fwimg_swap.o
 .text.SFU_IMG_CheckSwapImageHandling
                0x000000000800baec      0x108 ./Application/BFU/App/sfu_fwimg_swap.o
                0x000000000800baec                SFU_IMG_CheckSwapImageHandling
 .text.SFU_IMG_CheckPendingInstallation
                0x000000000800bbf4       0x50 ./Application/BFU/App/sfu_fwimg_swap.o
                0x000000000800bbf4                SFU_IMG_CheckPendingInstallation
 .text.SFU_IMG_GetTrailerSize
                0x000000000800bc44       0x2c ./Application/BFU/App/sfu_fwimg_swap.o
                0x000000000800bc44                SFU_IMG_GetTrailerSize
 .text.SFU_IMG_EraseDownloadedImg
                0x000000000800bc70       0xa0 ./Application/BFU/App/sfu_fwimg_swap.o
                0x000000000800bc70                SFU_IMG_EraseDownloadedImg
 .text.SFU_IMG_TriggerImageInstallation
                0x000000000800bd10      0x1d0 ./Application/BFU/App/sfu_fwimg_swap.o
                0x000000000800bd10                SFU_IMG_TriggerImageInstallation
 .text.SFU_IMG_TriggerResumeInstallation
                0x000000000800bee0       0x4c ./Application/BFU/App/sfu_fwimg_swap.o
                0x000000000800bee0                SFU_IMG_TriggerResumeInstallation
 .text.SFU_Decrypt_Init
                0x000000000800bf2c       0x88 ./Application/BFU/App/sfu_interface_crypto_scheme.o
                0x000000000800bf2c                SFU_Decrypt_Init
 .text.SFU_Decrypt_Append
                0x000000000800bfb4       0x44 ./Application/BFU/App/sfu_interface_crypto_scheme.o
                0x000000000800bfb4                SFU_Decrypt_Append
 .text.SFU_Decrypt_Finish
                0x000000000800bff8       0x6c ./Application/BFU/App/sfu_interface_crypto_scheme.o
                0x000000000800bff8                SFU_Decrypt_Finish
 .text.SFU_AuthenticateFW_Init
                0x000000000800c064       0x68 ./Application/BFU/App/sfu_interface_crypto_scheme.o
                0x000000000800c064                SFU_AuthenticateFW_Init
 .text.SFU_AuthenticateFW_Append
                0x000000000800c0cc       0x34 ./Application/BFU/App/sfu_interface_crypto_scheme.o
                0x000000000800c0cc                SFU_AuthenticateFW_Append
 .text.SFU_AuthenticateFW_Finish
                0x000000000800c100       0x4c ./Application/BFU/App/sfu_interface_crypto_scheme.o
                0x000000000800c100                SFU_AuthenticateFW_Finish
 .text.SFU_VerifyHeaderSignature
                0x000000000800c14c      0x108 ./Application/BFU/App/sfu_interface_crypto_scheme.o
                0x000000000800c14c                SFU_VerifyHeaderSignature
 .text.SFU_KMS_BlobToInstall
                0x000000000800c254       0x4c ./Application/BFU/App/sfu_kms.o
                0x000000000800c254                SFU_KMS_BlobToInstall
 .text.SFU_KMS_GetBlobInstallInfo
                0x000000000800c2a0       0x34 ./Application/BFU/App/sfu_kms.o
                0x000000000800c2a0                SFU_KMS_GetBlobInstallInfo
 .text.SFU_KMS_EraseBlob
                0x000000000800c2d4       0x30 ./Application/BFU/App/sfu_kms.o
                0x000000000800c2d4                SFU_KMS_EraseBlob
 .text.SFU_KMS_CheckPendingBlobInstallation
                0x000000000800c304       0x14 ./Application/BFU/App/sfu_kms.o
                0x000000000800c304                SFU_KMS_CheckPendingBlobInstallation
 .text.SFU_LOADER_VerifyFwHeader
                0x000000000800c318      0x1ac ./Application/BFU/App/sfu_loader.o
 .text.SFU_LOADER_Init
                0x000000000800c4c4        0x8 ./Application/BFU/App/sfu_loader.o
                0x000000000800c4c4                SFU_LOADER_Init
 .text.SFU_LOADER_DeInit
                0x000000000800c4cc        0x8 ./Application/BFU/App/sfu_loader.o
                0x000000000800c4cc                SFU_LOADER_DeInit
 .text.SFU_LOADER_DownloadNewUserFw
                0x000000000800c4d4       0xb0 ./Application/BFU/App/sfu_loader.o
                0x000000000800c4d4                SFU_LOADER_DownloadNewUserFw
 .text.SFU_COM_YMODEM_HeaderPktRxCpltCallback
                0x000000000800c584       0x34 ./Application/BFU/App/sfu_loader.o
                0x000000000800c584                SFU_COM_YMODEM_HeaderPktRxCpltCallback
 .text.SFU_COM_YMODEM_DataPktRxCpltCallback
                0x000000000800c5b8      0x1d4 ./Application/BFU/App/sfu_loader.o
                0x000000000800c5b8                SFU_COM_YMODEM_DataPktRxCpltCallback
 .text.SFU_IMG_InstallAtNextReset
                0x000000000800c78c       0x44 ./Application/BFU/App/sfu_new_image.o
                0x000000000800c78c                SFU_IMG_InstallAtNextReset
 .text.SFU_IMG_GetDownloadAreaInfo
                0x000000000800c7d0       0x30 ./Application/BFU/App/sfu_new_image.o
                0x000000000800c7d0                SFU_IMG_GetDownloadAreaInfo
 .text.SFU_LL_DeInit
                0x000000000800c800        0x6 ./Application/BFU/Target/sfu_low_level.o
                0x000000000800c800                SFU_LL_DeInit
 *fill*         0x000000000800c806        0x2 
 .text.SFU_LL_CRC_Config
                0x000000000800c808       0x5c ./Application/BFU/Target/sfu_low_level.o
                0x000000000800c808                SFU_LL_CRC_Config
 .text.SFU_LL_CRC_Init
                0x000000000800c864       0x20 ./Application/BFU/Target/sfu_low_level.o
                0x000000000800c864                SFU_LL_CRC_Init
 .text.SFU_LL_Init
                0x000000000800c884        0x4 ./Application/BFU/Target/sfu_low_level.o
                0x000000000800c884                SFU_LL_Init
 .text.SFU_LL_CRC_Calculate
                0x000000000800c888       0x10 ./Application/BFU/Target/sfu_low_level.o
                0x000000000800c888                SFU_LL_CRC_Calculate
 .text.SFU_LL_UART_Init
                0x000000000800c898       0x48 ./Application/BFU/Target/sfu_low_level.o
                0x000000000800c898                SFU_LL_UART_Init
 .text.SFU_LL_UART_DeInit
                0x000000000800c8e0        0x8 ./Application/BFU/Target/sfu_low_level.o
                0x000000000800c8e0                SFU_LL_UART_DeInit
 .text.SFU_LL_UART_Transmit
                0x000000000800c8e8       0x28 ./Application/BFU/Target/sfu_low_level.o
                0x000000000800c8e8                SFU_LL_UART_Transmit
 .text.SFU_LL_UART_Receive
                0x000000000800c910       0x28 ./Application/BFU/Target/sfu_low_level.o
                0x000000000800c910                SFU_LL_UART_Receive
 .text.SFU_LL_UART_Flush
                0x000000000800c938       0x20 ./Application/BFU/Target/sfu_low_level.o
                0x000000000800c938                SFU_LL_UART_Flush
 .text.SFU_LL_UART_MspInit
                0x000000000800c958       0x84 ./Application/BFU/Target/sfu_low_level.o
                0x000000000800c958                SFU_LL_UART_MspInit
 .text.SFU_LL_FLASH_Init
                0x000000000800c9dc       0x1c ./Application/BFU/Target/sfu_low_level_flash.o
                0x000000000800c9dc                SFU_LL_FLASH_Init
 .text.SFU_LL_FLASH_Erase_Size
                0x000000000800c9f8        0xe ./Application/BFU/Target/sfu_low_level_flash.o
                0x000000000800c9f8                SFU_LL_FLASH_Erase_Size
 .text.SFU_LL_FLASH_Write
                0x000000000800ca06        0xe ./Application/BFU/Target/sfu_low_level_flash.o
                0x000000000800ca06                SFU_LL_FLASH_Write
 .text.SFU_LL_FLASH_Read
                0x000000000800ca14        0xe ./Application/BFU/Target/sfu_low_level_flash.o
                0x000000000800ca14                SFU_LL_FLASH_Read
 .text.SFU_LL_FLASH_Compare
                0x000000000800ca22        0xe ./Application/BFU/Target/sfu_low_level_flash.o
                0x000000000800ca22                SFU_LL_FLASH_Compare
 .text.SFU_LL_FLASH_Config_Exe
                0x000000000800ca30       0x1c ./Application/BFU/Target/sfu_low_level_flash.o
                0x000000000800ca30                SFU_LL_FLASH_Config_Exe
 .text.SFU_LL_FLASH_EXT_Init
                0x000000000800ca4c        0x8 ./Application/BFU/Target/sfu_low_level_flash_ext.o
                0x000000000800ca4c                SFU_LL_FLASH_EXT_Init
 .text.SFU_LL_FLASH_EXT_Erase_Size
                0x000000000800ca54        0x6 ./Application/BFU/Target/sfu_low_level_flash_ext.o
                0x000000000800ca54                SFU_LL_FLASH_EXT_Erase_Size
 .text.SFU_LL_FLASH_EXT_Write
                0x000000000800ca5a        0x6 ./Application/BFU/Target/sfu_low_level_flash_ext.o
                0x000000000800ca5a                SFU_LL_FLASH_EXT_Write
 .text.SFU_LL_FLASH_EXT_Read
                0x000000000800ca60        0x6 ./Application/BFU/Target/sfu_low_level_flash_ext.o
                0x000000000800ca60                SFU_LL_FLASH_EXT_Read
 .text.SFU_LL_FLASH_EXT_Compare
                0x000000000800ca66        0x6 ./Application/BFU/Target/sfu_low_level_flash_ext.o
                0x000000000800ca66                SFU_LL_FLASH_EXT_Compare
 .text.SFU_LL_FLASH_EXT_Config_Exe
                0x000000000800ca6c        0x8 ./Application/BFU/Target/sfu_low_level_flash_ext.o
                0x000000000800ca6c                SFU_LL_FLASH_EXT_Config_Exe
 .text.SFU_LL_FLASH_INT_Clear_Error.part.0
                0x000000000800ca74       0x30 ./Application/BFU/Target/sfu_low_level_flash_int.o
 .text.SFU_LL_FLASH_INT_Init
                0x000000000800caa4        0x8 ./Application/BFU/Target/sfu_low_level_flash_int.o
                0x000000000800caa4                SFU_LL_FLASH_INT_Init
 .text.SFU_LL_FLASH_INT_Erase_Size
                0x000000000800caac       0x98 ./Application/BFU/Target/sfu_low_level_flash_int.o
                0x000000000800caac                SFU_LL_FLASH_INT_Erase_Size
 .text.SFU_LL_FLASH_INT_Write
                0x000000000800cb44       0xe8 ./Application/BFU/Target/sfu_low_level_flash_int.o
                0x000000000800cb44                SFU_LL_FLASH_INT_Write
 .text.SFU_LL_FLASH_INT_Read
                0x000000000800cc2c       0x74 ./Application/BFU/Target/sfu_low_level_flash_int.o
                0x000000000800cc2c                SFU_LL_FLASH_INT_Read
 .text.SFU_LL_FLASH_INT_Compare
                0x000000000800cca0       0x24 ./Application/BFU/Target/sfu_low_level_flash_int.o
                0x000000000800cca0                SFU_LL_FLASH_INT_Compare
 .text.NMI_Handler
                0x000000000800ccc4       0x7c ./Application/BFU/Target/sfu_low_level_flash_int.o
                0x000000000800ccc4                NMI_Handler
 .text.HardFault_Handler
                0x000000000800cd40        0x6 ./Application/BFU/Target/sfu_low_level_flash_int.o
                0x000000000800cd40                HardFault_Handler
 *fill*         0x000000000800cd46        0x2 
 .text.SFU_LL_SECU_CheckApplyStaticProtections
                0x000000000800cd48       0xcc ./Application/BFU/Target/sfu_low_level_security.o
                0x000000000800cd48                SFU_LL_SECU_CheckApplyStaticProtections
 .text.SFU_LL_SECU_CheckApplyRuntimeProtections
                0x000000000800ce14        0x8 ./Application/BFU/Target/sfu_low_level_security.o
                0x000000000800ce14                SFU_LL_SECU_CheckApplyRuntimeProtections
 .text.SFU_LL_SECU_GetResetSources
                0x000000000800ce1c       0x4c ./Application/BFU/Target/sfu_low_level_security.o
                0x000000000800ce1c                SFU_LL_SECU_GetResetSources
 .text.SFU_LL_SECU_ClearResetSources
                0x000000000800ce68       0x12 ./Application/BFU/Target/sfu_low_level_security.o
                0x000000000800ce68                SFU_LL_SECU_ClearResetSources
 *fill*         0x000000000800ce7a        0x2 
 .text.SFU_LL_SECU_IWDG_Refresh
                0x000000000800ce7c        0x8 ./Application/BFU/Target/sfu_low_level_security.o
                0x000000000800ce7c                SFU_LL_SECU_IWDG_Refresh
 .text.SystemClock_Config
                0x000000000800ce84       0x64 ./Application/Core/main.o
                0x000000000800ce84                SystemClock_Config
 .text.startup.main
                0x000000000800cee8       0x16 ./Application/Core/main.o
                0x000000000800cee8                main
 .text.HAL_MspInit
                0x000000000800cefe       0x48 ./Application/Core/stm32wlxx_hal_msp.o
                0x000000000800cefe                HAL_MspInit
 .text.HAL_UART_MspInit
                0x000000000800cf46        0x4 ./Application/Core/stm32wlxx_hal_msp.o
                0x000000000800cf46                HAL_UART_MspInit
 *fill*         0x000000000800cf4a        0x2 
 .text.__NVIC_SystemReset
                0x000000000800cf4c       0x24 ./Application/Core/stm32wlxx_it.o
 .text.BusFault_Handler
                0x000000000800cf70        0x6 ./Application/Core/stm32wlxx_it.o
                0x000000000800cf70                BusFault_Handler
 .text.UsageFault_Handler
                0x000000000800cf76        0x6 ./Application/Core/stm32wlxx_it.o
                0x000000000800cf76                UsageFault_Handler
 .text.SVC_Handler
                0x000000000800cf7c        0x2 ./Application/Core/stm32wlxx_it.o
                0x000000000800cf7c                SVC_Handler
 .text.DebugMon_Handler
                0x000000000800cf7e        0x2 ./Application/Core/stm32wlxx_it.o
                0x000000000800cf7e                DebugMon_Handler
 .text.PendSV_Handler
                0x000000000800cf80        0x2 ./Application/Core/stm32wlxx_it.o
                0x000000000800cf80                PendSV_Handler
 .text.SysTick_Handler
                0x000000000800cf82        0x4 ./Application/Core/stm32wlxx_it.o
                0x000000000800cf82                SysTick_Handler
 .text._read    0x000000000800cf86       0x1a ./Application/Core/syscalls.o
                0x000000000800cf86                _read
 .text._write   0x000000000800cfa0       0x1a ./Application/Core/syscalls.o
                0x000000000800cfa0                _write
 .text._close   0x000000000800cfba        0x6 ./Application/Core/syscalls.o
                0x000000000800cfba                _close
 .text._fstat   0x000000000800cfc0        0xa ./Application/Core/syscalls.o
                0x000000000800cfc0                _fstat
 .text._isatty  0x000000000800cfca        0x4 ./Application/Core/syscalls.o
                0x000000000800cfca                _isatty
 .text._lseek   0x000000000800cfce        0x4 ./Application/Core/syscalls.o
                0x000000000800cfce                _lseek
 *fill*         0x000000000800cfd2        0x2 
 .text._sbrk    0x000000000800cfd4       0x40 ./Application/Core/sysmem.o
                0x000000000800cfd4                _sbrk
 .text.Reset_Handler
                0x000000000800d014       0x50 ./Application/Startup/startup_stm32wl55jcix.o
                0x000000000800d014                Reset_Handler
 .text.Default_Handler
                0x000000000800d064        0x2 ./Application/Startup/startup_stm32wl55jcix.o
                0x000000000800d064                RTC_Alarm_IRQHandler
                0x000000000800d064                EXTI2_IRQHandler
                0x000000000800d064                TIM1_CC_IRQHandler
                0x000000000800d064                EXTI3_IRQHandler
                0x000000000800d064                LPTIM2_IRQHandler
                0x000000000800d064                I2C3_ER_IRQHandler
                0x000000000800d064                LPTIM3_IRQHandler
                0x000000000800d064                EXTI0_IRQHandler
                0x000000000800d064                I2C2_EV_IRQHandler
                0x000000000800d064                TAMP_STAMP_LSECSS_SSRU_IRQHandler
                0x000000000800d064                SPI1_IRQHandler
                0x000000000800d064                DMA2_Channel2_IRQHandler
                0x000000000800d064                DMA1_Channel4_IRQHandler
                0x000000000800d064                PKA_IRQHandler
                0x000000000800d064                TIM17_IRQHandler
                0x000000000800d064                DMA1_Channel7_IRQHandler
                0x000000000800d064                SUBGHZSPI_IRQHandler
                0x000000000800d064                IPCC_C1_TX_IRQHandler
                0x000000000800d064                DMA2_Channel1_IRQHandler
                0x000000000800d064                I2C1_EV_IRQHandler
                0x000000000800d064                SUBGHZ_Radio_IRQHandler
                0x000000000800d064                DMAMUX1_OVR_IRQHandler
                0x000000000800d064                DMA1_Channel6_IRQHandler
                0x000000000800d064                TIM16_IRQHandler
                0x000000000800d064                DMA2_Channel4_IRQHandler
                0x000000000800d064                RCC_IRQHandler
                0x000000000800d064                TIM1_TRG_COM_IRQHandler
                0x000000000800d064                DMA1_Channel1_IRQHandler
                0x000000000800d064                Default_Handler
                0x000000000800d064                DMA2_Channel7_IRQHandler
                0x000000000800d064                EXTI15_10_IRQHandler
                0x000000000800d064                IPCC_C1_RX_IRQHandler
                0x000000000800d064                ADC_IRQHandler
                0x000000000800d064                C2SEV_PWR_C2H_IRQHandler
                0x000000000800d064                I2C3_EV_IRQHandler
                0x000000000800d064                EXTI9_5_IRQHandler
                0x000000000800d064                RTC_WKUP_IRQHandler
                0x000000000800d064                PVD_PVM_IRQHandler
                0x000000000800d064                SPI2_IRQHandler
                0x000000000800d064                DMA2_Channel5_IRQHandler
                0x000000000800d064                DMA1_Channel5_IRQHandler
                0x000000000800d064                EXTI4_IRQHandler
                0x000000000800d064                RNG_IRQHandler
                0x000000000800d064                DMA1_Channel3_IRQHandler
                0x000000000800d064                COMP_IRQHandler
                0x000000000800d064                HSEM_IRQHandler
                0x000000000800d064                TIM1_UP_IRQHandler
                0x000000000800d064                WWDG_IRQHandler
                0x000000000800d064                LPUART1_IRQHandler
                0x000000000800d064                DMA2_Channel6_IRQHandler
                0x000000000800d064                TIM2_IRQHandler
                0x000000000800d064                TIM1_BRK_IRQHandler
                0x000000000800d064                DAC_IRQHandler
                0x000000000800d064                EXTI1_IRQHandler
                0x000000000800d064                AES_IRQHandler
                0x000000000800d064                USART2_IRQHandler
                0x000000000800d064                I2C2_ER_IRQHandler
                0x000000000800d064                DMA1_Channel2_IRQHandler
                0x000000000800d064                FLASH_IRQHandler
                0x000000000800d064                USART1_IRQHandler
                0x000000000800d064                I2C1_ER_IRQHandler
                0x000000000800d064                LPTIM1_IRQHandler
                0x000000000800d064                DMA2_Channel3_IRQHandler
 .text.LL_AHB2_GRP1_EnableClock
                0x000000000800d066       0x18 ./Drivers/BSP/STM32WLxx_Nucleo/stm32wlxx_nucleo.o
 *fill*         0x000000000800d07e        0x2 
 .text.BSP_LED_Init
                0x000000000800d080       0x50 ./Drivers/BSP/STM32WLxx_Nucleo/stm32wlxx_nucleo.o
                0x000000000800d080                BSP_LED_Init
 .text.BSP_LED_Off
                0x000000000800d0d0       0x20 ./Drivers/BSP/STM32WLxx_Nucleo/stm32wlxx_nucleo.o
                0x000000000800d0d0                BSP_LED_Off
 .text.BSP_LED_Toggle
                0x000000000800d0f0       0x20 ./Drivers/BSP/STM32WLxx_Nucleo/stm32wlxx_nucleo.o
                0x000000000800d0f0                BSP_LED_Toggle
 .text.BSP_PB_Init
                0x000000000800d110       0xac ./Drivers/BSP/STM32WLxx_Nucleo/stm32wlxx_nucleo.o
                0x000000000800d110                BSP_PB_Init
 .text.BSP_PB_GetState
                0x000000000800d1bc       0x1c ./Drivers/BSP/STM32WLxx_Nucleo/stm32wlxx_nucleo.o
                0x000000000800d1bc                BSP_PB_GetState
 .text.BSP_PB_Callback
                0x000000000800d1d8        0x2 ./Drivers/BSP/STM32WLxx_Nucleo/stm32wlxx_nucleo.o
                0x000000000800d1d8                BSP_PB_Callback
 .text.BUTTON_SW3_EXTI_Callback
                0x000000000800d1da        0xa ./Drivers/BSP/STM32WLxx_Nucleo/stm32wlxx_nucleo.o
 .text.BUTTON_SW2_EXTI_Callback
                0x000000000800d1e4        0xa ./Drivers/BSP/STM32WLxx_Nucleo/stm32wlxx_nucleo.o
 .text.BUTTON_SW1_EXTI_Callback
                0x000000000800d1ee        0xa ./Drivers/BSP/STM32WLxx_Nucleo/stm32wlxx_nucleo.o
 .text.SystemInit
                0x000000000800d1f8        0x2 ./Drivers/CMSIS/system_stm32wlxx.o
                0x000000000800d1f8                SystemInit
 *fill*         0x000000000800d1fa        0x2 
 .text.HAL_InitTick
                0x000000000800d1fc       0x4c ./Drivers/STM32WLxx_HAL_Driver/stm32wlxx_hal.o
                0x000000000800d1fc                HAL_InitTick
 .text.HAL_Init
                0x000000000800d248       0x2c ./Drivers/STM32WLxx_HAL_Driver/stm32wlxx_hal.o
                0x000000000800d248                HAL_Init
 .text.HAL_IncTick
                0x000000000800d274       0x18 ./Drivers/STM32WLxx_HAL_Driver/stm32wlxx_hal.o
                0x000000000800d274                HAL_IncTick
 .text.HAL_GetTick
                0x000000000800d28c        0xc ./Drivers/STM32WLxx_HAL_Driver/stm32wlxx_hal.o
                0x000000000800d28c                HAL_GetTick
 .text.HAL_Delay
                0x000000000800d298       0x28 ./Drivers/STM32WLxx_HAL_Driver/stm32wlxx_hal.o
                0x000000000800d298                HAL_Delay
 .text.HAL_SuspendTick
                0x000000000800d2c0       0x10 ./Drivers/STM32WLxx_HAL_Driver/stm32wlxx_hal.o
                0x000000000800d2c0                HAL_SuspendTick
 .text.HAL_NVIC_SetPriorityGrouping
                0x000000000800d2d0       0x24 ./Drivers/STM32WLxx_HAL_Driver/stm32wlxx_hal_cortex.o
                0x000000000800d2d0                HAL_NVIC_SetPriorityGrouping
 .text.HAL_NVIC_SetPriority
                0x000000000800d2f4       0x64 ./Drivers/STM32WLxx_HAL_Driver/stm32wlxx_hal_cortex.o
                0x000000000800d2f4                HAL_NVIC_SetPriority
 .text.HAL_NVIC_EnableIRQ
                0x000000000800d358       0x1c ./Drivers/STM32WLxx_HAL_Driver/stm32wlxx_hal_cortex.o
                0x000000000800d358                HAL_NVIC_EnableIRQ
 .text.HAL_SYSTICK_Config
                0x000000000800d374       0x2c ./Drivers/STM32WLxx_HAL_Driver/stm32wlxx_hal_cortex.o
                0x000000000800d374                HAL_SYSTICK_Config
 .text.CRC_Handle_8
                0x000000000800d3a0       0x6c ./Drivers/STM32WLxx_HAL_Driver/stm32wlxx_hal_crc.o
 .text.CRC_Handle_16
                0x000000000800d40c       0x2e ./Drivers/STM32WLxx_HAL_Driver/stm32wlxx_hal_crc.o
 .text.HAL_CRC_MspInit
                0x000000000800d43a        0x2 ./Drivers/STM32WLxx_HAL_Driver/stm32wlxx_hal_crc.o
                0x000000000800d43a                HAL_CRC_MspInit
 .text.HAL_CRC_Init
                0x000000000800d43c       0x74 ./Drivers/STM32WLxx_HAL_Driver/stm32wlxx_hal_crc.o
                0x000000000800d43c                HAL_CRC_Init
 .text.HAL_CRC_Calculate
                0x000000000800d4b0       0x48 ./Drivers/STM32WLxx_HAL_Driver/stm32wlxx_hal_crc.o
                0x000000000800d4b0                HAL_CRC_Calculate
 .text.HAL_CRCEx_Polynomial_Set
                0x000000000800d4f8       0x42 ./Drivers/STM32WLxx_HAL_Driver/stm32wlxx_hal_crc_ex.o
                0x000000000800d4f8                HAL_CRCEx_Polynomial_Set
 .text.HAL_EXTI_RegisterCallback
                0x000000000800d53a        0xe ./Drivers/STM32WLxx_HAL_Driver/stm32wlxx_hal_exti.o
                0x000000000800d53a                HAL_EXTI_RegisterCallback
 .text.HAL_EXTI_GetHandle
                0x000000000800d548        0xc ./Drivers/STM32WLxx_HAL_Driver/stm32wlxx_hal_exti.o
                0x000000000800d548                HAL_EXTI_GetHandle
 .text.FLASH_Program_Fast
                0x000000000800d554       0x30 ./Drivers/STM32WLxx_HAL_Driver/stm32wlxx_hal_flash.o
 .text.HAL_FLASH_Unlock
                0x000000000800d584       0x24 ./Drivers/STM32WLxx_HAL_Driver/stm32wlxx_hal_flash.o
                0x000000000800d584                HAL_FLASH_Unlock
 .text.HAL_FLASH_Lock
                0x000000000800d5a8       0x18 ./Drivers/STM32WLxx_HAL_Driver/stm32wlxx_hal_flash.o
                0x000000000800d5a8                HAL_FLASH_Lock
 .text.HAL_FLASH_OB_Unlock
                0x000000000800d5c0       0x28 ./Drivers/STM32WLxx_HAL_Driver/stm32wlxx_hal_flash.o
                0x000000000800d5c0                HAL_FLASH_OB_Unlock
 .text.HAL_FLASH_OB_Lock
                0x000000000800d5e8       0x1c ./Drivers/STM32WLxx_HAL_Driver/stm32wlxx_hal_flash.o
                0x000000000800d5e8                HAL_FLASH_OB_Lock
 .text.HAL_FLASH_OB_Launch
                0x000000000800d604       0x14 ./Drivers/STM32WLxx_HAL_Driver/stm32wlxx_hal_flash.o
                0x000000000800d604                HAL_FLASH_OB_Launch
 .text.FLASH_WaitForLastOperation
                0x000000000800d618       0x5c ./Drivers/STM32WLxx_HAL_Driver/stm32wlxx_hal_flash.o
                0x000000000800d618                FLASH_WaitForLastOperation
 .text.HAL_FLASH_Program
                0x000000000800d674       0x70 ./Drivers/STM32WLxx_HAL_Driver/stm32wlxx_hal_flash.o
                0x000000000800d674                HAL_FLASH_Program
 .text.HAL_FLASHEx_OBProgram
                0x000000000800d6e4      0x230 ./Drivers/STM32WLxx_HAL_Driver/stm32wlxx_hal_flash_ex.o
                0x000000000800d6e4                HAL_FLASHEx_OBProgram
 .text.HAL_FLASHEx_OBGetConfig
                0x000000000800d914      0x158 ./Drivers/STM32WLxx_HAL_Driver/stm32wlxx_hal_flash_ex.o
                0x000000000800d914                HAL_FLASHEx_OBGetConfig
 .text.FLASH_PageErase
                0x000000000800da6c       0x1c ./Drivers/STM32WLxx_HAL_Driver/stm32wlxx_hal_flash_ex.o
                0x000000000800da6c                FLASH_PageErase
 .text.HAL_FLASHEx_Erase
                0x000000000800da88       0x9c ./Drivers/STM32WLxx_HAL_Driver/stm32wlxx_hal_flash_ex.o
                0x000000000800da88                HAL_FLASHEx_Erase
 .text.HAL_GPIO_Init
                0x000000000800db24      0x158 ./Drivers/STM32WLxx_HAL_Driver/stm32wlxx_hal_gpio.o
                0x000000000800db24                HAL_GPIO_Init
 .text.HAL_GPIO_ReadPin
                0x000000000800dc7c        0xc ./Drivers/STM32WLxx_HAL_Driver/stm32wlxx_hal_gpio.o
                0x000000000800dc7c                HAL_GPIO_ReadPin
 .text.HAL_GPIO_WritePin
                0x000000000800dc88        0xa ./Drivers/STM32WLxx_HAL_Driver/stm32wlxx_hal_gpio.o
                0x000000000800dc88                HAL_GPIO_WritePin
 .text.HAL_GPIO_TogglePin
                0x000000000800dc92       0x12 ./Drivers/STM32WLxx_HAL_Driver/stm32wlxx_hal_gpio.o
                0x000000000800dc92                HAL_GPIO_TogglePin
 .text.HAL_PWR_EnableBkUpAccess
                0x000000000800dca4       0x10 ./Drivers/STM32WLxx_HAL_Driver/stm32wlxx_hal_pwr.o
                0x000000000800dca4                HAL_PWR_EnableBkUpAccess
 .text.HAL_PWREx_GetVoltageRange
                0x000000000800dcb4       0x10 ./Drivers/STM32WLxx_HAL_Driver/stm32wlxx_hal_pwr_ex.o
                0x000000000800dcb4                HAL_PWREx_GetVoltageRange
 .text.LL_RCC_HSE_IsReady
                0x000000000800dcc4        0xc ./Drivers/STM32WLxx_HAL_Driver/stm32wlxx_hal_rcc.o
 .text.LL_RCC_HSI_IsReady
                0x000000000800dcd0        0xc ./Drivers/STM32WLxx_HAL_Driver/stm32wlxx_hal_rcc.o
 .text.LL_RCC_MSI_IsReady
                0x000000000800dcdc        0xc ./Drivers/STM32WLxx_HAL_Driver/stm32wlxx_hal_rcc.o
 .text.LL_RCC_MSI_SetCalibTrimming
                0x000000000800dce8       0x12 ./Drivers/STM32WLxx_HAL_Driver/stm32wlxx_hal_rcc.o
 .text.LL_RCC_PLL_IsReady
                0x000000000800dcfa        0xc ./Drivers/STM32WLxx_HAL_Driver/stm32wlxx_hal_rcc.o
 *fill*         0x000000000800dd06        0x2 
 .text.RCC_SetFlashLatencyFromMSIRange
                0x000000000800dd08       0xd4 ./Drivers/STM32WLxx_HAL_Driver/stm32wlxx_hal_rcc.o
 .text.HAL_RCC_GetSysClockFreq
                0x000000000800dddc       0xdc ./Drivers/STM32WLxx_HAL_Driver/stm32wlxx_hal_rcc.o
                0x000000000800dddc                HAL_RCC_GetSysClockFreq
 .text.HAL_RCC_GetHCLKFreq
                0x000000000800deb8       0x20 ./Drivers/STM32WLxx_HAL_Driver/stm32wlxx_hal_rcc.o
                0x000000000800deb8                HAL_RCC_GetHCLKFreq
 .text.HAL_RCC_OscConfig
                0x000000000800ded8      0x540 ./Drivers/STM32WLxx_HAL_Driver/stm32wlxx_hal_rcc.o
                0x000000000800ded8                HAL_RCC_OscConfig
 .text.HAL_RCC_ClockConfig
                0x000000000800e418      0x1f0 ./Drivers/STM32WLxx_HAL_Driver/stm32wlxx_hal_rcc.o
                0x000000000800e418                HAL_RCC_ClockConfig
 .text.HAL_RCC_GetPCLK1Freq
                0x000000000800e608       0x20 ./Drivers/STM32WLxx_HAL_Driver/stm32wlxx_hal_rcc.o
                0x000000000800e608                HAL_RCC_GetPCLK1Freq
 .text.HAL_RCC_GetPCLK2Freq
                0x000000000800e628       0x20 ./Drivers/STM32WLxx_HAL_Driver/stm32wlxx_hal_rcc.o
                0x000000000800e628                HAL_RCC_GetPCLK2Freq
 .text.UART_SetConfig
                0x000000000800e648      0x234 ./Drivers/STM32WLxx_HAL_Driver/stm32wlxx_hal_uart.o
                0x000000000800e648                UART_SetConfig
 .text.UART_AdvFeatureConfig
                0x000000000800e87c       0xa8 ./Drivers/STM32WLxx_HAL_Driver/stm32wlxx_hal_uart.o
                0x000000000800e87c                UART_AdvFeatureConfig
 .text.UART_WaitOnFlagUntilTimeout
                0x000000000800e924       0xc4 ./Drivers/STM32WLxx_HAL_Driver/stm32wlxx_hal_uart.o
                0x000000000800e924                UART_WaitOnFlagUntilTimeout
 .text.HAL_UART_Transmit
                0x000000000800e9e8       0xb8 ./Drivers/STM32WLxx_HAL_Driver/stm32wlxx_hal_uart.o
                0x000000000800e9e8                HAL_UART_Transmit
 .text.HAL_UART_Receive
                0x000000000800eaa0       0xf2 ./Drivers/STM32WLxx_HAL_Driver/stm32wlxx_hal_uart.o
                0x000000000800eaa0                HAL_UART_Receive
 .text.UART_CheckIdleState
                0x000000000800eb92       0x68 ./Drivers/STM32WLxx_HAL_Driver/stm32wlxx_hal_uart.o
                0x000000000800eb92                UART_CheckIdleState
 .text.HAL_UART_Init
                0x000000000800ebfa       0x60 ./Drivers/STM32WLxx_HAL_Driver/stm32wlxx_hal_uart.o
                0x000000000800ebfa                HAL_UART_Init
 *fill*         0x000000000800ec5a        0x2 
 .text.__errno  0x000000000800ec5c        0xc c:/st/stm32cubeide_1.6.1/stm32cubeide/plugins/com.st.stm32cube.ide.mcu.externaltools.gnu-tools-for-stm32.9-2020-q2-update.win32_2.0.0.202105311346/tools/bin/../lib/gcc/arm-none-eabi/9.3.1/../../../../arm-none-eabi/lib/thumb/v7e-m/nofp\libc_nano.a(lib_a-errno.o)
                0x000000000800ec5c                __errno
 .text.__libc_init_array
                0x000000000800ec68       0x48 c:/st/stm32cubeide_1.6.1/stm32cubeide/plugins/com.st.stm32cube.ide.mcu.externaltools.gnu-tools-for-stm32.9-2020-q2-update.win32_2.0.0.202105311346/tools/bin/../lib/gcc/arm-none-eabi/9.3.1/../../../../arm-none-eabi/lib/thumb/v7e-m/nofp\libc_nano.a(lib_a-init.o)
                0x000000000800ec68                __libc_init_array
 .text.memcmp   0x000000000800ecb0       0x1c c:/st/stm32cubeide_1.6.1/stm32cubeide/plugins/com.st.stm32cube.ide.mcu.externaltools.gnu-tools-for-stm32.9-2020-q2-update.win32_2.0.0.202105311346/tools/bin/../lib/gcc/arm-none-eabi/9.3.1/../../../../arm-none-eabi/lib/thumb/v7e-m/nofp\libc_nano.a(lib_a-memcmp.o)
                0x000000000800ecb0                memcmp
 .text.memcpy   0x000000000800eccc       0x1c c:/st/stm32cubeide_1.6.1/stm32cubeide/plugins/com.st.stm32cube.ide.mcu.externaltools.gnu-tools-for-stm32.9-2020-q2-update.win32_2.0.0.202105311346/tools/bin/../lib/gcc/arm-none-eabi/9.3.1/../../../../arm-none-eabi/lib/thumb/v7e-m/nofp\libc_nano.a(lib_a-memcpy-stub.o)
                0x000000000800eccc                memcpy
 .text.memset   0x000000000800ece8       0x10 c:/st/stm32cubeide_1.6.1/stm32cubeide/plugins/com.st.stm32cube.ide.mcu.externaltools.gnu-tools-for-stm32.9-2020-q2-update.win32_2.0.0.202105311346/tools/bin/../lib/gcc/arm-none-eabi/9.3.1/../../../../arm-none-eabi/lib/thumb/v7e-m/nofp\libc_nano.a(lib_a-memset.o)
                0x000000000800ece8                memset
 .text.printf   0x000000000800ecf8       0x30 c:/st/stm32cubeide_1.6.1/stm32cubeide/plugins/com.st.stm32cube.ide.mcu.externaltools.gnu-tools-for-stm32.9-2020-q2-update.win32_2.0.0.202105311346/tools/bin/../lib/gcc/arm-none-eabi/9.3.1/../../../../arm-none-eabi/lib/thumb/v7e-m/nofp\libc_nano.a(lib_a-printf.o)
                0x000000000800ecf8                iprintf
                0x000000000800ecf8                printf
 .text.putchar  0x000000000800ed28       0x28 c:/st/stm32cubeide_1.6.1/stm32cubeide/plugins/com.st.stm32cube.ide.mcu.externaltools.gnu-tools-for-stm32.9-2020-q2-update.win32_2.0.0.202105311346/tools/bin/../lib/gcc/arm-none-eabi/9.3.1/../../../../arm-none-eabi/lib/thumb/v7e-m/nofp\libc_nano.a(lib_a-putchar.o)
                0x000000000800ed28                putchar
 .text._puts_r  0x000000000800ed50       0xdc c:/st/stm32cubeide_1.6.1/stm32cubeide/plugins/com.st.stm32cube.ide.mcu.externaltools.gnu-tools-for-stm32.9-2020-q2-update.win32_2.0.0.202105311346/tools/bin/../lib/gcc/arm-none-eabi/9.3.1/../../../../arm-none-eabi/lib/thumb/v7e-m/nofp\libc_nano.a(lib_a-puts.o)
                0x000000000800ed50                _puts_r
 .text.puts     0x000000000800ee2c       0x10 c:/st/stm32cubeide_1.6.1/stm32cubeide/plugins/com.st.stm32cube.ide.mcu.externaltools.gnu-tools-for-stm32.9-2020-q2-update.win32_2.0.0.202105311346/tools/bin/../lib/gcc/arm-none-eabi/9.3.1/../../../../arm-none-eabi/lib/thumb/v7e-m/nofp\libc_nano.a(lib_a-puts.o)
                0x000000000800ee2c                puts
 .text.setvbuf  0x000000000800ee3c      0x18c c:/st/stm32cubeide_1.6.1/stm32cubeide/plugins/com.st.stm32cube.ide.mcu.externaltools.gnu-tools-for-stm32.9-2020-q2-update.win32_2.0.0.202105311346/tools/bin/../lib/gcc/arm-none-eabi/9.3.1/../../../../arm-none-eabi/lib/thumb/v7e-m/nofp\libc_nano.a(lib_a-setvbuf.o)
                0x000000000800ee3c                setvbuf
 .text.__swbuf_r
                0x000000000800efc8       0xa4 c:/st/stm32cubeide_1.6.1/stm32cubeide/plugins/com.st.stm32cube.ide.mcu.externaltools.gnu-tools-for-stm32.9-2020-q2-update.win32_2.0.0.202105311346/tools/bin/../lib/gcc/arm-none-eabi/9.3.1/../../../../arm-none-eabi/lib/thumb/v7e-m/nofp\libc_nano.a(lib_a-wbuf.o)
                0x000000000800efc8                __swbuf_r
 .text.__swsetup_r
                0x000000000800f06c       0xdc c:/st/stm32cubeide_1.6.1/stm32cubeide/plugins/com.st.stm32cube.ide.mcu.externaltools.gnu-tools-for-stm32.9-2020-q2-update.win32_2.0.0.202105311346/tools/bin/../lib/gcc/arm-none-eabi/9.3.1/../../../../arm-none-eabi/lib/thumb/v7e-m/nofp\libc_nano.a(lib_a-wsetup.o)
                0x000000000800f06c                __swsetup_r
 .text.__sflush_r
                0x000000000800f148      0x10c c:/st/stm32cubeide_1.6.1/stm32cubeide/plugins/com.st.stm32cube.ide.mcu.externaltools.gnu-tools-for-stm32.9-2020-q2-update.win32_2.0.0.202105311346/tools/bin/../lib/gcc/arm-none-eabi/9.3.1/../../../../arm-none-eabi/lib/thumb/v7e-m/nofp\libc_nano.a(lib_a-fflush.o)
                0x000000000800f148                __sflush_r
 .text._fflush_r
                0x000000000800f254       0x78 c:/st/stm32cubeide_1.6.1/stm32cubeide/plugins/com.st.stm32cube.ide.mcu.externaltools.gnu-tools-for-stm32.9-2020-q2-update.win32_2.0.0.202105311346/tools/bin/../lib/gcc/arm-none-eabi/9.3.1/../../../../arm-none-eabi/lib/thumb/v7e-m/nofp\libc_nano.a(lib_a-fflush.o)
                0x000000000800f254                _fflush_r
 .text.std      0x000000000800f2cc       0x48 c:/st/stm32cubeide_1.6.1/stm32cubeide/plugins/com.st.stm32cube.ide.mcu.externaltools.gnu-tools-for-stm32.9-2020-q2-update.win32_2.0.0.202105311346/tools/bin/../lib/gcc/arm-none-eabi/9.3.1/../../../../arm-none-eabi/lib/thumb/v7e-m/nofp\libc_nano.a(lib_a-findfp.o)
 .text._cleanup_r
                0x000000000800f314        0xc c:/st/stm32cubeide_1.6.1/stm32cubeide/plugins/com.st.stm32cube.ide.mcu.externaltools.gnu-tools-for-stm32.9-2020-q2-update.win32_2.0.0.202105311346/tools/bin/../lib/gcc/arm-none-eabi/9.3.1/../../../../arm-none-eabi/lib/thumb/v7e-m/nofp\libc_nano.a(lib_a-findfp.o)
                0x000000000800f314                _cleanup_r
 .text.__sfmoreglue
                0x000000000800f320       0x2c c:/st/stm32cubeide_1.6.1/stm32cubeide/plugins/com.st.stm32cube.ide.mcu.externaltools.gnu-tools-for-stm32.9-2020-q2-update.win32_2.0.0.202105311346/tools/bin/../lib/gcc/arm-none-eabi/9.3.1/../../../../arm-none-eabi/lib/thumb/v7e-m/nofp\libc_nano.a(lib_a-findfp.o)
                0x000000000800f320                __sfmoreglue
 .text.__sfp_lock_acquire
                0x000000000800f34c        0xc c:/st/stm32cubeide_1.6.1/stm32cubeide/plugins/com.st.stm32cube.ide.mcu.externaltools.gnu-tools-for-stm32.9-2020-q2-update.win32_2.0.0.202105311346/tools/bin/../lib/gcc/arm-none-eabi/9.3.1/../../../../arm-none-eabi/lib/thumb/v7e-m/nofp\libc_nano.a(lib_a-findfp.o)
                0x000000000800f34c                __sfp_lock_acquire
 .text.__sfp_lock_release
                0x000000000800f358        0xc c:/st/stm32cubeide_1.6.1/stm32cubeide/plugins/com.st.stm32cube.ide.mcu.externaltools.gnu-tools-for-stm32.9-2020-q2-update.win32_2.0.0.202105311346/tools/bin/../lib/gcc/arm-none-eabi/9.3.1/../../../../arm-none-eabi/lib/thumb/v7e-m/nofp\libc_nano.a(lib_a-findfp.o)
                0x000000000800f358                __sfp_lock_release
 .text.__sinit_lock_acquire
                0x000000000800f364        0xc c:/st/stm32cubeide_1.6.1/stm32cubeide/plugins/com.st.stm32cube.ide.mcu.externaltools.gnu-tools-for-stm32.9-2020-q2-update.win32_2.0.0.202105311346/tools/bin/../lib/gcc/arm-none-eabi/9.3.1/../../../../arm-none-eabi/lib/thumb/v7e-m/nofp\libc_nano.a(lib_a-findfp.o)
                0x000000000800f364                __sinit_lock_acquire
 .text.__sinit_lock_release
                0x000000000800f370        0xc c:/st/stm32cubeide_1.6.1/stm32cubeide/plugins/com.st.stm32cube.ide.mcu.externaltools.gnu-tools-for-stm32.9-2020-q2-update.win32_2.0.0.202105311346/tools/bin/../lib/gcc/arm-none-eabi/9.3.1/../../../../arm-none-eabi/lib/thumb/v7e-m/nofp\libc_nano.a(lib_a-findfp.o)
                0x000000000800f370                __sinit_lock_release
 .text.__sinit  0x000000000800f37c       0x70 c:/st/stm32cubeide_1.6.1/stm32cubeide/plugins/com.st.stm32cube.ide.mcu.externaltools.gnu-tools-for-stm32.9-2020-q2-update.win32_2.0.0.202105311346/tools/bin/../lib/gcc/arm-none-eabi/9.3.1/../../../../arm-none-eabi/lib/thumb/v7e-m/nofp\libc_nano.a(lib_a-findfp.o)
                0x000000000800f37c                __sinit
 .text.__sfp    0x000000000800f3ec       0x8c c:/st/stm32cubeide_1.6.1/stm32cubeide/plugins/com.st.stm32cube.ide.mcu.externaltools.gnu-tools-for-stm32.9-2020-q2-update.win32_2.0.0.202105311346/tools/bin/../lib/gcc/arm-none-eabi/9.3.1/../../../../arm-none-eabi/lib/thumb/v7e-m/nofp\libc_nano.a(lib_a-findfp.o)
                0x000000000800f3ec                __sfp
 .text._fwalk_reent
                0x000000000800f478       0x3e c:/st/stm32cubeide_1.6.1/stm32cubeide/plugins/com.st.stm32cube.ide.mcu.externaltools.gnu-tools-for-stm32.9-2020-q2-update.win32_2.0.0.202105311346/tools/bin/../lib/gcc/arm-none-eabi/9.3.1/../../../../arm-none-eabi/lib/thumb/v7e-m/nofp\libc_nano.a(lib_a-fwalk.o)
                0x000000000800f478                _fwalk_reent
 .text.__retarget_lock_init_recursive
                0x000000000800f4b6        0x2 c:/st/stm32cubeide_1.6.1/stm32cubeide/plugins/com.st.stm32cube.ide.mcu.externaltools.gnu-tools-for-stm32.9-2020-q2-update.win32_2.0.0.202105311346/tools/bin/../lib/gcc/arm-none-eabi/9.3.1/../../../../arm-none-eabi/lib/thumb/v7e-m/nofp\libc_nano.a(lib_a-lock.o)
                0x000000000800f4b6                __retarget_lock_init_recursive
 .text.__retarget_lock_acquire_recursive
                0x000000000800f4b8        0x2 c:/st/stm32cubeide_1.6.1/stm32cubeide/plugins/com.st.stm32cube.ide.mcu.externaltools.gnu-tools-for-stm32.9-2020-q2-update.win32_2.0.0.202105311346/tools/bin/../lib/gcc/arm-none-eabi/9.3.1/../../../../arm-none-eabi/lib/thumb/v7e-m/nofp\libc_nano.a(lib_a-lock.o)
                0x000000000800f4b8                __retarget_lock_acquire_recursive
 .text.__retarget_lock_release_recursive
                0x000000000800f4ba        0x2 c:/st/stm32cubeide_1.6.1/stm32cubeide/plugins/com.st.stm32cube.ide.mcu.externaltools.gnu-tools-for-stm32.9-2020-q2-update.win32_2.0.0.202105311346/tools/bin/../lib/gcc/arm-none-eabi/9.3.1/../../../../arm-none-eabi/lib/thumb/v7e-m/nofp\libc_nano.a(lib_a-lock.o)
                0x000000000800f4ba                __retarget_lock_release_recursive
 .text.__swhatbuf_r
                0x000000000800f4bc       0x48 c:/st/stm32cubeide_1.6.1/stm32cubeide/plugins/com.st.stm32cube.ide.mcu.externaltools.gnu-tools-for-stm32.9-2020-q2-update.win32_2.0.0.202105311346/tools/bin/../lib/gcc/arm-none-eabi/9.3.1/../../../../arm-none-eabi/lib/thumb/v7e-m/nofp\libc_nano.a(lib_a-makebuf.o)
                0x000000000800f4bc                __swhatbuf_r
 .text.__smakebuf_r
                0x000000000800f504       0x80 c:/st/stm32cubeide_1.6.1/stm32cubeide/plugins/com.st.stm32cube.ide.mcu.externaltools.gnu-tools-for-stm32.9-2020-q2-update.win32_2.0.0.202105311346/tools/bin/../lib/gcc/arm-none-eabi/9.3.1/../../../../arm-none-eabi/lib/thumb/v7e-m/nofp\libc_nano.a(lib_a-makebuf.o)
                0x000000000800f504                __smakebuf_r
 .text.malloc   0x000000000800f584       0x10 c:/st/stm32cubeide_1.6.1/stm32cubeide/plugins/com.st.stm32cube.ide.mcu.externaltools.gnu-tools-for-stm32.9-2020-q2-update.win32_2.0.0.202105311346/tools/bin/../lib/gcc/arm-none-eabi/9.3.1/../../../../arm-none-eabi/lib/thumb/v7e-m/nofp\libc_nano.a(lib_a-malloc.o)
                0x000000000800f584                malloc
 .text._free_r  0x000000000800f594       0x9c c:/st/stm32cubeide_1.6.1/stm32cubeide/plugins/com.st.stm32cube.ide.mcu.externaltools.gnu-tools-for-stm32.9-2020-q2-update.win32_2.0.0.202105311346/tools/bin/../lib/gcc/arm-none-eabi/9.3.1/../../../../arm-none-eabi/lib/thumb/v7e-m/nofp\libc_nano.a(lib_a-nano-freer.o)
                0x000000000800f594                _free_r
 .text._malloc_r
                0x000000000800f630       0xb4 c:/st/stm32cubeide_1.6.1/stm32cubeide/plugins/com.st.stm32cube.ide.mcu.externaltools.gnu-tools-for-stm32.9-2020-q2-update.win32_2.0.0.202105311346/tools/bin/../lib/gcc/arm-none-eabi/9.3.1/../../../../arm-none-eabi/lib/thumb/v7e-m/nofp\libc_nano.a(lib_a-nano-mallocr.o)
                0x000000000800f630                _malloc_r
 .text.__sfputc_r
                0x000000000800f6e4       0x2a c:/st/stm32cubeide_1.6.1/stm32cubeide/plugins/com.st.stm32cube.ide.mcu.externaltools.gnu-tools-for-stm32.9-2020-q2-update.win32_2.0.0.202105311346/tools/bin/../lib/gcc/arm-none-eabi/9.3.1/../../../../arm-none-eabi/lib/thumb/v7e-m/nofp\libc_nano.a(lib_a-nano-vfprintf.o)
 .text.__sfputs_r
                0x000000000800f70e       0x24 c:/st/stm32cubeide_1.6.1/stm32cubeide/plugins/com.st.stm32cube.ide.mcu.externaltools.gnu-tools-for-stm32.9-2020-q2-update.win32_2.0.0.202105311346/tools/bin/../lib/gcc/arm-none-eabi/9.3.1/../../../../arm-none-eabi/lib/thumb/v7e-m/nofp\libc_nano.a(lib_a-nano-vfprintf.o)
                0x000000000800f70e                __sfputs_r
 *fill*         0x000000000800f732        0x2 
 .text._vfprintf_r
                0x000000000800f734      0x260 c:/st/stm32cubeide_1.6.1/stm32cubeide/plugins/com.st.stm32cube.ide.mcu.externaltools.gnu-tools-for-stm32.9-2020-q2-update.win32_2.0.0.202105311346/tools/bin/../lib/gcc/arm-none-eabi/9.3.1/../../../../arm-none-eabi/lib/thumb/v7e-m/nofp\libc_nano.a(lib_a-nano-vfprintf.o)
                0x000000000800f734                _vfprintf_r
                0x000000000800f734                _vfiprintf_r
 .text._printf_common
                0x000000000800f994       0xda c:/st/stm32cubeide_1.6.1/stm32cubeide/plugins/com.st.stm32cube.ide.mcu.externaltools.gnu-tools-for-stm32.9-2020-q2-update.win32_2.0.0.202105311346/tools/bin/../lib/gcc/arm-none-eabi/9.3.1/../../../../arm-none-eabi/lib/thumb/v7e-m/nofp\libc_nano.a(lib_a-nano-vfprintf_i.o)
                0x000000000800f994                _printf_common
 *fill*         0x000000000800fa6e        0x2 
 .text._printf_i
                0x000000000800fa70      0x24c c:/st/stm32cubeide_1.6.1/stm32cubeide/plugins/com.st.stm32cube.ide.mcu.externaltools.gnu-tools-for-stm32.9-2020-q2-update.win32_2.0.0.202105311346/tools/bin/../lib/gcc/arm-none-eabi/9.3.1/../../../../arm-none-eabi/lib/thumb/v7e-m/nofp\libc_nano.a(lib_a-nano-vfprintf_i.o)
                0x000000000800fa70                _printf_i
 .text._putc_r  0x000000000800fcbc       0x90 c:/st/stm32cubeide_1.6.1/stm32cubeide/plugins/com.st.stm32cube.ide.mcu.externaltools.gnu-tools-for-stm32.9-2020-q2-update.win32_2.0.0.202105311346/tools/bin/../lib/gcc/arm-none-eabi/9.3.1/../../../../arm-none-eabi/lib/thumb/v7e-m/nofp\libc_nano.a(lib_a-putc.o)
                0x000000000800fcbc                _putc_r
 .text._sbrk_r  0x000000000800fd4c       0x20 c:/st/stm32cubeide_1.6.1/stm32cubeide/plugins/com.st.stm32cube.ide.mcu.externaltools.gnu-tools-for-stm32.9-2020-q2-update.win32_2.0.0.202105311346/tools/bin/../lib/gcc/arm-none-eabi/9.3.1/../../../../arm-none-eabi/lib/thumb/v7e-m/nofp\libc_nano.a(lib_a-sbrkr.o)
                0x000000000800fd4c                _sbrk_r
 .text.__sread  0x000000000800fd6c       0x22 c:/st/stm32cubeide_1.6.1/stm32cubeide/plugins/com.st.stm32cube.ide.mcu.externaltools.gnu-tools-for-stm32.9-2020-q2-update.win32_2.0.0.202105311346/tools/bin/../lib/gcc/arm-none-eabi/9.3.1/../../../../arm-none-eabi/lib/thumb/v7e-m/nofp\libc_nano.a(lib_a-stdio.o)
                0x000000000800fd6c                __sread
 .text.__swrite
                0x000000000800fd8e       0x38 c:/st/stm32cubeide_1.6.1/stm32cubeide/plugins/com.st.stm32cube.ide.mcu.externaltools.gnu-tools-for-stm32.9-2020-q2-update.win32_2.0.0.202105311346/tools/bin/../lib/gcc/arm-none-eabi/9.3.1/../../../../arm-none-eabi/lib/thumb/v7e-m/nofp\libc_nano.a(lib_a-stdio.o)
                0x000000000800fd8e                __swrite
 .text.__sseek  0x000000000800fdc6       0x24 c:/st/stm32cubeide_1.6.1/stm32cubeide/plugins/com.st.stm32cube.ide.mcu.externaltools.gnu-tools-for-stm32.9-2020-q2-update.win32_2.0.0.202105311346/tools/bin/../lib/gcc/arm-none-eabi/9.3.1/../../../../arm-none-eabi/lib/thumb/v7e-m/nofp\libc_nano.a(lib_a-stdio.o)
                0x000000000800fdc6                __sseek
 .text.__sclose
                0x000000000800fdea        0x8 c:/st/stm32cubeide_1.6.1/stm32cubeide/plugins/com.st.stm32cube.ide.mcu.externaltools.gnu-tools-for-stm32.9-2020-q2-update.win32_2.0.0.202105311346/tools/bin/../lib/gcc/arm-none-eabi/9.3.1/../../../../arm-none-eabi/lib/thumb/v7e-m/nofp\libc_nano.a(lib_a-stdio.o)
                0x000000000800fdea                __sclose
 *fill*         0x000000000800fdf2        0x2 
 .text._write_r
                0x000000000800fdf4       0x24 c:/st/stm32cubeide_1.6.1/stm32cubeide/plugins/com.st.stm32cube.ide.mcu.externaltools.gnu-tools-for-stm32.9-2020-q2-update.win32_2.0.0.202105311346/tools/bin/../lib/gcc/arm-none-eabi/9.3.1/../../../../arm-none-eabi/lib/thumb/v7e-m/nofp\libc_nano.a(lib_a-writer.o)
                0x000000000800fdf4                _write_r
 .text._close_r
                0x000000000800fe18       0x20 c:/st/stm32cubeide_1.6.1/stm32cubeide/plugins/com.st.stm32cube.ide.mcu.externaltools.gnu-tools-for-stm32.9-2020-q2-update.win32_2.0.0.202105311346/tools/bin/../lib/gcc/arm-none-eabi/9.3.1/../../../../arm-none-eabi/lib/thumb/v7e-m/nofp\libc_nano.a(lib_a-closer.o)
                0x000000000800fe18                _close_r
 .text._fstat_r
                0x000000000800fe38       0x24 c:/st/stm32cubeide_1.6.1/stm32cubeide/plugins/com.st.stm32cube.ide.mcu.externaltools.gnu-tools-for-stm32.9-2020-q2-update.win32_2.0.0.202105311346/tools/bin/../lib/gcc/arm-none-eabi/9.3.1/../../../../arm-none-eabi/lib/thumb/v7e-m/nofp\libc_nano.a(lib_a-fstatr.o)
                0x000000000800fe38                _fstat_r
 .text._isatty_r
                0x000000000800fe5c       0x20 c:/st/stm32cubeide_1.6.1/stm32cubeide/plugins/com.st.stm32cube.ide.mcu.externaltools.gnu-tools-for-stm32.9-2020-q2-update.win32_2.0.0.202105311346/tools/bin/../lib/gcc/arm-none-eabi/9.3.1/../../../../arm-none-eabi/lib/thumb/v7e-m/nofp\libc_nano.a(lib_a-isattyr.o)
                0x000000000800fe5c                _isatty_r
 .text._lseek_r
                0x000000000800fe7c       0x24 c:/st/stm32cubeide_1.6.1/stm32cubeide/plugins/com.st.stm32cube.ide.mcu.externaltools.gnu-tools-for-stm32.9-2020-q2-update.win32_2.0.0.202105311346/tools/bin/../lib/gcc/arm-none-eabi/9.3.1/../../../../arm-none-eabi/lib/thumb/v7e-m/nofp\libc_nano.a(lib_a-lseekr.o)
                0x000000000800fe7c                _lseek_r
 .text.__malloc_lock
                0x000000000800fea0        0xc c:/st/stm32cubeide_1.6.1/stm32cubeide/plugins/com.st.stm32cube.ide.mcu.externaltools.gnu-tools-for-stm32.9-2020-q2-update.win32_2.0.0.202105311346/tools/bin/../lib/gcc/arm-none-eabi/9.3.1/../../../../arm-none-eabi/lib/thumb/v7e-m/nofp\libc_nano.a(lib_a-mlock.o)
                0x000000000800fea0                __malloc_lock
 .text.__malloc_unlock
                0x000000000800feac        0xc c:/st/stm32cubeide_1.6.1/stm32cubeide/plugins/com.st.stm32cube.ide.mcu.externaltools.gnu-tools-for-stm32.9-2020-q2-update.win32_2.0.0.202105311346/tools/bin/../lib/gcc/arm-none-eabi/9.3.1/../../../../arm-none-eabi/lib/thumb/v7e-m/nofp\libc_nano.a(lib_a-mlock.o)
                0x000000000800feac                __malloc_unlock
 .text._read_r  0x000000000800feb8       0x24 c:/st/stm32cubeide_1.6.1/stm32cubeide/plugins/com.st.stm32cube.ide.mcu.externaltools.gnu-tools-for-stm32.9-2020-q2-update.win32_2.0.0.202105311346/tools/bin/../lib/gcc/arm-none-eabi/9.3.1/../../../../arm-none-eabi/lib/thumb/v7e-m/nofp\libc_nano.a(lib_a-readr.o)
                0x000000000800feb8                _read_r
 *(.glue_7)
 .glue_7        0x000000000800fedc        0x0 linker stubs
 *(.glue_7t)
 .glue_7t       0x000000000800fedc        0x0 linker stubs
 *(.eh_frame)
 .eh_frame      0x000000000800fedc        0x0 c:/st/stm32cubeide_1.6.1/stm32cubeide/plugins/com.st.stm32cube.ide.mcu.externaltools.gnu-tools-for-stm32.9-2020-q2-update.win32_2.0.0.202105311346/tools/bin/../lib/gcc/arm-none-eabi/9.3.1/thumb/v7e-m/nofp/crtbegin.o
 *(.init)
 .init          0x000000000800fedc        0x4 c:/st/stm32cubeide_1.6.1/stm32cubeide/plugins/com.st.stm32cube.ide.mcu.externaltools.gnu-tools-for-stm32.9-2020-q2-update.win32_2.0.0.202105311346/tools/bin/../lib/gcc/arm-none-eabi/9.3.1/thumb/v7e-m/nofp/crti.o
                0x000000000800fedc                _init
 .init          0x000000000800fee0        0x8 c:/st/stm32cubeide_1.6.1/stm32cubeide/plugins/com.st.stm32cube.ide.mcu.externaltools.gnu-tools-for-stm32.9-2020-q2-update.win32_2.0.0.202105311346/tools/bin/../lib/gcc/arm-none-eabi/9.3.1/thumb/v7e-m/nofp/crtn.o
 *(.fini)
 .fini          0x000000000800fee8        0x4 c:/st/stm32cubeide_1.6.1/stm32cubeide/plugins/com.st.stm32cube.ide.mcu.externaltools.gnu-tools-for-stm32.9-2020-q2-update.win32_2.0.0.202105311346/tools/bin/../lib/gcc/arm-none-eabi/9.3.1/thumb/v7e-m/nofp/crti.o
                0x000000000800fee8                _fini
 .fini          0x000000000800feec        0x8 c:/st/stm32cubeide_1.6.1/stm32cubeide/plugins/com.st.stm32cube.ide.mcu.externaltools.gnu-tools-for-stm32.9-2020-q2-update.win32_2.0.0.202105311346/tools/bin/../lib/gcc/arm-none-eabi/9.3.1/thumb/v7e-m/nofp/crtn.o
                0x000000000800fef8                . = ALIGN (0x8)
 *fill*         0x000000000800fef4        0x4 
                0x000000000800fef8                _etext = .

.vfp11_veneer   0x000000000800fef8        0x0
 .vfp11_veneer  0x000000000800fef8        0x0 linker stubs

.v4_bx          0x000000000800fef8        0x0
 .v4_bx         0x000000000800fef8        0x0 linker stubs

.iplt           0x000000000800fef8        0x0
 .iplt          0x000000000800fef8        0x0 c:/st/stm32cubeide_1.6.1/stm32cubeide/plugins/com.st.stm32cube.ide.mcu.externaltools.gnu-tools-for-stm32.9-2020-q2-update.win32_2.0.0.202105311346/tools/bin/../lib/gcc/arm-none-eabi/9.3.1/thumb/v7e-m/nofp/crtbegin.o

.rodata         0x000000000800fef8     0x1548
                0x000000000800fef8                . = ALIGN (0x8)
 *(.rodata)
 .rodata        0x000000000800fef8      0x264 ./Application/BFU/App/sfu_fwimg_common.o
 .rodata        0x000000000801015c       0x87 ./Application/BFU/App/sfu_loader.o
 *fill*         0x00000000080101e3        0x1 
 .rodata        0x00000000080101e4        0xc ./Drivers/STM32WLxx_HAL_Driver/stm32wlxx_hal_rcc.o
 *(.rodata*)
 .rodata.SFU_BOOT_SM_HandleCriticalFailure.str1.1
                0x00000000080101f0       0x2b ./Application/BFU/App/sfu_boot.o
 .rodata.SFU_BOOT_SM_RollbackInstallPrevUserFw.str1.1
                0x000000000801021b       0x2a ./Application/BFU/App/sfu_boot.o
 .rodata.SFU_BOOT_SM_CheckNewFwToDownload.str1.1
                0x0000000008010245       0x32 ./Application/BFU/App/sfu_boot.o
 .rodata.SFU_BOOT_SM_CheckUserFwStatus.str1.1
                0x0000000008010277      0x21c ./Application/BFU/App/sfu_boot.o
 .rodata.SFU_BOOT_SM_InstallKMSBlob.str1.1
                0x0000000008010493      0x22f ./Application/BFU/App/sfu_boot.o
 .rodata.SFU_BOOT_SM_CheckKMSBlobToInstall.str1.1
                0x00000000080106c2       0x2d ./Application/BFU/App/sfu_boot.o
 .rodata.SFU_BOOT_SM_DownloadNewUserFw.str1.1
                0x00000000080106ef       0x2e ./Application/BFU/App/sfu_boot.o
 .rodata.SFU_BOOT_SM_CheckStatusOnReset.str1.1
                0x000000000801071d      0x1de ./Application/BFU/App/sfu_boot.o
 .rodata.SFU_BOOT_SM_VerifyUserFwSignature.str1.1
                0x00000000080108fb       0x2c ./Application/BFU/App/sfu_boot.o
 .rodata.SFU_BOOT_ForceReboot.str1.1
                0x0000000008010927       0x2e ./Application/BFU/App/sfu_boot.o
 .rodata.SFU_BOOT_RunSecureBootService.str1.1
                0x0000000008010955      0x20d ./Application/BFU/App/sfu_boot.o
                                        0x211 (size before relaxing)
 .rodata.SFU_BOOT_SM_RebootStateMachine.str1.1
                0x0000000008010b62       0x28 ./Application/BFU/App/sfu_boot.o
 .rodata.SFU_BOOT_SM_ResumeInstallNewUserFw.str1.1
                0x0000000008010b8a       0x3c ./Application/BFU/App/sfu_boot.o
 .rodata.SFU_BOOT_SM_ExecuteUserFw.str1.1
                0x0000000008010bc6       0x29 ./Application/BFU/App/sfu_boot.o
 .rodata.SFU_BOOT_SM_InstallNewUserFw.str1.1
                0x0000000008010bef       0x2e ./Application/BFU/App/sfu_boot.o
 *fill*         0x0000000008010c1d        0x3 
 .rodata.fnStateMachineTable.13136
                0x0000000008010c20       0x34 ./Application/BFU/App/sfu_boot.o
 .rodata.SFU_COM_YMODEM_Receive.str1.1
                0x0000000008010c54        0x3 ./Application/BFU/App/sfu_com_loader.o
 .rodata.SFU_EXCPT_SetError.str1.1
                0x0000000008010c57        0x6 ./Application/BFU/App/sfu_error.o
 .rodata.SFU_EXCPT_IrqExceptionHandler.str1.1
                0x0000000008010c5d        0x6 ./Application/BFU/App/sfu_error.o
 .rodata.SFU_EXCPT_Security_Error.str1.1
                0x0000000008010c63       0x31 ./Application/BFU/App/sfu_error.o
 .rodata.str1.1
                0x0000000008010c94      0x234 ./Application/BFU/App/sfu_error.o
 .rodata.m_aErrorStrings
                0x0000000008010ec8       0x64 ./Application/BFU/App/sfu_error.o
 .rodata.SlotStartAdd
                0x0000000008010f2c       0x10 ./Application/BFU/App/sfu_fwimg_common.o
                0x0000000008010f2c                SlotStartAdd
 .rodata.SlotEndAdd
                0x0000000008010f3c       0x10 ./Application/BFU/App/sfu_fwimg_common.o
                0x0000000008010f3c                SlotEndAdd
 .rodata.SlotHeaderAdd
                0x0000000008010f4c       0x10 ./Application/BFU/App/sfu_fwimg_common.o
                0x0000000008010f4c                SlotHeaderAdd
 .rodata.EraseSlotIndex.str1.1
                0x0000000008010f5c       0xc2 ./Application/BFU/App/sfu_fwimg_swap.o
 .rodata.SwapFirmwareImages.constprop.0.str1.1
                0x000000000801101e       0x3e ./Application/BFU/App/sfu_fwimg_swap.o
 .rodata.SFU_IMG_CheckSwapImageHandling.str1.1
                0x000000000801105c      0x1e1 ./Application/BFU/App/sfu_fwimg_swap.o
 *fill*         0x000000000801123d        0x3 
 .rodata.NOT_SWAPPED
                0x0000000008011240        0x8 ./Application/BFU/App/sfu_fwimg_swap.o
 .rodata.SWAPPED
                0x0000000008011248        0x8 ./Application/BFU/App/sfu_fwimg_swap.o
 .rodata.SFU_Decrypt_Init.str1.1
                0x0000000008011250        0x5 ./Application/BFU/App/sfu_interface_crypto_scheme.o
 .rodata.SFU_LL_SECU_CheckApplyStaticProtections.str1.1
                0x0000000008011255       0x39 ./Application/BFU/Target/sfu_low_level_security.o
 .rodata.BUTTON_IRQn
                0x000000000801128e        0x3 ./Drivers/BSP/STM32WLxx_Nucleo/stm32wlxx_nucleo.o
 *fill*         0x0000000008011291        0x1 
 .rodata.BUTTON_PIN
                0x0000000008011292        0x6 ./Drivers/BSP/STM32WLxx_Nucleo/stm32wlxx_nucleo.o
 .rodata.BUTTON_PORT
                0x0000000008011298        0xc ./Drivers/BSP/STM32WLxx_Nucleo/stm32wlxx_nucleo.o
 .rodata.LED_PIN
                0x00000000080112a4        0x6 ./Drivers/BSP/STM32WLxx_Nucleo/stm32wlxx_nucleo.o
 *fill*         0x00000000080112aa        0x2 
 .rodata.LED_PORT