stm32wlxx_ll_pwr.h:1376:22:LL_PWR_UnselectSUBGHZSPI_NSS	0	static
stm32wlxx_ll_pwr.h:1386:22:LL_PWR_SelectSUBGHZSPI_NSS	0	static
stm32wlxx_hal_subghz.c:403:13:HAL_SUBGHZ_MspInit	0	static
stm32wlxx_hal_subghz.c:419:13:HAL_SUBGHZ_MspDeInit	0	static
stm32wlxx_hal_subghz.c:1325:13:HAL_SUBGHZ_TxCpltCallback	0	static
stm32wlxx_hal_subghz.c:1341:13:HAL_SUBGHZ_RxCpltCallback	0	static
stm32wlxx_hal_subghz.c:1357:13:HAL_SUBGHZ_PreambleDetectedCallback	0	static
stm32wlxx_hal_subghz.c:1373:13:HAL_SUBGHZ_SyncWordValidCallback	0	static
stm32wlxx_hal_subghz.c:1389:13:HAL_SUBGHZ_HeaderValidCallback	0	static
stm32wlxx_hal_subghz.c:1405:13:HAL_SUBGHZ_HeaderErrorCallback	0	static
stm32wlxx_hal_subghz.c:1421:13:HAL_SUBGHZ_CRCErrorCallback	0	static
stm32wlxx_hal_subghz.c:1439:13:HAL_SUBGHZ_CADStatusCallback	0	static
stm32wlxx_hal_subghz.c:1457:13:HAL_SUBGHZ_RxTxTimeoutCallback	0	static
stm32wlxx_hal_subghz.c:1492:25:HAL_SUBGHZ_GetState	0	static
stm32wlxx_hal_subghz.c:1504:10:HAL_SUBGHZ_GetError	0	static
stm32wlxx_hal_subghz.c:1528:6:SUBGHZSPI_Init	0	static
stm32wlxx_hal_subghz.c:214:19:HAL_SUBGHZ_Init	16	static
stm32wlxx_hal_subghz.c:1564:7:SUBGHZSPI_DeInit	0	static
stm32wlxx_hal_subghz.c:320:19:HAL_SUBGHZ_DeInit	16	static
stm32wlxx_hal_subghz.c:1580:19:SUBGHZSPI_Transmit	16	static
stm32wlxx_hal_subghz.c:1639:19:SUBGHZSPI_Receive	24	static
stm32wlxx_hal_subghz.c:1728:19:SUBGHZ_WaitOnBusy	16	static
stm32wlxx_hal_subghz.c:1697:19:SUBGHZ_CheckDeviceReady	16	static
stm32wlxx_hal_subghz.c:776:19:HAL_SUBGHZ_WriteRegisters	24	static
stm32wlxx_hal_subghz.c:904:19:HAL_SUBGHZ_WriteRegister	16	static
stm32wlxx_hal_subghz.c:840:19:HAL_SUBGHZ_ReadRegisters	24	static
stm32wlxx_hal_subghz.c:920:19:HAL_SUBGHZ_ReadRegister	0	static
stm32wlxx_hal_subghz.c:937:19:HAL_SUBGHZ_ExecSetCmd	24	static
stm32wlxx_hal_subghz.c:1078:19:HAL_SUBGHZ_WriteBuffer	24	static
stm32wlxx_hal_subghz.c:1138:19:HAL_SUBGHZ_ReadBuffer	24	static
stm32wlxx_hal_subghz.c:1013:19:HAL_SUBGHZ_ExecGetCmd	24	static
stm32wlxx_hal_subghz.c:1199:6:HAL_SUBGHZ_IRQHandler	24	static
