stm32wlxx_hal_adc_ex.c:104:19:HAL_ADCEx_Calibration_Start	16	static
stm32wlxx_hal_adc_ex.c:183:10:HAL_ADCEx_Calibration_GetValue	0	static
stm32wlxx_hal_adc_ex.c:199:19:HAL_ADCEx_Calibration_SetValue	8	static
stm32wlxx_hal_adc_ex.c:242:13:HAL_ADCEx_LevelOutOfWindow2Callback	0	static
stm32wlxx_hal_adc_ex.c:257:13:HAL_ADCEx_LevelOutOfWindow3Callback	0	static
stm32wlxx_hal_adc_ex.c:273:13:HAL_ADCEx_EndOfSamplingCallback	0	static
stm32wlxx_hal_adc_ex.c:288:13:HAL_ADCEx_ChannelConfigReadyCallback	0	static
stm32wlxx_hal_adc_ex.c:311:19:HAL_ADCEx_DisableVoltageRegulator	0	static
