stm32wlxx_hal_uart.c:3649:13:UART_EndTxTransfer	0	static,ignoring_inline_asm
stm32wlxx_hal_uart.c:3665:13:UART_EndRxTransfer	8	static,ignoring_inline_asm
stm32wlxx_hal_uart.c:4070:13:UART_TxISR_8BIT.part.0	0	static,ignoring_inline_asm
stm32wlxx_hal_uart.c:4070:13:UART_TxISR_8BIT	0	static
stm32wlxx_hal_uart.c:4099:13:UART_TxISR_16BIT	0	static
stm32wlxx_hal_uart.c:4131:13:UART_TxISR_8BIT_FIFOEN.part.0	0	static,ignoring_inline_asm
stm32wlxx_hal_uart.c:4131:13:UART_TxISR_8BIT_FIFOEN	4	static
stm32wlxx_hal_uart.c:4171:13:UART_TxISR_16BIT_FIFOEN	4	static
stm32wlxx_hal_uart.c:665:13:HAL_UART_MspInit	0	static
stm32wlxx_hal_uart.c:680:13:HAL_UART_MspDeInit	0	static
stm32wlxx_hal_uart.c:619:19:HAL_UART_DeInit	16	static
stm32wlxx_hal_uart.c:1334:19:HAL_UART_Transmit_IT	8	static,ignoring_inline_asm
stm32wlxx_hal_uart.c:1489:19:HAL_UART_Transmit_DMA	24	static,ignoring_inline_asm
stm32wlxx_hal_uart.c:1635:19:HAL_UART_DMAPause	8	static,ignoring_inline_asm
stm32wlxx_hal_uart.c:1669:19:HAL_UART_DMAResume	0	static,ignoring_inline_asm
stm32wlxx_hal_uart.c:1701:19:HAL_UART_DMAStop	16	static,ignoring_inline_asm
stm32wlxx_hal_uart.c:1776:19:HAL_UART_Abort	8	static,ignoring_inline_asm
stm32wlxx_hal_uart.c:1877:19:HAL_UART_AbortTransmit	8	static,ignoring_inline_asm
stm32wlxx_hal_uart.c:1935:19:HAL_UART_AbortReceive	8	static,ignoring_inline_asm
stm32wlxx_hal_uart.c:2655:13:HAL_UART_TxCpltCallback	0	static
stm32wlxx_hal_uart.c:3691:13:UART_DMATransmitCplt	8	static,ignoring_inline_asm
stm32wlxx_hal_uart.c:2670:13:HAL_UART_TxHalfCpltCallback	0	static
stm32wlxx_hal_uart.c:3725:13:UART_DMATxHalfCplt	8	static
stm32wlxx_hal_uart.c:2685:13:HAL_UART_RxCpltCallback	0	static
stm32wlxx_hal_uart.c:2700:13:HAL_UART_RxHalfCpltCallback	0	static
stm32wlxx_hal_uart.c:2715:13:HAL_UART_ErrorCallback	0	static
stm32wlxx_hal_uart.c:3834:13:UART_DMAError	8	static
stm32wlxx_hal_uart.c:3874:13:UART_DMAAbortOnError	8	static
stm32wlxx_hal_uart.c:2730:13:HAL_UART_AbortCpltCallback	0	static
stm32wlxx_hal_uart.c:2002:19:HAL_UART_Abort_IT	16	static,ignoring_inline_asm
stm32wlxx_hal_uart.c:3952:13:UART_DMARxAbortCallback	8	static
stm32wlxx_hal_uart.c:3897:13:UART_DMATxAbortCallback	8	static
stm32wlxx_hal_uart.c:2745:13:HAL_UART_AbortTransmitCpltCallback	0	static
stm32wlxx_hal_uart.c:2154:19:HAL_UART_AbortTransmit_IT	8	static,ignoring_inline_asm
stm32wlxx_hal_uart.c:4004:13:UART_DMATxOnlyAbortCallback	8	static
stm32wlxx_hal_uart.c:2760:13:HAL_UART_AbortReceiveCpltCallback	0	static
stm32wlxx_hal_uart.c:2244:19:HAL_UART_AbortReceive_IT	8	static,ignoring_inline_asm
stm32wlxx_hal_uart.c:4037:13:UART_DMARxOnlyAbortCallback	8	static
stm32wlxx_hal_uart.c:2777:13:HAL_UARTEx_RxEventCallback	0	static
stm32wlxx_hal_uart.c:2336:6:HAL_UART_IRQHandler	24	static,ignoring_inline_asm
stm32wlxx_hal_uart.c:4237:13:UART_RxISR_8BIT.part.0	8	static,ignoring_inline_asm
stm32wlxx_hal_uart.c:4314:13:UART_RxISR_16BIT	0	static
stm32wlxx_hal_uart.c:4237:13:UART_RxISR_8BIT	4	static
stm32wlxx_hal_uart.c:4393:13:UART_RxISR_8BIT_FIFOEN	40	static,ignoring_inline_asm
stm32wlxx_hal_uart.c:4541:13:UART_RxISR_16BIT_FIFOEN	40	static,ignoring_inline_asm
stm32wlxx_hal_uart.c:3800:13:UART_DMARxHalfCplt	8	static
stm32wlxx_hal_uart.c:3743:13:UART_DMAReceiveCplt	8	static,ignoring_inline_asm
stm32wlxx_hal_uart.c:2825:6:HAL_UART_ReceiverTimeout_Config	0	static
stm32wlxx_hal_uart.c:2840:19:HAL_UART_EnableReceiverTimeout	0	static
stm32wlxx_hal_uart.c:2878:19:HAL_UART_DisableReceiverTimeout	0	static
stm32wlxx_hal_uart.c:2956:6:HAL_MultiProcessor_EnterMuteMode	0	static
stm32wlxx_hal_uart.c:2966:19:HAL_HalfDuplex_EnableTransmitter	8	static,ignoring_inline_asm
stm32wlxx_hal_uart.c:2989:19:HAL_HalfDuplex_EnableReceiver	8	static,ignoring_inline_asm
stm32wlxx_hal_uart.c:3013:19:HAL_LIN_SendBreak	0	static
stm32wlxx_hal_uart.c:3058:23:HAL_UART_GetState	0	static
stm32wlxx_hal_uart.c:3074:10:HAL_UART_GetError	0	static
stm32wlxx_hal_uart.c:3120:19:UART_SetConfig	24	static
stm32wlxx_hal_uart.c:3337:6:UART_AdvFeatureConfig	8	static
stm32wlxx_hal_uart.c:3462:19:UART_WaitOnFlagUntilTimeout	24	static,ignoring_inline_asm
stm32wlxx_hal_uart.c:1121:19:HAL_UART_Transmit	40	static
stm32wlxx_hal_uart.c:1229:19:HAL_UART_Receive	40	static
stm32wlxx_hal_uart.c:3411:19:UART_CheckIdleState	24	static
stm32wlxx_hal_uart.c:302:19:HAL_UART_Init	8	static
stm32wlxx_hal_uart.c:375:19:HAL_HalfDuplex_Init	8	static
stm32wlxx_hal_uart.c:448:19:HAL_LIN_Init	16	static
stm32wlxx_hal_uart.c:545:19:HAL_MultiProcessor_Init	16	static
stm32wlxx_hal_uart.c:2916:19:HAL_MultiProcessor_EnableMuteMode	0	static,ignoring_inline_asm
stm32wlxx_hal_uart.c:2936:19:HAL_MultiProcessor_DisableMuteMode	0	static,ignoring_inline_asm
stm32wlxx_hal_uart.c:3526:19:UART_Start_Receive_IT	8	static,ignoring_inline_asm
stm32wlxx_hal_uart.c:1427:19:HAL_UART_Receive_IT	8	static,ignoring_inline_asm
stm32wlxx_hal_uart.c:3592:19:UART_Start_Receive_DMA	16	static,ignoring_inline_asm
stm32wlxx_hal_uart.c:1584:19:HAL_UART_Receive_DMA	8	static,ignoring_inline_asm
