stm32wlxx_ll_utils.c:648:17:UTILS_GetPLLOutputFrequency	0	static
stm32wlxx_ll_utils.c:678:20:UTILS_PLL_IsBusy	0	static
stm32wlxx_ll_utils.c:169:8:LL_Init1msTick	0	static
stm32wlxx_ll_utils.c:186:6:LL_mDelay	8	static
stm32wlxx_ll_utils.c:263:6:LL_SetSystemCoreClock	0	static
stm32wlxx_ll_utils.c:278:13:LL_SetFlashLatency	16	static
stm32wlxx_ll_utils.c:700:20:UTILS_EnablePLLAndSwitchSystem	32	static
stm32wlxx_ll_utils.c:375:13:LL_PLL_ConfigSystemClock_MSI	16	static
stm32wlxx_ll_utils.c:499:13:LL_PLL_ConfigSystemClock_HSI	16	static
stm32wlxx_ll_utils.c:571:13:LL_PLL_ConfigSystemClock_HSE	16	static
