LmHandler.c:688:24:LmHandlerDeviceTimeReq	32	static
LmHandler.c:923:13:McpsConfirm	16	static
LmHandler.c:331:24:LmHandlerConfigure	144	static
LmHandler.c:452:6:LmHandlerProcess	16	static
LmHandler.c:536:23:LmHandlerJoinStatus	48	static
LmHandler.c:561:24:LmHandlerStop	8	static
LmHandler.c:669:24:LmHandlerLinkCheckReq	32	static
LmHandler.c:757:24:LmHandlerRequestClass	64	static
LmHandler.c:465:6:LmHandlerJoin	56	static
LmHandler.c:432:6:LmHandlerIsBusy	8	static
LmHandler.c:573:24:LmHandlerSend	56	static
LmHandler.c:1084:13:MlmeIndication	24	static
LmHandler.c:856:24:LmHandlerGetCurrentClass	48	static
LmHandler.c:938:13:McpsIndication	48	static
LmHandler.c:874:24:LmHandlerGetTxDatarate	48	static
LmHandler.c:987:13:MlmeConfirm	64	static
LmHandler.c:893:24:LmHandlerGetActiveRegion	0	static
LmHandler.c:1168:24:LmHandlerPackageRegister	24	static
LmHandler.c:302:24:LmHandlerInit	8	static
LmHandler.c:1272:24:LmHandlerGetDevEUI	56	static
LmHandler.c:1289:24:LmHandlerSetDevEUI	0	static
LmHandler.c:1315:24:LmHandlerGetAppEUI	56	static
LmHandler.c:1333:24:LmHandlerSetAppEUI	48	static
LmHandler.c:1355:24:LmHandlerGetNetworkID	48	static
LmHandler.c:1373:24:LmHandlerSetNetworkID	48	static
LmHandler.c:1395:24:LmHandlerGetDevAddr	48	static
LmHandler.c:1413:24:LmHandlerSetDevAddr	0	static
LmHandler.c:1439:24:LmHandlerSetActiveRegion	8	static
LmHandler.c:1454:24:LmHandlerGetAdrEnable	0	static
LmHandler.c:1465:24:LmHandlerSetAdrEnable	48	static
LmHandler.c:1479:24:LmHandlerSetTxDatarate	56	static
LmHandler.c:1499:24:LmHandlerGetDutyCycleEnable	0	static
LmHandler.c:1510:24:LmHandlerSetDutyCycleEnable	8	static
LmHandler.c:1518:24:LmHandlerGetRX2Params	48	static
LmHandler.c:1538:24:LmHandlerGetTxPower	48	static
LmHandler.c:1556:24:LmHandlerGetRx1Delay	48	static
LmHandler.c:1574:24:LmHandlerGetRx2Delay	48	static
LmHandler.c:1592:24:LmHandlerGetJoinRx1Delay	48	static
LmHandler.c:1610:24:LmHandlerGetJoinRx2Delay	48	static
LmHandler.c:1628:24:LmHandlerSetTxPower	48	static
LmHandler.c:1642:24:LmHandlerSetRX2Params	48	static
LmHandler.c:1657:24:LmHandlerSetRx1Delay	48	static
LmHandler.c:1670:24:LmHandlerSetRx2Delay	48	static
LmHandler.c:1683:24:LmHandlerSetJoinRx1Delay	48	static
LmHandler.c:1696:24:LmHandlerSetJoinRx2Delay	48	static
LmHandler.c:1709:24:LmHandlerGetPingPeriodicity	0	static
LmHandler.c:1724:24:LmHandlerSetPingPeriodicity	0	static
LmHandler.c:1743:24:LmHandlerGetBeaconState	0	static
LmHandler.c:1765:24:LmHandlerGetNwkKey	24	static
LmHandler.c:1781:24:LmHandlerSetNwkKey	48	static
LmHandler.c:1802:24:LmHandlerGetAppKey	24	static
LmHandler.c:1818:24:LmHandlerSetAppKey	48	static
LmHandler.c:1839:24:LmHandlerGetNwkSKey	24	static
LmHandler.c:1855:24:LmHandlerSetNwkSKey	48	static
LmHandler.c:1877:24:LmHandlerGetAppSKey	24	static
LmHandler.c:1893:24:LmHandlerSetAppSKey	48	static
