LoRaMacCrypto.c:562:30:DeriveSessionKey10x	24	static
LoRaMacCrypto.c:158:30:PayloadEncrypt	56	static
LoRaMacCrypto.c:708:30:GetLastFcntDown	0	static
LoRaMacCrypto.c:1530:23:LoRaMacCryptoDeriveMcKEKey.part.0	24	static
LoRaMacCrypto.c:401:30:VerifyCmacB0.isra.0.constprop	296	static
LoRaMacCrypto.c:847:23:LoRaMacCryptoInit	8	static
LoRaMacCrypto.c:872:23:LoRaMacCryptoSetLrWanVersion	0	static
LoRaMacCrypto.c:878:23:LoRaMacCryptoGetFCntUp	0	static
LoRaMacCrypto.c:890:23:LoRaMacCryptoGetFCntDown	32	static
LoRaMacCrypto.c:966:23:LoRaMacCryptoSetMulticastReference	0	static
LoRaMacCrypto.c:1002:23:LoRaMacCryptoPrepareJoinRequest	24	static
LoRaMacCrypto.c:1303:23:LoRaMacCryptoSecureMessage	48	static
LoRaMacCrypto.c:1411:23:LoRaMacCryptoUnsecureMessage	40	static
LoRaMacCrypto.c:1509:23:LoRaMacCryptoDeriveMcRootKey	24	static
LoRaMacCrypto.c:981:23:LoRaMacCryptoSetKey	16	static
LoRaMacCrypto.c:1131:23:LoRaMacCryptoHandleJoinAccept	88	static
LoRaMacCrypto.c:1530:23:LoRaMacCryptoDeriveMcKEKey	0	static
LoRaMacCrypto.c:1547:23:LoRaMacCryptoDeriveMcSessionKeyPair	48	static
