LoRaMacClassB.c:618:6:LoRaMacClassBInit	0	static
LoRaMacClassB.c:644:6:LoRaMacClassBSetBeaconState	0	static
LoRaMacClassB.c:672:6:LoRaMacClassBSetPingSlotState	0	static
LoRaMacClassB.c:679:6:LoRaMacClassBSetMulticastSlotState	0	static
LoRaMacClassB.c:686:6:LoRaMacClassBIsAcquisitionInProgress	0	static
LoRaMacClassB.c:707:6:LoRaMacClassBBeaconTimerEvent	0	static
LoRaMacClassB.c:971:6:LoRaMacClassBPingSlotTimerEvent	0	static
LoRaMacClassB.c:1082:6:LoRaMacClassBMulticastSlotTimerEvent	0	static
LoRaMacClassB.c:1238:6:LoRaMacClassBRxBeacon	0	static
LoRaMacClassB.c:1354:6:LoRaMacClassBIsBeaconExpected	0	static
LoRaMacClassB.c:1368:6:LoRaMacClassBIsPingExpected	0	static
LoRaMacClassB.c:1381:6:LoRaMacClassBIsMulticastExpected	0	static
LoRaMacClassB.c:1394:6:LoRaMacClassBIsAcquisitionPending	0	static
LoRaMacClassB.c:1407:6:LoRaMacClassBIsBeaconModeActive	0	static
LoRaMacClassB.c:1421:6:LoRaMacClassBSetPingSlotInfo	0	static
LoRaMacClassB.c:1429:6:LoRaMacClassBHaltBeaconing	0	static
LoRaMacClassB.c:1457:6:LoRaMacClassBResumeBeaconing	0	static
LoRaMacClassB.c:1478:17:LoRaMacClassBSwitchClass	0	static
LoRaMacClassB.c:1503:17:LoRaMacClassBMibGetRequestConfirm	0	static
LoRaMacClassB.c:1532:17:LoRaMacMibClassBSetRequestConfirm	0	static
LoRaMacClassB.c:1556:6:LoRaMacClassBPingSlotInfoAns	0	static
LoRaMacClassB.c:1567:9:LoRaMacClassBPingSlotChannelReq	0	static
LoRaMacClassB.c:1613:6:LoRaMacClassBBeaconTimingAns	0	static
LoRaMacClassB.c:1642:6:LoRaMacClassBDeviceTimeAns	0	static
LoRaMacClassB.c:1678:6:LoRaMacClassBBeaconFreqReq	0	static
LoRaMacClassB.c:1705:13:LoRaMacClassBIsUplinkCollision	0	static
LoRaMacClassB.c:1729:6:LoRaMacClassBStopRxSlots	0	static
LoRaMacClassB.c:1742:6:LoRaMacClassBStartRxSlots	0	static
LoRaMacClassB.c:1758:6:LoRaMacClassBSetMulticastPeriodicity	0	static
LoRaMacClassB.c:1769:6:LoRaMacClassBProcess	0	static
