LoRaMac.c:721:13:OnRadioRxError	0	static
LoRaMac.c:742:13:UpdateRxSlotIdleState	0	static
LoRaMac.c:3130:13:StopRetransmission	0	static
LoRaMac.c:1889:16:GetMaxAppPayloadWithoutFOptsLength	24	static
LoRaMac.c:1728:13:OnAckTimeoutTimerEvent	8	static
LoRaMac.c:800:13:PrepareRxDoneAbort	8	static
LoRaMac.c:1250:13:HandleRadioRxErrorTimeout	24	static
LoRaMac.c:731:13:OnRadioRxTimeout	8	static
LoRaMac.c:710:13:OnRadioTxTimeout	8	static
LoRaMac.c:693:13:OnRadioRxDone	24	static
LoRaMac.c:679:13:OnRadioTxDone	24	static
LoRaMac.c:2637:13:ResetMacParameters	80	static
LoRaMac.c:2486:24:ScheduleTx	96	static
LoRaMac.c:1672:13:OnTxDelayedTimerEvent	8	static
LoRaMac.c:2735:13:OpenContinuousRxCWindow	24	static
LoRaMac.c:1804:24:SwitchClass	24	static
LoRaMac.c:2721:13:RxWindowSetup.constprop	16	static
LoRaMac.c:1698:13:OnRxWindow1TimerEvent	0	static
LoRaMac.c:1710:13:OnRxWindow2TimerEvent	0	static
LoRaMac.c:1933:13:ProcessMacCommands.isra.0.constprop	104	static
LoRaMac.c:1359:6:LoRaMacIsBusy	0	static
LoRaMac.c:1636:6:LoRaMacProcess	184	static,ignoring_inline_asm
LoRaMac.c:3206:17:LoRaMacInitialization	72	static
LoRaMac.c:3403:17:LoRaMacStart	0	static
LoRaMac.c:3409:17:LoRaMacStop	8	static
LoRaMac.c:3423:17:LoRaMacQueryTxPossible	48	static
LoRaMac.c:3481:17:LoRaMacMibGetRequestConfirm	24	static
LoRaMac.c:3675:17:LoRaMacMibSetRequestConfirm	24	static
LoRaMac.c:4352:17:LoRaMacChannelAdd	32	static
LoRaMac.c:4370:17:LoRaMacChannelRemove	16	static
LoRaMac.c:4391:17:LoRaMacMcChannelSetup	24	static
LoRaMac.c:4486:17:LoRaMacMcChannelDelete	48	static
LoRaMac.c:4508:9:LoRaMacMcChannelGetGroupId	0	static
LoRaMac.c:4520:17:LoRaMacMcChannelSetupRxParams	32	static
LoRaMac.c:4581:17:LoRaMacMlmeRequest	48	static
LoRaMac.c:4735:17:LoRaMacMcpsRequest	96	static
LoRaMac.c:4851:6:LoRaMacTestSetDutyCycleOn	24	static
LoRaMac.c:4863:17:LoRaMacDeInitialization	8	static
