LoRaMacCommands.c:297:24:LoRaMacCommandsInit	8	static
LoRaMacCommands.c:307:24:LoRaMacCommandsAddCmd	24	static
LoRaMacCommands.c:340:24:LoRaMacCommandsRemoveCmd	8	static
LoRaMacCommands.c:364:24:LoRaMacCommandsGetCmd	0	static
LoRaMacCommands.c:388:24:LoRaMacCommandsRemoveNoneStickyCmds	8	static
LoRaMacCommands.c:414:24:LoRaMacCommandsRemoveStickyAnsCmds	8	static
LoRaMacCommands.c:436:24:LoRaMacCommandsGetSizeSerializedCmds	0	static
LoRaMacCommands.c:446:24:LoRaMacCommandsSerializeCmds	24	static
LoRaMacCommands.c:489:24:LoRaMacCommandsStickyCmdsPending	0	static
LoRaMacCommands.c:515:9:LoRaMacCommandsGetCmdSize	0	static
