RegionUS915.c:105:20:GetTimeOnAir	32	static
RegionUS915.c:81:13:VerifyRfFreq	8	static
RegionUS915.c:114:12:RegionUS915GetPhyParam	24	static
RegionUS915.c:338:6:RegionUS915SetBandTxDone	24	static
RegionUS915.c:346:6:RegionUS915InitDefaults	48	static
RegionUS915.c:440:6:RegionUS915Verify	8	static
RegionUS915.c:476:6:RegionUS915ApplyCFList	20	static
RegionUS915.c:506:6:RegionUS915ChanMaskSet	16	static
RegionUS915.c:547:6:RegionUS915ComputeRxWindowParameters	32	static
RegionUS915.c:562:6:RegionUS915RxConfig	80	static
RegionUS915.c:613:6:RegionUS915TxConfig	96	static
RegionUS915.c:645:9:RegionUS915LinkAdrReq	120	static
RegionUS915.c:809:9:RegionUS915RxParamSetupReq	16	static
RegionUS915.c:841:8:RegionUS915NewChannelReq	0	static
RegionUS915.c:847:8:RegionUS915TxParamSetupReq	0	static
RegionUS915.c:853:8:RegionUS915DlChannelReq	0	static
RegionUS915.c:859:8:RegionUS915AlternateDr	0	static
RegionUS915.c:888:17:RegionUS915NextChannel	176	static
RegionUS915.c:982:17:RegionUS915ChannelAdd	0	static
RegionUS915.c:987:6:RegionUS915ChannelsRemove	0	static
RegionUS915.c:992:6:RegionUS915SetContinuousWave	40	static
RegionUS915.c:1006:9:RegionUS915ApplyDrOffset	0	static
RegionUS915.c:1021:6:RegionUS915RxBeaconSetup	32	static
