RegionEU433.c:90:12:RegionEU433GetPhyParam	8	static
RegionEU433.c:300:6:RegionEU433SetBandTxDone	0	static
RegionEU433.c:308:6:RegionEU433InitDefaults	0	static
RegionEU433.c:367:6:RegionEU433Verify	0	static
RegionEU433.c:406:6:RegionEU433ApplyCFList	0	static
RegionEU433.c:467:6:RegionEU433ChanMaskSet	0	static
RegionEU433.c:491:6:RegionEU433ComputeRxWindowParameters	0	static
RegionEU433.c:513:6:RegionEU433RxConfig	0	static
RegionEU433.c:578:6:RegionEU433TxConfig	0	static
RegionEU433.c:620:9:RegionEU433LinkAdrReq	0	static
RegionEU433.c:727:9:RegionEU433RxParamSetupReq	0	static
RegionEU433.c:754:8:RegionEU433NewChannelReq	0	static
RegionEU433.c:807:8:RegionEU433TxParamSetupReq	0	static
RegionEU433.c:813:8:RegionEU433DlChannelReq	0	static
RegionEU433.c:840:8:RegionEU433AlternateDr	0	static
RegionEU433.c:849:17:RegionEU433NextChannel	0	static
RegionEU433.c:904:17:RegionEU433ChannelAdd	0	static
RegionEU433.c:967:6:RegionEU433ChannelsRemove	0	static
RegionEU433.c:986:6:RegionEU433SetContinuousWave	0	static
RegionEU433.c:1000:9:RegionEU433ApplyDrOffset	0	static
RegionEU433.c:1015:6:RegionEU433RxBeaconSetup	0	static
