RegionCommon.c:230:6:RegionCommonChanVerifyDr	24	static
RegionCommon.c:255:9:RegionCommonValueInRange	0	static
RegionCommon.c:264:6:RegionCommonChanDisable	8	static
RegionCommon.c:279:9:RegionCommonCountChannels	20	static
RegionCommon.c:296:6:RegionCommonChanMaskCopy	8	static
RegionCommon.c:307:6:RegionCommonSetBandTxDone	12	static
RegionCommon.c:325:13:RegionCommonUpdateBandTimeOff	104	static
RegionCommon.c:420:9:RegionCommonParseLinkAdrReq	0	static
RegionCommon.c:444:9:RegionCommonLinkAdrReqVerifyParams	40	static
RegionCommon.c:501:10:RegionCommonComputeSymbolTimeLoRa	0	static
RegionCommon.c:506:10:RegionCommonComputeSymbolTimeFsk	0	static
RegionCommon.c:511:6:RegionCommonComputeRxWindowParameters	12	static
RegionCommon.c:519:8:RegionCommonComputeTxPower	16	static
RegionCommon.c:528:6:RegionCommonRxBeaconSetup	64	static
RegionCommon.c:559:6:RegionCommonCountNbOfEnabledChannels	48	static
RegionCommon.c:602:17:RegionCommonIdentifyChannels	48	static
RegionCommon.c:646:8:RegionCommonGetNextLowerTxDr	24	static
RegionCommon.c:666:8:RegionCommonLimitTxPower	0	static
RegionCommon.c:672:10:RegionCommonGetBandwidth	0	static
RegionCommon.c:687:6:RegionCommonRxConfigPrint	64	static
RegionCommon.c:701:6:RegionCommonTxConfigPrint	16	static
