RegionIN865.c:90:12:RegionIN865GetPhyParam	8	static
RegionIN865.c:300:6:RegionIN865SetBandTxDone	0	static
RegionIN865.c:308:6:RegionIN865InitDefaults	0	static
RegionIN865.c:367:6:RegionIN865Verify	0	static
RegionIN865.c:420:6:RegionIN865ApplyCFList	0	static
RegionIN865.c:481:6:RegionIN865ChanMaskSet	0	static
RegionIN865.c:505:6:RegionIN865ComputeRxWindowParameters	0	static
RegionIN865.c:527:6:RegionIN865RxConfig	0	static
RegionIN865.c:592:6:RegionIN865TxConfig	0	static
RegionIN865.c:634:9:RegionIN865LinkAdrReq	0	static
RegionIN865.c:748:9:RegionIN865RxParamSetupReq	0	static
RegionIN865.c:777:8:RegionIN865NewChannelReq	0	static
RegionIN865.c:830:8:RegionIN865TxParamSetupReq	0	static
RegionIN865.c:836:8:RegionIN865DlChannelReq	0	static
RegionIN865.c:863:8:RegionIN865AlternateDr	0	static
RegionIN865.c:872:17:RegionIN865NextChannel	0	static
RegionIN865.c:927:17:RegionIN865ChannelAdd	0	static
RegionIN865.c:990:6:RegionIN865ChannelsRemove	0	static
RegionIN865.c:1009:6:RegionIN865SetContinuousWave	0	static
RegionIN865.c:1023:9:RegionIN865ApplyDrOffset	0	static
RegionIN865.c:1033:6:RegionIN865RxBeaconSetup	0	static
