RegionEU868.c:97:20:GetTimeOnAir	40	static
RegionEU868.c:57:13:VerifyRfFreq	16	static
RegionEU868.c:115:12:RegionEU868GetPhyParam	24	static
RegionEU868.c:325:6:RegionEU868SetBandTxDone	24	static
RegionEU868.c:333:6:RegionEU868InitDefaults	160	static
RegionEU868.c:397:6:RegionEU868Verify	16	static
RegionEU868.c:498:6:RegionEU868ChanMaskSet	8	static
RegionEU868.c:522:6:RegionEU868ComputeRxWindowParameters	32	static
RegionEU868.c:544:6:RegionEU868RxConfig	88	static
RegionEU868.c:610:6:RegionEU868TxConfig	96	static
RegionEU868.c:652:9:RegionEU868LinkAdrReq	88	static
RegionEU868.c:759:9:RegionEU868RxParamSetupReq	24	static
RegionEU868.c:840:8:RegionEU868TxParamSetupReq	0	static
RegionEU868.c:846:8:RegionEU868DlChannelReq	16	static
RegionEU868.c:874:8:RegionEU868AlternateDr	0	static
RegionEU868.c:883:17:RegionEU868NextChannel	112	static
RegionEU868.c:938:17:RegionEU868ChannelAdd	32	static
RegionEU868.c:1002:6:RegionEU868ChannelsRemove	4	static
RegionEU868.c:437:6:RegionEU868ApplyCFList	48	static
RegionEU868.c:787:8:RegionEU868NewChannelReq	24	static
RegionEU868.c:1021:6:RegionEU868SetContinuousWave	16	static
RegionEU868.c:1035:9:RegionEU868ApplyDrOffset	0	static
RegionEU868.c:1050:6:RegionEU868RxBeaconSetup	32	static
