RegionAS923.c:157:12:RegionAS923GetPhyParam	8	static
RegionAS923.c:395:6:RegionAS923SetBandTxDone	0	static
RegionAS923.c:403:6:RegionAS923InitDefaults	0	static
RegionAS923.c:464:6:RegionAS923Verify	0	static
RegionAS923.c:517:6:RegionAS923ApplyCFList	0	static
RegionAS923.c:578:6:RegionAS923ChanMaskSet	0	static
RegionAS923.c:602:6:RegionAS923ComputeRxWindowParameters	0	static
RegionAS923.c:624:6:RegionAS923RxConfig	0	static
RegionAS923.c:690:6:RegionAS923TxConfig	0	static
RegionAS923.c:732:9:RegionAS923LinkAdrReq	0	static
RegionAS923.c:839:9:RegionAS923RxParamSetupReq	0	static
RegionAS923.c:866:8:RegionAS923NewChannelReq	0	static
RegionAS923.c:919:8:RegionAS923TxParamSetupReq	0	static
RegionAS923.c:925:8:RegionAS923DlChannelReq	0	static
RegionAS923.c:952:8:RegionAS923AlternateDr	0	static
RegionAS923.c:962:17:RegionAS923NextChannel	0	static
RegionAS923.c:1040:17:RegionAS923ChannelAdd	0	static
RegionAS923.c:1103:6:RegionAS923ChannelsRemove	0	static
RegionAS923.c:1122:6:RegionAS923SetContinuousWave	0	static
RegionAS923.c:1136:9:RegionAS923ApplyDrOffset	0	static
RegionAS923.c:1156:6:RegionAS923RxBeaconSetup	0	static
