RegionAU915.c:93:12:RegionAU915GetPhyParam	8	static
RegionAU915.c:345:6:RegionAU915SetBandTxDone	0	static
RegionAU915.c:353:6:RegionAU915InitDefaults	0	static
RegionAU915.c:447:6:RegionAU915Verify	0	static
RegionAU915.c:497:6:RegionAU915ApplyCFList	0	static
RegionAU915.c:527:6:RegionAU915ChanMaskSet	0	static
RegionAU915.c:559:6:RegionAU915ComputeRxWindowParameters	0	static
RegionAU915.c:574:6:RegionAU915RxConfig	0	static
RegionAU915.c:624:6:RegionAU915TxConfig	0	static
RegionAU915.c:656:9:RegionAU915LinkAdrReq	0	static
RegionAU915.c:819:9:RegionAU915RxParamSetupReq	0	static
RegionAU915.c:851:8:RegionAU915NewChannelReq	0	static
RegionAU915.c:857:8:RegionAU915TxParamSetupReq	0	static
RegionAU915.c:863:8:RegionAU915DlChannelReq	0	static
RegionAU915.c:869:8:RegionAU915AlternateDr	0	static
RegionAU915.c:898:17:RegionAU915NextChannel	0	static
RegionAU915.c:992:17:RegionAU915ChannelAdd	0	static
RegionAU915.c:997:6:RegionAU915ChannelsRemove	0	static
RegionAU915.c:1002:6:RegionAU915SetContinuousWave	0	static
RegionAU915.c:1016:9:RegionAU915ApplyDrOffset	0	static
RegionAU915.c:1038:6:RegionAU915RxBeaconSetup	0	static
