stm32wlxx_hal_pka.c:481:13:HAL_PKA_MspInit	0	static
stm32wlxx_hal_pka.c:344:19:HAL_PKA_Init	16	static
stm32wlxx_hal_pka.c:496:13:HAL_PKA_MspDeInit	0	static
stm32wlxx_hal_pka.c:429:19:HAL_PKA_DeInit	16	static
stm32wlxx_hal_pka.c:953:10:HAL_PKA_ECDSAVerif_IsValidSignature	0	static
stm32wlxx_hal_pka.c:1042:10:HAL_PKA_PointCheck_IsOnCurve	0	static
stm32wlxx_hal_pka.c:1526:19:HAL_PKA_Abort	0	static
stm32wlxx_hal_pka.c:1552:6:HAL_PKA_RAMReset	8	static
stm32wlxx_hal_pka.c:1635:13:HAL_PKA_OperationCpltCallback	0	static
stm32wlxx_hal_pka.c:1650:13:HAL_PKA_ErrorCallback	0	static
stm32wlxx_hal_pka.c:1683:22:HAL_PKA_GetState	0	static
stm32wlxx_hal_pka.c:1694:10:HAL_PKA_GetError	0	static
stm32wlxx_hal_pka.c:1717:10:PKA_GetMode	0	static
stm32wlxx_hal_pka.c:1569:6:HAL_PKA_IRQHandler	16	static
stm32wlxx_hal_pka.c:1730:19:PKA_PollEndOfOperation	16	static
stm32wlxx_hal_pka.c:1753:10:PKA_CheckError	0	static
stm32wlxx_hal_pka.c:1787:10:PKA_GetBitSize_u8	0	static
stm32wlxx_hal_pka.c:1798:10:PKA_GetOptBitSize_u8	0	static
stm32wlxx_hal_pka.c:1850:10:PKA_GetBitSize_u32	0	static
stm32wlxx_hal_pka.c:1860:10:PKA_GetArraySize_u8	0	static
stm32wlxx_hal_pka.c:1875:6:PKA_Memcpy_u32_to_u8	20	static
stm32wlxx_hal_pka.c:848:6:HAL_PKA_ModExp_GetResult	0	static
stm32wlxx_hal_pka.c:996:6:HAL_PKA_RSACRTExp_GetResult	0	static
stm32wlxx_hal_pka.c:896:6:HAL_PKA_ECDSASign_GetResult	24	static
stm32wlxx_hal_pka.c:1115:6:HAL_PKA_ECCMul_GetResult	16	static
stm32wlxx_hal_pka.c:1925:6:PKA_Memcpy_u8_to_u32	20	static
stm32wlxx_hal_pka.c:1973:6:PKA_Memcpy_u32_to_u32	8	static
stm32wlxx_hal_pka.c:1415:6:HAL_PKA_Arithmetic_GetResult	0	static
stm32wlxx_hal_pka.c:1510:6:HAL_PKA_MontgomeryParam_GetResult	0	static
stm32wlxx_hal_pka.c:1998:19:PKA_Process	24	static
stm32wlxx_hal_pka.c:2060:19:PKA_Process_IT	8	static
stm32wlxx_hal_pka.c:2090:6:PKA_ModExp_Set	16	static
stm32wlxx_hal_pka.c:786:19:HAL_PKA_ModExp	16	static
stm32wlxx_hal_pka.c:801:19:HAL_PKA_ModExp_IT	8	static
stm32wlxx_hal_pka.c:2116:6:PKA_ModExpFastMode_Set	16	static
stm32wlxx_hal_pka.c:817:19:HAL_PKA_ModExpFastMode	16	static
stm32wlxx_hal_pka.c:832:19:HAL_PKA_ModExpFastMode_IT	8	static
stm32wlxx_hal_pka.c:2147:6:PKA_ECDSASign_Set	16	static
stm32wlxx_hal_pka.c:866:19:HAL_PKA_ECDSASign	16	static
stm32wlxx_hal_pka.c:881:19:HAL_PKA_ECDSASign_IT	8	static
stm32wlxx_hal_pka.c:2196:6:PKA_ECDSAVerif_Set	16	static
stm32wlxx_hal_pka.c:924:19:HAL_PKA_ECDSAVerif	16	static
stm32wlxx_hal_pka.c:939:19:HAL_PKA_ECDSAVerif_IT	8	static
stm32wlxx_hal_pka.c:2253:6:PKA_RSACRTExp_Set	16	static
stm32wlxx_hal_pka.c:966:19:HAL_PKA_RSACRTExp	16	static
stm32wlxx_hal_pka.c:981:19:HAL_PKA_RSACRTExp_IT	8	static
stm32wlxx_hal_pka.c:2288:6:PKA_PointCheck_Set	16	static
stm32wlxx_hal_pka.c:1013:19:HAL_PKA_PointCheck	16	static
stm32wlxx_hal_pka.c:1028:19:HAL_PKA_PointCheck_IT	8	static
stm32wlxx_hal_pka.c:2322:6:PKA_ECCMul_Set	16	static
stm32wlxx_hal_pka.c:1056:19:HAL_PKA_ECCMul	16	static
stm32wlxx_hal_pka.c:1071:19:HAL_PKA_ECCMul_IT	8	static
stm32wlxx_hal_pka.c:2362:6:PKA_ECCMulFastMode_Set	16	static
stm32wlxx_hal_pka.c:1086:19:HAL_PKA_ECCMulFastMode	16	static
stm32wlxx_hal_pka.c:1101:19:HAL_PKA_ECCMulFastMode_IT	8	static
stm32wlxx_hal_pka.c:2402:6:PKA_ModInv_Set	16	static
stm32wlxx_hal_pka.c:1293:19:HAL_PKA_ModInv	16	static
stm32wlxx_hal_pka.c:1308:19:HAL_PKA_ModInv_IT	8	static
stm32wlxx_hal_pka.c:2421:6:PKA_ModRed_Set	16	static
stm32wlxx_hal_pka.c:1355:19:HAL_PKA_ModRed	16	static
stm32wlxx_hal_pka.c:1370:19:HAL_PKA_ModRed_IT	8	static
stm32wlxx_hal_pka.c:2444:6:PKA_MontgomeryParam_Set	16	static
stm32wlxx_hal_pka.c:1479:19:HAL_PKA_MontgomeryParam	16	static
stm32wlxx_hal_pka.c:1494:19:HAL_PKA_MontgomeryParam_IT	8	static
stm32wlxx_hal_pka.c:2465:6:PKA_ARI_Set	24	static
stm32wlxx_hal_pka.c:1138:19:HAL_PKA_Add	24	static
stm32wlxx_hal_pka.c:1153:19:HAL_PKA_Add_IT	16	static
stm32wlxx_hal_pka.c:1169:19:HAL_PKA_Sub	24	static
stm32wlxx_hal_pka.c:1184:19:HAL_PKA_Sub_IT	16	static
stm32wlxx_hal_pka.c:1200:19:HAL_PKA_Mul	24	static
stm32wlxx_hal_pka.c:1215:19:HAL_PKA_Mul_IT	16	static
stm32wlxx_hal_pka.c:1231:19:HAL_PKA_Cmp	24	static
stm32wlxx_hal_pka.c:1246:19:HAL_PKA_Cmp_IT	16	static
stm32wlxx_hal_pka.c:1262:19:HAL_PKA_ModAdd	24	static
stm32wlxx_hal_pka.c:1277:19:HAL_PKA_ModAdd_IT	16	static
stm32wlxx_hal_pka.c:1324:19:HAL_PKA_ModSub	24	static
stm32wlxx_hal_pka.c:1339:19:HAL_PKA_ModSub_IT	16	static
stm32wlxx_hal_pka.c:1386:19:HAL_PKA_MontgomeryMul	24	static
stm32wlxx_hal_pka.c:1401:19:HAL_PKA_MontgomeryMul_IT	16	static
