stm32wlxx_hal_cryp.c:3026:13:CRYP_SetKey	0	static
stm32wlxx_hal_cryp.c:5234:13:CRYP_Read_IVRegisters	0	static
stm32wlxx_hal_cryp.c:5161:26:CRYP_WaitOnCCFlag	16	static
stm32wlxx_hal_cryp.c:4683:26:CRYP_GCMCCM_SetHeaderPhase	72	static
stm32wlxx_hal_cryp.c:568:19:HAL_CRYP_SetConfig	16	static
stm32wlxx_hal_cryp.c:641:19:HAL_CRYP_GetConfig	8	static
stm32wlxx_hal_cryp.c:695:13:HAL_CRYP_MspInit	0	static
stm32wlxx_hal_cryp.c:447:19:HAL_CRYP_Init	8	static
stm32wlxx_hal_cryp.c:711:13:HAL_CRYP_MspDeInit	0	static
stm32wlxx_hal_cryp.c:515:19:HAL_CRYP_DeInit	16	static
stm32wlxx_hal_cryp.c:917:6:HAL_CRYP_ProcessSuspend	0	static
stm32wlxx_hal_cryp.c:1909:10:HAL_CRYP_GetError	0	static
stm32wlxx_hal_cryp.c:1920:23:HAL_CRYP_GetState	0	static
stm32wlxx_hal_cryp.c:1931:13:HAL_CRYP_InCpltCallback	0	static
stm32wlxx_hal_cryp.c:5448:13:CRYP_PhaseProcessingResume	16	static
stm32wlxx_hal_cryp.c:3265:26:CRYP_AESGCM_Process_IT	80	static
stm32wlxx_hal_cryp.c:3934:26:CRYP_AESCCM_Process_IT	80	static
stm32wlxx_hal_cryp.c:1402:19:HAL_CRYP_Encrypt_IT	16	static
stm32wlxx_hal_cryp.c:1512:19:HAL_CRYP_Decrypt_IT	24	static
stm32wlxx_hal_cryp.c:1006:19:HAL_CRYP_Resume	16	static
stm32wlxx_hal_cryp.c:1947:13:HAL_CRYP_OutCpltCallback	0	static
stm32wlxx_hal_cryp.c:1963:13:HAL_CRYP_ErrorCallback	0	static
stm32wlxx_hal_cryp.c:933:19:HAL_CRYP_Suspend	24	static
stm32wlxx_hal_cryp.c:2850:13:CRYP_AES_ProcessData	32	static
stm32wlxx_hal_cryp.c:3735:26:CRYP_AESCCM_Process	40	static
stm32wlxx_hal_cryp.c:3062:26:CRYP_AESGCM_Process	40	static
stm32wlxx_hal_cryp.c:1203:19:HAL_CRYP_Encrypt	24	static
stm32wlxx_hal_cryp.c:1303:19:HAL_CRYP_Decrypt	24	static
stm32wlxx_hal_cryp.c:2752:13:CRYP_SetDMAConfig	24	static
stm32wlxx_hal_cryp.c:4549:26:CRYP_GCMCCM_SetPayloadPhase_DMA	32	static
stm32wlxx_hal_cryp.c:4843:26:CRYP_GCMCCM_SetHeaderPhase_DMA	64	static
stm32wlxx_hal_cryp.c:3631:26:CRYP_AESGCM_Process_DMA	8	static
stm32wlxx_hal_cryp.c:4292:26:CRYP_AESCCM_Process_DMA	8	static
stm32wlxx_hal_cryp.c:1621:19:HAL_CRYP_Encrypt_DMA	16	static
stm32wlxx_hal_cryp.c:1748:19:HAL_CRYP_Decrypt_DMA	24	static
stm32wlxx_hal_cryp.c:2720:13:CRYP_DMAError	8	static
stm32wlxx_hal_cryp.c:1857:6:HAL_CRYP_IRQHandler	72	static
stm32wlxx_hal_cryp.c:5190:13:CRYP_ClearCCFlagWhenHigh.constprop	16	static
stm32wlxx_hal_cryp.c:2500:13:CRYP_DMAInCplt	64	static
stm32wlxx_hal_cryp.c:2609:13:CRYP_DMAOutCplt	32	static
