stm32_seq.c:182:6:UTIL_SEQ_Init	16	static
stm32_seq.c:195:6:UTIL_SEQ_DeInit	0	static
stm32_seq.c:308:6:UTIL_SEQ_SetTask	8	static,ignoring_inline_asm
stm32_seq.c:320:10:UTIL_SEQ_IsSchedulableTask	8	static,ignoring_inline_asm
stm32_seq.c:331:6:UTIL_SEQ_PauseTask	0	static,ignoring_inline_asm
stm32_seq.c:342:10:UTIL_SEQ_IsPauseTask	0	static,ignoring_inline_asm
stm32_seq.c:353:6:UTIL_SEQ_ResumeTask	0	static,ignoring_inline_asm
stm32_seq.c:364:6:UTIL_SEQ_SetEvt	0	static,ignoring_inline_asm
stm32_seq.c:375:6:UTIL_SEQ_ClrEvt	0	static,ignoring_inline_asm
stm32_seq.c:433:15:UTIL_SEQ_IsEvtPend	0	static
stm32_seq.c:444:13:UTIL_SEQ_Idle	0	static
stm32_seq.c:449:13:UTIL_SEQ_PreIdle	0	static
stm32_seq.c:457:13:UTIL_SEQ_PostIdle	0	static
stm32_seq.c:480:9:SEQ_BitPosition	0	static
stm32_seq.c:204:6:UTIL_SEQ_Run	32	static,ignoring_inline_asm
stm32_seq.c:438:13:UTIL_SEQ_EvtIdle	0	static
stm32_seq.c:386:6:UTIL_SEQ_WaitEvt	24	static
stm32_seq.c:297:6:UTIL_SEQ_RegTask	8	static,ignoring_inline_asm
