stm32_timer.c:118:21:UTIL_TIMER_Init	0	static
stm32_timer.c:125:21:UTIL_TIMER_DeInit	0	static
stm32_timer.c:130:21:UTIL_TIMER_Create	24	static
stm32_timer.c:307:21:UTIL_TIMER_SetReloadMode	0	static
stm32_timer.c:344:10:UTIL_TIMER_IsRunning	0	static
stm32_timer.c:419:19:UTIL_TIMER_GetCurrentTime	8	static
stm32_timer.c:425:19:UTIL_TIMER_GetElapsedTime	16	static
stm32_timer.c:450:6:TimerExists	0	static
stm32_timer.c:322:21:UTIL_TIMER_GetRemainingTime	16	static
stm32_timer.c:356:10:UTIL_TIMER_GetFirstRemainingTime	16	static
stm32_timer.c:470:6:TimerSetTimeout	32	static
stm32_timer.c:221:21:UTIL_TIMER_Stop	16	static,ignoring_inline_asm
stm32_timer.c:491:6:TimerInsertTimer	8	static
stm32_timer.c:523:6:TimerInsertNewHeadTimer	0	static
stm32_timer.c:151:21:UTIL_TIMER_Start	24	static,ignoring_inline_asm
stm32_timer.c:201:21:UTIL_TIMER_StartWithPeriod	8	static
stm32_timer.c:287:21:UTIL_TIMER_SetPeriod	8	static
stm32_timer.c:367:6:UTIL_TIMER_IRQ_Handler	24	static,ignoring_inline_asm
