Archive member included to satisfy reference by file (symbol)

c:/st/stm32cubeide_1.6.1/stm32cubeide/plugins/com.st.stm32cube.ide.mcu.externaltools.gnu-tools-for-stm32.9-2020-q2-update.win32_2.0.0.202105311346/tools/bin/../lib/gcc/arm-none-eabi/9.3.1/../../../../arm-none-eabi/lib/thumb/v7e-m/nofp\libc_nano.a(lib_a-errno.o)
                              ./Application/User/syscalls.o (__errno)
c:/st/stm32cubeide_1.6.1/stm32cubeide/plugins/com.st.stm32cube.ide.mcu.externaltools.gnu-tools-for-stm32.9-2020-q2-update.win32_2.0.0.202105311346/tools/bin/../lib/gcc/arm-none-eabi/9.3.1/../../../../arm-none-eabi/lib/thumb/v7e-m/nofp\libc_nano.a(lib_a-exit.o)
                              c:/st/stm32cubeide_1.6.1/stm32cubeide/plugins/com.st.stm32cube.ide.mcu.externaltools.gnu-tools-for-stm32.9-2020-q2-update.win32_2.0.0.202105311346/tools/bin/../lib/gcc/arm-none-eabi/9.3.1/../../../../arm-none-eabi/lib/thumb/v7e-m/nofp/crt0.o (exit)
c:/st/stm32cubeide_1.6.1/stm32cubeide/plugins/com.st.stm32cube.ide.mcu.externaltools.gnu-tools-for-stm32.9-2020-q2-update.win32_2.0.0.202105311346/tools/bin/../lib/gcc/arm-none-eabi/9.3.1/../../../../arm-none-eabi/lib/thumb/v7e-m/nofp\libc_nano.a(lib_a-impure.o)
                              c:/st/stm32cubeide_1.6.1/stm32cubeide/plugins/com.st.stm32cube.ide.mcu.externaltools.gnu-tools-for-stm32.9-2020-q2-update.win32_2.0.0.202105311346/tools/bin/../lib/gcc/arm-none-eabi/9.3.1/../../../../arm-none-eabi/lib/thumb/v7e-m/nofp\libc_nano.a(lib_a-exit.o) (_global_impure_ptr)
c:/st/stm32cubeide_1.6.1/stm32cubeide/plugins/com.st.stm32cube.ide.mcu.externaltools.gnu-tools-for-stm32.9-2020-q2-update.win32_2.0.0.202105311346/tools/bin/../lib/gcc/arm-none-eabi/9.3.1/../../../../arm-none-eabi/lib/thumb/v7e-m/nofp\libc_nano.a(lib_a-init.o)
                              c:/st/stm32cubeide_1.6.1/stm32cubeide/plugins/com.st.stm32cube.ide.mcu.externaltools.gnu-tools-for-stm32.9-2020-q2-update.win32_2.0.0.202105311346/tools/bin/../lib/gcc/arm-none-eabi/9.3.1/../../../../arm-none-eabi/lib/thumb/v7e-m/nofp/crt0.o (__libc_init_array)
c:/st/stm32cubeide_1.6.1/stm32cubeide/plugins/com.st.stm32cube.ide.mcu.externaltools.gnu-tools-for-stm32.9-2020-q2-update.win32_2.0.0.202105311346/tools/bin/../lib/gcc/arm-none-eabi/9.3.1/../../../../arm-none-eabi/lib/thumb/v7e-m/nofp\libc_nano.a(lib_a-memcmp.o)
                              ./Application/User/nvms_low_level.o (memcmp)
c:/st/stm32cubeide_1.6.1/stm32cubeide/plugins/com.st.stm32cube.ide.mcu.externaltools.gnu-tools-for-stm32.9-2020-q2-update.win32_2.0.0.202105311346/tools/bin/../lib/gcc/arm-none-eabi/9.3.1/../../../../arm-none-eabi/lib/thumb/v7e-m/nofp\libc_nano.a(lib_a-memcpy-stub.o)
                              ./Middlewares/STM32_Key_Management_Services/ca_core.o (memcpy)
c:/st/stm32cubeide_1.6.1/stm32cubeide/plugins/com.st.stm32cube.ide.mcu.externaltools.gnu-tools-for-stm32.9-2020-q2-update.win32_2.0.0.202105311346/tools/bin/../lib/gcc/arm-none-eabi/9.3.1/../../../../arm-none-eabi/lib/thumb/v7e-m/nofp\libc_nano.a(lib_a-memset.o)
                              c:/st/stm32cubeide_1.6.1/stm32cubeide/plugins/com.st.stm32cube.ide.mcu.externaltools.gnu-tools-for-stm32.9-2020-q2-update.win32_2.0.0.202105311346/tools/bin/../lib/gcc/arm-none-eabi/9.3.1/../../../../arm-none-eabi/lib/thumb/v7e-m/nofp/crt0.o (memset)

Allocating common symbols
Common symbol       size              file

kms_mem_pool        0x2138            ./Middlewares/STM32_Key_Management_Services/kms_mem.o

Discarded input sections

 .text          0x0000000000000000        0x0 c:/st/stm32cubeide_1.6.1/stm32cubeide/plugins/com.st.stm32cube.ide.mcu.externaltools.gnu-tools-for-stm32.9-2020-q2-update.win32_2.0.0.202105311346/tools/bin/../lib/gcc/arm-none-eabi/9.3.1/thumb/v7e-m/nofp/crti.o
 .data          0x0000000000000000        0x0 c:/st/stm32cubeide_1.6.1/stm32cubeide/plugins/com.st.stm32cube.ide.mcu.externaltools.gnu-tools-for-stm32.9-2020-q2-update.win32_2.0.0.202105311346/tools/bin/../lib/gcc/arm-none-eabi/9.3.1/thumb/v7e-m/nofp/crti.o
 .bss           0x0000000000000000        0x0 c:/st/stm32cubeide_1.6.1/stm32cubeide/plugins/com.st.stm32cube.ide.mcu.externaltools.gnu-tools-for-stm32.9-2020-q2-update.win32_2.0.0.202105311346/tools/bin/../lib/gcc/arm-none-eabi/9.3.1/thumb/v7e-m/nofp/crti.o
 .data          0x0000000000000000        0x4 c:/st/stm32cubeide_1.6.1/stm32cubeide/plugins/com.st.stm32cube.ide.mcu.externaltools.gnu-tools-for-stm32.9-2020-q2-update.win32_2.0.0.202105311346/tools/bin/../lib/gcc/arm-none-eabi/9.3.1/thumb/v7e-m/nofp/crtbegin.o
 .text          0x0000000000000000       0x7c c:/st/stm32cubeide_1.6.1/stm32cubeide/plugins/com.st.stm32cube.ide.mcu.externaltools.gnu-tools-for-stm32.9-2020-q2-update.win32_2.0.0.202105311346/tools/bin/../lib/gcc/arm-none-eabi/9.3.1/../../../../arm-none-eabi/lib/thumb/v7e-m/nofp/crt0.o
[...]
Memory Configuration

Name             Origin             Length             Attributes
INTVECT_ROM_region 0x0000000008000000 0x0000000000000200 xr
SE_CallGate_ROM_region 0x0000000008000200 0x0000000000000100 xr
SE_Key_region_ROM 0x0000000008000300 0x0000000000000300 xr
SE_Startup_ROM_region 0x0000000008000600 0x0000000000000100 xr
SE_ROM_region    0x0000000008000200 0x0000000000008500 xr
SE_Code_NoKey_ROM_region 0x0000000008000700 0x0000000000008000 xr
User_Key_region_ROM 0x0000000008008400 0x0000000000000300 xr
SE_IF_ROM_region 0x0000000008008700 0x0000000000000f00 xr
SB_ROM_region    0x0000000008009600 0x0000000000009a00 xr
SE_RAM_region    0x0000000020000c00 0x0000000000002800 xrw
SB_RAM_region    0x0000000020003400 0x0000000000004c00 xrw
*default*        0x0000000000000000 0xffffffffffffffff

Linker script and memory map

LOAD c:/st/stm32cubeide_1.6.1/stm32cubeide/plugins/com.st.stm32cube.ide.mcu.externaltools.gnu-tools-for-stm32.9-2020-q2-update.win32_2.0.0.202105311346/tools/bin/../lib/gcc/arm-none-eabi/9.3.1/thumb/v7e-m/nofp/crti.o
LOAD c:/st/stm32cubeide_1.6.1/stm32cubeide/plugins/com.st.stm32cube.ide.mcu.externaltools.gnu-tools-for-stm32.9-2020-q2-update.win32_2.0.0.202105311346/tools/bin/../lib/gcc/arm-none-eabi/9.3.1/thumb/v7e-m/nofp/crtbegin.o
LOAD c:/st/stm32cubeide_1.6.1/stm32cubeide/plugins/com.st.stm32cube.ide.mcu.externaltools.gnu-tools-for-stm32.9-2020-q2-update.win32_2.0.0.202105311346/tools/bin/../lib/gcc/arm-none-eabi/9.3.1/../../../../arm-none-eabi/lib/thumb/v7e-m/nofp/crt0.o
LOAD ./Application/Startup/data_init.o
LOAD ./Application/User/ca_low_level.o
LOAD ./Application/User/kms_low_level.o
LOAD ./Application/User/nvms_low_level.o
LOAD ./Application/User/se_low_level.o
LOAD ./Application/User/syscalls.o
LOAD ./Application/User/sysmem.o
LOAD ./Drivers/STM32WLxx_HAL_Driver/stm32wlxx_hal_crc.o
LOAD ./Drivers/STM32WLxx_HAL_Driver/stm32wlxx_hal_crc_ex.o
LOAD ./Drivers/STM32WLxx_HAL_Driver/stm32wlxx_hal_cryp.o
LOAD ./Drivers/STM32WLxx_HAL_Driver/stm32wlxx_hal_cryp_ex.o
LOAD ./Drivers/STM32WLxx_HAL_Driver/stm32wlxx_hal_flash.o
LOAD ./Drivers/STM32WLxx_HAL_Driver/stm32wlxx_hal_flash_ex.o
LOAD ./Drivers/STM32WLxx_HAL_Driver/stm32wlxx_hal_pka.o
LOAD ./Middlewares/STM32_Key_Management_Services/ca_core.o
LOAD ./Middlewares/STM32_Key_Management_Services/kms_der_x962.o
LOAD ./Middlewares/STM32_Key_Management_Services/kms_digest.o
LOAD ./Middlewares/STM32_Key_Management_Services/kms_dyn_obj.o
LOAD ./Middlewares/STM32_Key_Management_Services/kms_ecc.o
LOAD ./Middlewares/STM32_Key_Management_Services/kms_enc_dec.o
LOAD ./Middlewares/STM32_Key_Management_Services/kms_entry.o
LOAD ./Middlewares/STM32_Key_Management_Services/kms_init.o
LOAD ./Middlewares/STM32_Key_Management_Services/kms_key_mgt.o
LOAD ./Middlewares/STM32_Key_Management_Services/kms_mem.o
LOAD ./Middlewares/STM32_Key_Management_Services/kms_nvm_storage.o
LOAD ./Middlewares/STM32_Key_Management_Services/kms_objects.o
LOAD ./Middlewares/STM32_Key_Management_Services/kms_platf_objects.o
LOAD ./Middlewares/STM32_Key_Management_Services/kms_sign_verify.o
LOAD ./Middlewares/STM32_Secure_Engine/se_callgate.o
LOAD ./Middlewares/STM32_Secure_Engine/se_exception.o
LOAD ./Middlewares/STM32_Secure_Engine/se_fwimg.o
LOAD ./Middlewares/STM32_Secure_Engine/se_startup.o
LOAD ./Middlewares/STM32_Secure_Engine/se_user_application.o
LOAD ./Middlewares/STM32_Secure_Engine/se_utils.o
LOAD ./Middlewares/Third_Party/mbed-crypto/sha256.o
START GROUP
LOAD c:/st/stm32cubeide_1.6.1/stm32cubeide/plugins/com.st.stm32cube.ide.mcu.externaltools.gnu-tools-for-stm32.9-2020-q2-update.win32_2.0.0.202105311346/tools/bin/../lib/gcc/arm-none-eabi/9.3.1/../../../../arm-none-eabi/lib/thumb/v7e-m/nofp\libc_nano.a
LOAD c:/st/stm32cubeide_1.6.1/stm32cubeide/plugins/com.st.stm32cube.ide.mcu.externaltools.gnu-tools-for-stm32.9-2020-q2-update.win32_2.0.0.202105311346/tools/bin/../lib/gcc/arm-none-eabi/9.3.1/../../../../arm-none-eabi/lib/thumb/v7e-m/nofp\libm.a
END GROUP
START GROUP
LOAD c:/st/stm32cubeide_1.6.1/stm32cubeide/plugins/com.st.stm32cube.ide.mcu.externaltools.gnu-tools-for-stm32.9-2020-q2-update.win32_2.0.0.202105311346/tools/bin/../lib/gcc/arm-none-eabi/9.3.1/thumb/v7e-m/nofp\libgcc.a
LOAD c:/st/stm32cubeide_1.6.1/stm32cubeide/plugins/com.st.stm32cube.ide.mcu.externaltools.gnu-tools-for-stm32.9-2020-q2-update.win32_2.0.0.202105311346/tools/bin/../lib/gcc/arm-none-eabi/9.3.1/../../../../arm-none-eabi/lib/thumb/v7e-m/nofp\libc_nano.a
END GROUP
START GROUP
LOAD c:/st/stm32cubeide_1.6.1/stm32cubeide/plugins/com.st.stm32cube.ide.mcu.externaltools.gnu-tools-for-stm32.9-2020-q2-update.win32_2.0.0.202105311346/tools/bin/../lib/gcc/arm-none-eabi/9.3.1/thumb/v7e-m/nofp\libgcc.a
LOAD c:/st/stm32cubeide_1.6.1/stm32cubeide/plugins/com.st.stm32cube.ide.mcu.externaltools.gnu-tools-for-stm32.9-2020-q2-update.win32_2.0.0.202105311346/tools/bin/../lib/gcc/arm-none-eabi/9.3.1/../../../../arm-none-eabi/lib/thumb/v7e-m/nofp\libc_nano.a
LOAD c:/st/stm32cubeide_1.6.1/stm32cubeide/plugins/com.st.stm32cube.ide.mcu.externaltools.gnu-tools-for-stm32.9-2020-q2-update.win32_2.0.0.202105311346/tools/bin/../lib/gcc/arm-none-eabi/9.3.1/../../../../arm-none-eabi/lib/thumb/v7e-m/nofp\libnosys.a
END GROUP
START GROUP
LOAD c:/st/stm32cubeide_1.6.1/stm32cubeide/plugins/com.st.stm32cube.ide.mcu.externaltools.gnu-tools-for-stm32.9-2020-q2-update.win32_2.0.0.202105311346/tools/bin/../lib/gcc/arm-none-eabi/9.3.1/thumb/v7e-m/nofp\libgcc.a
LOAD c:/st/stm32cubeide_1.6.1/stm32cubeide/plugins/com.st.stm32cube.ide.mcu.externaltools.gnu-tools-for-stm32.9-2020-q2-update.win32_2.0.0.202105311346/tools/bin/../lib/gcc/arm-none-eabi/9.3.1/../../../../arm-none-eabi/lib/thumb/v7e-m/nofp\libc_nano.a
LOAD c:/st/stm32cubeide_1.6.1/stm32cubeide/plugins/com.st.stm32cube.ide.mcu.externaltools.gnu-tools-for-stm32.9-2020-q2-update.win32_2.0.0.202105311346/tools/bin/../lib/gcc/arm-none-eabi/9.3.1/../../../../arm-none-eabi/lib/thumb/v7e-m/nofp\libnosys.a
END GROUP
LOAD c:/st/stm32cubeide_1.6.1/stm32cubeide/plugins/com.st.stm32cube.ide.mcu.externaltools.gnu-tools-for-stm32.9-2020-q2-update.win32_2.0.0.202105311346/tools/bin/../lib/gcc/arm-none-eabi/9.3.1/thumb/v7e-m/nofp/crtend.o
LOAD c:/st/stm32cubeide_1.6.1/stm32cubeide/plugins/com.st.stm32cube.ide.mcu.externaltools.gnu-tools-for-stm32.9-2020-q2-update.win32_2.0.0.202105311346/tools/bin/../lib/gcc/arm-none-eabi/9.3.1/thumb/v7e-m/nofp/crtn.o
                0x0000000000000200                _Min_Heap_Size = 0x200
                0x0000000000000000                _Min_Stack_Size = 0x0
                0x0000000008015000                SWAP_start = 0x8015000
                0x0000000008015fff                SWAP_end = 0x8015fff
                0x000000000802b000                SLOT_Active_1_start = 0x802b000
                0x000000000803ffff                SLOT_Active_1_end = 0x803ffff
                0x000000000802b000                SLOT_Active_1_header = SLOT_Active_1_start
                0x0000000008016000                SLOT_Dwl_1_start = 0x8016000
                0x000000000802afff                SLOT_Dwl_1_end = 0x802afff
                0x0000000000000000                SLOT_Active_2_header = 0x0
                0x0000000000000000                SLOT_Active_2_start = 0x0
                0x0000000000000000                SLOT_Active_2_end = 0x0
                0x0000000000000000                SLOT_Active_3_header = 0x0
                0x0000000000000000                SLOT_Active_3_start = 0x0
                0x0000000000000000                SLOT_Active_3_end = 0x0
                0x0000000000000000                SLOT_Dwl_2_start = 0x0
                0x0000000000000000                SLOT_Dwl_2_end = 0x0
                0x0000000000000000                SLOT_Dwl_3_start = 0x0
                0x0000000000000000                SLOT_Dwl_3_end = 0x0
                0x0000000008000000                INTVECT_start = 0x8000000
                0x0000000000000200                Vector_size = 0x200
                0x0000000008000200                SE_Code_region_ROM_start = (INTVECT_start + Vector_size)
                0x0000000008000200                SE_CallGate_region_ROM_start = SE_Code_region_ROM_start
                0x00000000080002ff                SE_CallGate_region_ROM_end = (SE_Code_region_ROM_start + 0xff)
                0x0000000008000300                SE_Key_region_ROM_start = (SE_CallGate_region_ROM_end + 0x1)
                0x00000000080005ff                SE_Key_region_ROM_end = (SE_Key_region_ROM_start + 0x2ff)
                0x0000000008000600                SE_Startup_region_ROM_start = (SE_Key_region_ROM_end + 0x1)
                0x0000000008000700                SE_Code_NoKey_region_ROM_start = (SE_Startup_region_ROM_start + 0x100)
                0x00000000080086ff                SE_Code_region_ROM_end = (SE_Startup_region_ROM_start + 0x80ff)
                0x0000000008008400                User_Key_region_ROM_start = (SE_Code_region_ROM_end - 0x2ff)
                0x00000000080086ff                User_Key_region_ROM_end = SE_Code_region_ROM_end
                0x0000000008008700                SE_IF_region_ROM_start = (SE_Code_region_ROM_end + 0x1)
                0x00000000080095ff                SE_IF_region_ROM_end = (SE_IF_region_ROM_start + 0xeff)
                0x0000000008009600                SB_region_ROM_start = (SE_IF_region_ROM_end + 0x1)
                0x0000000008012fff                SB_region_ROM_end = 0x8012fff
                0x0000000008013000                KMS_DataStorage_start = 0x8013000
                0x0000000008014fff                KMS_DataStorage_end = 0x8014fff
                0x0000000000000100                SE_CallGate_region_ROM_size = ((SE_CallGate_region_ROM_end - SE_CallGate_region_ROM_start) + 0x1)
                0x0000000000000300                SE_Key_region_ROM_size = ((SE_Key_region_ROM_end - SE_Key_region_ROM_start) + 0x1)
                0x0000000000000100                SE_Startup_region_ROM_size = (SE_Code_NoKey_region_ROM_start - SE_Startup_region_ROM_start)
                0x0000000000008500                SE_Code_region_ROM_size = ((SE_Code_region_ROM_end - SE_Code_region_ROM_start) + 0x1)
                0x0000000000008000                SE_Code_NoKey_region_ROM_size = ((SE_Code_region_ROM_end - SE_Code_NoKey_region_ROM_start) + 0x1)
                0x0000000000000300                User_Key_region_ROM_size = ((User_Key_region_ROM_end - User_Key_region_ROM_start) + 0x1)
                0x0000000000000f00                SE_IF_region_ROM_size = ((SE_IF_region_ROM_end - SE_IF_region_ROM_start) + 0x1)
                0x0000000000009a00                SB_region_ROM_size = ((SB_region_ROM_end - SB_region_ROM_start) + 0x1)
                0x0000000000002000                KMS_DataStorage_size = ((KMS_DataStorage_end - KMS_DataStorage_start) + 0x1)
                0x0000000020000000                SE_region_RAM_start = 0x20000000
                0x0000000020000c00                SE_region_RAM_stack_top = 0x20000c00
                0x00000000200033ff                SE_region_RAM_end = 0x200033ff
                0x0000000020003400                SB_region_RAM_start = (SE_region_RAM_end + 0x1)
                0x0000000020007fff                SB_region_RAM_end = 0x20007fff
                0x0000000000002800                SE_region_RAM_size = ((SE_region_RAM_end - SE_region_RAM_stack_top) + 0x1)
                0x0000000000004c00                SB_region_RAM_size = ((SB_region_RAM_end - SB_region_RAM_start) + 0x1)

.SE_CallGate_Code
                0x0000000008000200       0xcc
                0x0000000008000200        0x1 BYTE 0x0
                0x0000000008000201        0x1 BYTE 0x0
                0x0000000008000202        0x1 BYTE 0x0
                0x0000000008000203        0x1 BYTE 0x0
 *(.SE_CallGate_Code)
 .SE_CallGate_Code
                0x0000000008000204       0xc8 ./Middlewares/STM32_Secure_Engine/se_callgate.o
                0x0000000008000204                SE_CallGate

.SE_embedded_Keys
                0x0000000008000300      0x200
 *(.SE_embedded_Keys)
 .SE_embedded_Keys
                0x0000000008000300      0x200 ./Middlewares/STM32_Key_Management_Services/kms_platf_objects.o

.SE_Startup_Code
                0x0000000008000600       0x10
 *se_startup.o(.text .text*)
 .text          0x0000000008000600        0x0 ./Middlewares/STM32_Secure_Engine/se_startup.o
 .text.SE_CORE_Startup
                0x0000000008000600       0x10 ./Middlewares/STM32_Secure_Engine/se_startup.o
                0x0000000008000600                SE_CORE_Startup

.text           0x0000000008000700     0x63f8
                0x0000000008000700                . = ALIGN (0x8)
 *(.text)
 .text          0x0000000008000700       0x40 c:/st/stm32cubeide_1.6.1/stm32cubeide/plugins/com.st.stm32cube.ide.mcu.externaltools.gnu-tools-for-stm32.9-2020-q2-update.win32_2.0.0.202105311346/tools/bin/../lib/gcc/arm-none-eabi/9.3.1/thumb/v7e-m/nofp/crtbegin.o
 *(.text*)
 .text.LoopCopyDataInit
                0x0000000008000740       0x44 ./Application/Startup/data_init.o
                0x0000000008000740                LoopCopyDataInit
 .text.LoopFillZerobss
                0x0000000008000784       0x38 ./Application/Startup/data_init.o
                0x0000000008000784                LoopFillZerobss
 .text.__gcc_data_init
                0x00000000080007bc        0xe ./Application/Startup/data_init.o
                0x00000000080007bc                __gcc_data_init
 *fill*         0x00000000080007ca        0x2 
 .text.HAL_CRYP_MspInit
                0x00000000080007cc       0x30 ./Application/User/ca_low_level.o
                0x00000000080007cc                HAL_CRYP_MspInit
 .text.HAL_CRYP_MspDeInit
                0x00000000080007fc       0x24 ./Application/User/ca_low_level.o
                0x00000000080007fc                HAL_CRYP_MspDeInit
 .text.HAL_PKA_MspInit
                0x0000000008000820       0x30 ./Application/User/ca_low_level.o
                0x0000000008000820                HAL_PKA_MspInit
 .text.HAL_PKA_MspDeInit
                0x0000000008000850       0x24 ./Application/User/ca_low_level.o
                0x0000000008000850                HAL_PKA_MspDeInit
 .text.KMS_LL_IsBufferInSecureEnclave
                0x0000000008000874       0x40 ./Application/User/kms_low_level.o
                0x0000000008000874                KMS_LL_IsBufferInSecureEnclave
 .text.KMS_LL_ReportError
                0x00000000080008b4        0x2 ./Application/User/kms_low_level.o
                0x00000000080008b4                KMS_LL_ReportError
 *fill*         0x00000000080008b6        0x2 
 .text.KMS_LL_FLASH_Read
                0x00000000080008b8       0x18 ./Application/User/kms_low_level.o
                0x00000000080008b8                KMS_LL_FLASH_Read
 .text.NVMS_LL_Init
                0x00000000080008d0        0x2 ./Application/User/nvms_low_level.o
                0x00000000080008d0                NVMS_LL_Init
 *fill*         0x00000000080008d2        0x2 
 .text.NVMS_LL_IsBlockErased
                0x00000000080008d4       0x30 ./Application/User/nvms_low_level.o
                0x00000000080008d4                NVMS_LL_IsBlockErased
 .text.NVMS_LL_BlockErase
                0x0000000008000904       0x4c ./Application/User/nvms_low_level.o
                0x0000000008000904                NVMS_LL_BlockErase
 .text.NVMS_LL_Write
                0x0000000008000950       0x96 ./Application/User/nvms_low_level.o
                0x0000000008000950                NVMS_LL_Write
 *fill*         0x00000000080009e6        0x2 
 .text.__NVIC_SystemReset
                0x00000000080009e8       0x24 ./Application/User/se_low_level.o
 .text.SE_LL_GetPage
                0x0000000008000a0c       0x28 ./Application/User/se_low_level.o
 .text.SE_LL_FLASH_Erase
                0x0000000008000a34       0x54 ./Application/User/se_low_level.o
                0x0000000008000a34                SE_LL_FLASH_Erase
 .text.SE_LL_FLASH_Write
                0x0000000008000a88       0x5c ./Application/User/se_low_level.o
                0x0000000008000a88                SE_LL_FLASH_Write
 .text.SE_LL_FLASH_Read
                0x0000000008000ae4       0x74 ./Application/User/se_low_level.o
                0x0000000008000ae4                SE_LL_FLASH_Read
 .text.SE_LL_Buffer_in_ram
                0x0000000008000b58       0x30 ./Application/User/se_low_level.o
                0x0000000008000b58                SE_LL_Buffer_in_ram
 .text.SE_LL_Buffer_in_SBSFU_ram
                0x0000000008000b88       0x30 ./Application/User/se_low_level.o
                0x0000000008000b88                SE_LL_Buffer_in_SBSFU_ram
 .text.SE_LL_Buffer_part_of_SE_ram
                0x0000000008000bb8       0x38 ./Application/User/se_low_level.o
                0x0000000008000bb8                SE_LL_Buffer_part_of_SE_ram
 .text.SE_LL_Buffer_part_of_SE_rom
                0x0000000008000bf0       0x38 ./Application/User/se_low_level.o
                0x0000000008000bf0                SE_LL_Buffer_part_of_SE_rom
 .text.SE_LL_Lock_Keys
                0x0000000008000c28       0x6c ./Application/User/se_low_level.o
                0x0000000008000c28                SE_LL_Lock_Keys
 .text.SE_LL_CORE_Cleanup
                0x0000000008000c94        0x2 ./Application/User/se_low_level.o
                0x0000000008000c94                SE_LL_CORE_Cleanup
 .text.CRYP_SetKey
                0x0000000008000c96       0x42 ./Drivers/STM32WLxx_HAL_Driver/stm32wlxx_hal_cryp.o
 .text.CRYP_WaitOnCCFlag
                0x0000000008000cd8       0x2e ./Drivers/STM32WLxx_HAL_Driver/stm32wlxx_hal_cryp.o
 *fill*         0x0000000008000d06        0x2 
 .text.CRYP_GCMCCM_SetHeaderPhase
                0x0000000008000d08      0x1f0 ./Drivers/STM32WLxx_HAL_Driver/stm32wlxx_hal_cryp.o
 .text.HAL_CRYP_Init
                0x0000000008000ef8       0x46 ./Drivers/STM32WLxx_HAL_Driver/stm32wlxx_hal_cryp.o
                0x0000000008000ef8                HAL_CRYP_Init
 .text.HAL_CRYP_DeInit
                0x0000000008000f3e       0x2e ./Drivers/STM32WLxx_HAL_Driver/stm32wlxx_hal_cryp.o
                0x0000000008000f3e                HAL_CRYP_DeInit
 .text.HAL_CRYP_ErrorCallback
                0x0000000008000f6c        0x2 ./Drivers/STM32WLxx_HAL_Driver/stm32wlxx_hal_cryp.o
                0x0000000008000f6c                HAL_CRYP_ErrorCallback
 .text.CRYP_AES_ProcessData
                0x0000000008000f6e       0xd2 ./Drivers/STM32WLxx_HAL_Driver/stm32wlxx_hal_cryp.o
 .text.CRYP_AESCCM_Process
                0x0000000008001040      0x1cc ./Drivers/STM32WLxx_HAL_Driver/stm32wlxx_hal_cryp.o
 .text.CRYP_AESGCM_Process
                0x000000000800120c      0x1dc ./Drivers/STM32WLxx_HAL_Driver/stm32wlxx_hal_cryp.o
 .text.HAL_CRYP_Encrypt
                0x00000000080013e8      0x11c ./Drivers/STM32WLxx_HAL_Driver/stm32wlxx_hal_cryp.o
                0x00000000080013e8                HAL_CRYP_Encrypt
 .text.HAL_CRYP_Decrypt
                0x0000000008001504      0x1a0 ./Drivers/STM32WLxx_HAL_Driver/stm32wlxx_hal_cryp.o
                0x0000000008001504                HAL_CRYP_Decrypt
 .text.HAL_CRYPEx_AESGCM_GenerateAuthTAG
                0x00000000080016a4      0x100 ./Drivers/STM32WLxx_HAL_Driver/stm32wlxx_hal_cryp_ex.o
                0x00000000080016a4                HAL_CRYPEx_AESGCM_GenerateAuthTAG
 .text.FLASH_Program_Fast
                0x00000000080017a4       0x30 ./Drivers/STM32WLxx_HAL_Driver/stm32wlxx_hal_flash.o
 .text.HAL_FLASH_Unlock
                0x00000000080017d4       0x24 ./Drivers/STM32WLxx_HAL_Driver/stm32wlxx_hal_flash.o
                0x00000000080017d4                HAL_FLASH_Unlock
 .text.HAL_FLASH_Lock
                0x00000000080017f8       0x18 ./Drivers/STM32WLxx_HAL_Driver/stm32wlxx_hal_flash.o
                0x00000000080017f8                HAL_FLASH_Lock
 .text.FLASH_WaitForLastOperation
                0x0000000008001810       0x5c ./Drivers/STM32WLxx_HAL_Driver/stm32wlxx_hal_flash.o
                0x0000000008001810                FLASH_WaitForLastOperation
 .text.HAL_FLASH_Program
                0x000000000800186c       0x70 ./Drivers/STM32WLxx_HAL_Driver/stm32wlxx_hal_flash.o
                0x000000000800186c                HAL_FLASH_Program
 .text.FLASH_PageErase
                0x00000000080018dc       0x1c ./Drivers/STM32WLxx_HAL_Driver/stm32wlxx_hal_flash_ex.o
                0x00000000080018dc                FLASH_PageErase
 .text.HAL_FLASHEx_Erase
                0x00000000080018f8       0x9c ./Drivers/STM32WLxx_HAL_Driver/stm32wlxx_hal_flash_ex.o
                0x00000000080018f8                HAL_FLASHEx_Erase
 .text.HAL_PKA_Init
                0x0000000008001994       0x50 ./Drivers/STM32WLxx_HAL_Driver/stm32wlxx_hal_pka.o
                0x0000000008001994                HAL_PKA_Init
 .text.HAL_PKA_DeInit
                0x00000000080019e4       0x28 ./Drivers/STM32WLxx_HAL_Driver/stm32wlxx_hal_pka.o
                0x00000000080019e4                HAL_PKA_DeInit
 .text.HAL_PKA_ECDSAVerif_IsValidSignature
                0x0000000008001a0c        0xe ./Drivers/STM32WLxx_HAL_Driver/stm32wlxx_hal_pka.o
                0x0000000008001a0c                HAL_PKA_ECDSAVerif_IsValidSignature
 .text.PKA_PollEndOfOperation
                0x0000000008001a1a       0x2a ./Drivers/STM32WLxx_HAL_Driver/stm32wlxx_hal_pka.o
                0x0000000008001a1a                PKA_PollEndOfOperation
 .text.PKA_CheckError
                0x0000000008001a44       0x26 ./Drivers/STM32WLxx_HAL_Driver/stm32wlxx_hal_pka.o
                0x0000000008001a44                PKA_CheckError
 .text.PKA_GetOptBitSize_u8
                0x0000000008001a6a       0x12 ./Drivers/STM32WLxx_HAL_Driver/stm32wlxx_hal_pka.o
                0x0000000008001a6a                PKA_GetOptBitSize_u8
 .text.PKA_Memcpy_u8_to_u32
                0x0000000008001a7c       0x84 ./Drivers/STM32WLxx_HAL_Driver/stm32wlxx_hal_pka.o
                0x0000000008001a7c                PKA_Memcpy_u8_to_u32
 .text.PKA_Process
                0x0000000008001b00       0x84 ./Drivers/STM32WLxx_HAL_Driver/stm32wlxx_hal_pka.o
                0x0000000008001b00                PKA_Process
 .text.PKA_ECDSAVerif_Set
                0x0000000008001b84      0x138 ./Drivers/STM32WLxx_HAL_Driver/stm32wlxx_hal_pka.o
                0x0000000008001b84                PKA_ECDSAVerif_Set
 .text.HAL_PKA_ECDSAVerif
                0x0000000008001cbc       0x18 ./Drivers/STM32WLxx_HAL_Driver/stm32wlxx_hal_pka.o
                0x0000000008001cbc                HAL_PKA_ECDSAVerif
 .text.load_block
                0x0000000008001cd4       0x86 ./Middlewares/STM32_Key_Management_Services/ca_core.o
 .text.derive_subkey2
                0x0000000008001d5a       0x36 ./Middlewares/STM32_Key_Management_Services/ca_core.o
 .text.xor_key  0x0000000008001d90       0x1c ./Middlewares/STM32_Key_Management_Services/ca_core.o
 .text.cleanup_handle
                0x0000000008001dac        0xa ./Middlewares/STM32_Key_Management_Services/ca_core.o
 .text.wrap_allocate_memory
                0x0000000008001db6       0x20 ./Middlewares/STM32_Key_Management_Services/ca_core.o
                0x0000000008001db6                wrap_allocate_memory
 .text.wrap_uint8_to_BigNum
                0x0000000008001dd6       0x98 ./Middlewares/STM32_Key_Management_Services/ca_core.o
                0x0000000008001dd6                wrap_uint8_to_BigNum
 .text.wrap_BigNum_to_uint8
                0x0000000008001e6e       0x4e ./Middlewares/STM32_Key_Management_Services/ca_core.o
                0x0000000008001e6e                wrap_BigNum_to_uint8
 .text.CMAC_compute
                0x0000000008001ebc      0x1f4 ./Middlewares/STM32_Key_Management_Services/ca_core.o
                0x0000000008001ebc                CMAC_compute
 .text.CA_AES_CBC_Encrypt_Init
                0x00000000080020b0       0xf8 ./Middlewares/STM32_Key_Management_Services/ca_core.o
                0x00000000080020b0                CA_AES_CBC_Encrypt_Init
 .text.CA_AES_CBC_Encrypt_Append
                0x00000000080021a8       0x38 ./Middlewares/STM32_Key_Management_Services/ca_core.o
                0x00000000080021a8                CA_AES_CBC_Encrypt_Append
 .text.CA_AES_CBC_Encrypt_Finish
                0x00000000080021e0       0x20 ./Middlewares/STM32_Key_Management_Services/ca_core.o
                0x00000000080021e0                CA_AES_CBC_Encrypt_Finish
 .text.CA_AES_CBC_Decrypt_Init
                0x0000000008002200       0xec ./Middlewares/STM32_Key_Management_Services/ca_core.o
                0x0000000008002200                CA_AES_CBC_Decrypt_Init
 .text.CA_AES_CBC_Decrypt_Append
                0x00000000080022ec       0x38 ./Middlewares/STM32_Key_Management_Services/ca_core.o
                0x00000000080022ec                CA_AES_CBC_Decrypt_Append
 .text.CA_AES_CBC_Decrypt_Finish
                0x0000000008002324        0x4 ./Middlewares/STM32_Key_Management_Services/ca_core.o
                0x0000000008002324                CA_AES_CBC_Decrypt_Finish
 .text.CA_AES_CMAC_Encrypt_Init
                0x0000000008002328       0x2c ./Middlewares/STM32_Key_Management_Services/ca_core.o
                0x0000000008002328                CA_AES_CMAC_Encrypt_Init
 .text.CA_AES_CMAC_Encrypt_Append
                0x0000000008002354       0x34 ./Middlewares/STM32_Key_Management_Services/ca_core.o
                0x0000000008002354                CA_AES_CMAC_Encrypt_Append
 .text.CA_AES_CMAC_Encrypt_Finish
                0x0000000008002388       0x26 ./Middlewares/STM32_Key_Management_Services/ca_core.o
                0x0000000008002388                CA_AES_CMAC_Encrypt_Finish
 .text.CA_AES_CMAC_Decrypt_Init
                0x00000000080023ae       0x30 ./Middlewares/STM32_Key_Management_Services/ca_core.o
                0x00000000080023ae                CA_AES_CMAC_Decrypt_Init
 .text.CA_AES_CMAC_Decrypt_Append
                0x00000000080023de        0x4 ./Middlewares/STM32_Key_Management_Services/ca_core.o
                0x00000000080023de                CA_AES_CMAC_Decrypt_Append
 .text.CA_AES_CMAC_Decrypt_Finish
                0x00000000080023e2       0x2a ./Middlewares/STM32_Key_Management_Services/ca_core.o
                0x00000000080023e2                CA_AES_CMAC_Decrypt_Finish
 .text.CA_AES_ECB_Encrypt_Init
                0x000000000800240c       0xac ./Middlewares/STM32_Key_Management_Services/ca_core.o
                0x000000000800240c                CA_AES_ECB_Encrypt_Init
 .text.CA_AES_ECB_Encrypt_Append
                0x00000000080024b8       0x38 ./Middlewares/STM32_Key_Management_Services/ca_core.o
                0x00000000080024b8                CA_AES_ECB_Encrypt_Append
 .text.CA_AES_ECB_Encrypt_Finish
                0x00000000080024f0       0x20 ./Middlewares/STM32_Key_Management_Services/ca_core.o
                0x00000000080024f0                CA_AES_ECB_Encrypt_Finish
 .text.CA_AES_ECB_Decrypt_Init
                0x0000000008002510        0x4 ./Middlewares/STM32_Key_Management_Services/ca_core.o
                0x0000000008002510                CA_AES_ECB_Decrypt_Init
 .text.CA_AES_ECB_Decrypt_Append
                0x0000000008002514       0x38 ./Middlewares/STM32_Key_Management_Services/ca_core.o
                0x0000000008002514                CA_AES_ECB_Decrypt_Append
 .text.CA_AES_ECB_Decrypt_Finish
                0x000000000800254c        0x4 ./Middlewares/STM32_Key_Management_Services/ca_core.o
                0x000000000800254c                CA_AES_ECB_Decrypt_Finish
 .text.CA_AES_GCM_Encrypt_Init
                0x0000000008002550       0xf0 ./Middlewares/STM32_Key_Management_Services/ca_core.o
                0x0000000008002550                CA_AES_GCM_Encrypt_Init
 .text.CA_AES_GCM_Encrypt_Append
                0x0000000008002640       0x72 ./Middlewares/STM32_Key_Management_Services/ca_core.o
                0x0000000008002640                CA_AES_GCM_Encrypt_Append
 .text.CA_AES_GCM_Encrypt_Finish
                0x00000000080026b2       0x54 ./Middlewares/STM32_Key_Management_Services/ca_core.o
                0x00000000080026b2                CA_AES_GCM_Encrypt_Finish
 *fill*         0x0000000008002706        0x2 
 .text.CA_AES_GCM_Decrypt_Init
                0x0000000008002708       0xf0 ./Middlewares/STM32_Key_Management_Services/ca_core.o
                0x0000000008002708                CA_AES_GCM_Decrypt_Init
 .text.CA_AES_GCM_Decrypt_Append
                0x00000000080027f8       0x72 ./Middlewares/STM32_Key_Management_Services/ca_core.o
                0x00000000080027f8                CA_AES_GCM_Decrypt_Append
 .text.CA_AES_GCM_Decrypt_Finish
                0x000000000800286a       0x6c ./Middlewares/STM32_Key_Management_Services/ca_core.o
                0x000000000800286a                CA_AES_GCM_Decrypt_Finish
 .text.CA_AES_GCM_Header_Append
                0x00000000080028d6       0x60 ./Middlewares/STM32_Key_Management_Services/ca_core.o
                0x00000000080028d6                CA_AES_GCM_Header_Append
 .text.CA_SHA256_Init
                0x0000000008002936       0x20 ./Middlewares/STM32_Key_Management_Services/ca_core.o
                0x0000000008002936                CA_SHA256_Init
 .text.CA_SHA256_Append
                0x0000000008002956       0x1c ./Middlewares/STM32_Key_Management_Services/ca_core.o
                0x0000000008002956                CA_SHA256_Append
 .text.CA_SHA256_Finish
                0x0000000008002972       0x22 ./Middlewares/STM32_Key_Management_Services/ca_core.o
                0x0000000008002972                CA_SHA256_Finish
 .text.CA_ECCinitEC
                0x0000000008002994        0x4 ./Middlewares/STM32_Key_Management_Services/ca_core.o
                0x0000000008002994                CA_ECCinitEC
 .text.CA_ECCfreeEC
                0x0000000008002998        0x4 ./Middlewares/STM32_Key_Management_Services/ca_core.o
                0x0000000008002998                CA_ECCfreeEC
 .text.CA_ECCinitPoint
                0x000000000800299c       0x9a ./Middlewares/STM32_Key_Management_Services/ca_core.o
                0x000000000800299c                CA_ECCinitPoint
 .text.CA_ECCfreePoint
                0x0000000008002a36        0x4 ./Middlewares/STM32_Key_Management_Services/ca_core.o
                0x0000000008002a36                CA_ECCfreePoint
 .text.CA_ECCsetPointCoordinate
                0x0000000008002a3a       0x28 ./Middlewares/STM32_Key_Management_Services/ca_core.o
                0x0000000008002a3a                CA_ECCsetPointCoordinate
 *fill*         0x0000000008002a62        0x2 
 .text.CA_ECDSAinitSign
                0x0000000008002a64       0x94 ./Middlewares/STM32_Key_Management_Services/ca_core.o
                0x0000000008002a64                CA_ECDSAinitSign
 .text.CA_ECDSAfreeSign
                0x0000000008002af8        0x4 ./Middlewares/STM32_Key_Management_Services/ca_core.o
                0x0000000008002af8                CA_ECDSAfreeSign
 .text.CA_ECDSAsetSignature
                0x0000000008002afc       0x2a ./Middlewares/STM32_Key_Management_Services/ca_core.o
                0x0000000008002afc                CA_ECDSAsetSignature
 .text.CA_ECDSAverify
                0x0000000008002b26      0x236 ./Middlewares/STM32_Key_Management_Services/ca_core.o
                0x0000000008002b26                CA_ECDSAverify
 .text.CA_ECCvalidatePubKey
                0x0000000008002d5c        0x4 ./Middlewares/STM32_Key_Management_Services/ca_core.o
                0x0000000008002d5c                CA_ECCvalidatePubKey
 .text.CA_Init  0x0000000008002d60        0x4 ./Middlewares/STM32_Key_Management_Services/ca_core.o
                0x0000000008002d60                CA_Init
 .text.CA_DeInit
                0x0000000008002d64        0x4 ./Middlewares/STM32_Key_Management_Services/ca_core.o
                0x0000000008002d64                CA_DeInit
 .text.KMS_DerX962_OctetStringDataOffset
                0x0000000008002d68       0x22 ./Middlewares/STM32_Key_Management_Services/kms_der_x962.o
                0x0000000008002d68                KMS_DerX962_OctetStringDataOffset
 .text.KMS_DerX962_ExtractPublicKeyCoord
                0x0000000008002d8a       0x42 ./Middlewares/STM32_Key_Management_Services/kms_der_x962.o
                0x0000000008002d8a                KMS_DerX962_ExtractPublicKeyCoord
 .text.KMS_DigestInit
                0x0000000008002dcc       0x7c ./Middlewares/STM32_Key_Management_Services/kms_digest.o
                0x0000000008002dcc                KMS_DigestInit
 .text.KMS_Digest
                0x0000000008002e48       0xb0 ./Middlewares/STM32_Key_Management_Services/kms_digest.o
                0x0000000008002e48                KMS_Digest
 .text.KMS_DigestUpdate
                0x0000000008002ef8       0x60 ./Middlewares/STM32_Key_Management_Services/kms_digest.o
                0x0000000008002ef8                KMS_DigestUpdate
 .text.KMS_DigestFinal
                0x0000000008002f58       0x98 ./Middlewares/STM32_Key_Management_Services/kms_digest.o
                0x0000000008002f58                KMS_DigestFinal
 .text.KMS_CreateObject
                0x0000000008002ff0       0x98 ./Middlewares/STM32_Key_Management_Services/kms_dyn_obj.o
                0x0000000008002ff0                KMS_CreateObject
 .text.KMS_DestroyObject
                0x0000000008003088       0x64 ./Middlewares/STM32_Key_Management_Services/kms_dyn_obj.o
                0x0000000008003088                KMS_DestroyObject
 .text.KMS_GetAttributeValue
                0x00000000080030ec      0x11c ./Middlewares/STM32_Key_Management_Services/kms_dyn_obj.o
                0x00000000080030ec                KMS_GetAttributeValue
 .text.KMS_FindObjectsInit
                0x0000000008003208       0xa0 ./Middlewares/STM32_Key_Management_Services/kms_dyn_obj.o
                0x0000000008003208                KMS_FindObjectsInit
 .text.KMS_FindObjects
                0x00000000080032a8       0x70 ./Middlewares/STM32_Key_Management_Services/kms_dyn_obj.o
                0x00000000080032a8                KMS_FindObjects
 .text.KMS_FindObjectsFinal
                0x0000000008003318       0x44 ./Middlewares/STM32_Key_Management_Services/kms_dyn_obj.o
                0x0000000008003318                KMS_FindObjectsFinal
 .text.KMS_ECC_LoadCurve
                0x000000000800335c       0x70 ./Middlewares/STM32_Key_Management_Services/kms_ecc.o
                0x000000000800335c                KMS_ECC_LoadCurve
 .text.encrypt_decrypt_init.part.0
                0x00000000080033cc      0x300 ./Middlewares/STM32_Key_Management_Services/kms_enc_dec.o
 .text.KMS_EncryptInit
                0x00000000080036cc       0x34 ./Middlewares/STM32_Key_Management_Services/kms_enc_dec.o
                0x00000000080036cc                KMS_EncryptInit
 .text.KMS_EncryptUpdate
                0x0000000008003700       0xf8 ./Middlewares/STM32_Key_Management_Services/kms_enc_dec.o
                0x0000000008003700                KMS_EncryptUpdate
 .text.KMS_Encrypt
                0x00000000080037f8       0x38 ./Middlewares/STM32_Key_Management_Services/kms_enc_dec.o
                0x00000000080037f8                KMS_Encrypt
 .text.KMS_EncryptFinal
                0x0000000008003830       0xd4 ./Middlewares/STM32_Key_Management_Services/kms_enc_dec.o
                0x0000000008003830                KMS_EncryptFinal
 .text.KMS_DecryptInit
                0x0000000008003904       0x34 ./Middlewares/STM32_Key_Management_Services/kms_enc_dec.o
                0x0000000008003904                KMS_DecryptInit
 .text.KMS_DecryptUpdate
                0x0000000008003938      0x100 ./Middlewares/STM32_Key_Management_Services/kms_enc_dec.o
                0x0000000008003938                KMS_DecryptUpdate
 .text.KMS_Decrypt
                0x0000000008003a38       0x38 ./Middlewares/STM32_Key_Management_Services/kms_enc_dec.o
                0x0000000008003a38                KMS_Decrypt
 .text.KMS_DecryptFinal
                0x0000000008003a70       0xd0 ./Middlewares/STM32_Key_Management_Services/kms_enc_dec.o
                0x0000000008003a70                KMS_DecryptFinal
 .text.KMS_Entry_CheckMechanismContent
                0x0000000008003b40       0xc4 ./Middlewares/STM32_Key_Management_Services/kms_entry.o
 .text.KMS_Entry
                0x0000000008003c04      0x8e8 ./Middlewares/STM32_Key_Management_Services/kms_entry.o
                0x0000000008003c04                KMS_Entry
 .text.KMS_Initialize
                0x00000000080044ec       0x64 ./Middlewares/STM32_Key_Management_Services/kms_init.o
                0x00000000080044ec                KMS_Initialize
 .text.KMS_Finalize
                0x0000000008004550       0x34 ./Middlewares/STM32_Key_Management_Services/kms_init.o
                0x0000000008004550                KMS_Finalize
 .text.KMS_OpenSession
                0x0000000008004584       0x68 ./Middlewares/STM32_Key_Management_Services/kms_init.o
                0x0000000008004584                KMS_OpenSession
 .text.KMS_CheckSessionHdle
                0x00000000080045ec       0x24 ./Middlewares/STM32_Key_Management_Services/kms_init.o
                0x00000000080045ec                KMS_CheckSessionHdle
 .text.KMS_CloseSession
                0x0000000008004610       0x48 ./Middlewares/STM32_Key_Management_Services/kms_init.o
                0x0000000008004610                KMS_CloseSession
 .text.KMS_SetStateIdle
                0x0000000008004658       0x14 ./Middlewares/STM32_Key_Management_Services/kms_init.o
                0x0000000008004658                KMS_SetStateIdle
 .text.KMS_GetMechanismInfo
                0x000000000800466c       0x8c ./Middlewares/STM32_Key_Management_Services/kms_init.o
                0x000000000800466c                KMS_GetMechanismInfo
 .text.KMS_DeriveKey
                0x00000000080046f8      0x160 ./Middlewares/STM32_Key_Management_Services/kms_key_mgt.o
                0x00000000080046f8                KMS_DeriveKey
 .text.mempool_init
                0x0000000008004858       0x4c ./Middlewares/STM32_Key_Management_Services/kms_mem.o
 .text.KMS_MemInit
                0x00000000080048a4       0x54 ./Middlewares/STM32_Key_Management_Services/kms_mem.o
                0x00000000080048a4                KMS_MemInit
 .text.KMS_Alloc
                0x00000000080048f8       0x48 ./Middlewares/STM32_Key_Management_Services/kms_mem.o
                0x00000000080048f8                KMS_Alloc
 .text.KMS_Free
                0x0000000008004940       0x98 ./Middlewares/STM32_Key_Management_Services/kms_mem.o
                0x0000000008004940                KMS_Free
 .text.reset    0x00000000080049d8       0x24 ./Middlewares/STM32_Key_Management_Services/kms_nvm_storage.o
 .text.null_callback
                0x00000000080049fc        0x2 ./Middlewares/STM32_Key_Management_Services/kms_nvm_storage.o
 *fill*         0x00000000080049fe        0x2 
 .text.use_slot_callback
                0x0000000008004a00       0x10 ./Middlewares/STM32_Key_Management_Services/kms_nvm_storage.o
 .text.use_end_callback
                0x0000000008004a10        0xc ./Middlewares/STM32_Key_Management_Services/kms_nvm_storage.o
 .text.block_erase
                0x0000000008004a1c       0x10 ./Middlewares/STM32_Key_Management_Services/kms_nvm_storage.o
 .text.check_slot_instance
                0x0000000008004a2c       0x8c ./Middlewares/STM32_Key_Management_Services/kms_nvm_storage.o
 .text.scan_slots
                0x0000000008004ab8       0x84 ./Middlewares/STM32_Key_Management_Services/kms_nvm_storage.o
 .text.use      0x0000000008004b3c       0x88 ./Middlewares/STM32_Key_Management_Services/kms_nvm_storage.o
 .text.copy_slots
                0x0000000008004bc4      0x104 ./Middlewares/STM32_Key_Management_Services/kms_nvm_storage.o
 .text.validate
                0x0000000008004cc8       0x68 ./Middlewares/STM32_Key_Management_Services/kms_nvm_storage.o
 .text.garbage_collect
                0x0000000008004d30       0x64 ./Middlewares/STM32_Key_Management_Services/kms_nvm_storage.o
 .text.append_slot
                0x0000000008004d94       0x98 ./Middlewares/STM32_Key_Management_Services/kms_nvm_storage.o
 .text.NVMS_Init
                0x0000000008004e2c      0x210 ./Middlewares/STM32_Key_Management_Services/kms_nvm_storage.o
                0x0000000008004e2c                NVMS_Init
 .text.NVMS_Deinit
                0x000000000800503c        0x4 ./Middlewares/STM32_Key_Management_Services/kms_nvm_storage.o
                0x000000000800503c                NVMS_Deinit
 .text.NVMS_WriteDataWithType
                0x0000000008005040       0xbc ./Middlewares/STM32_Key_Management_Services/kms_nvm_storage.o
                0x0000000008005040                NVMS_WriteDataWithType
 .text.NVMS_EraseData
                0x00000000080050fc       0x9c ./Middlewares/STM32_Key_Management_Services/kms_nvm_storage.o
                0x00000000080050fc                NVMS_EraseData
 .text.NVMS_GetDataWithType
                0x0000000008005198       0x40 ./Middlewares/STM32_Key_Management_Services/kms_nvm_storage.o
                0x0000000008005198                NVMS_GetDataWithType
 .text.authenticate_blob_header.isra.0
                0x00000000080051d8       0xb2 ./Middlewares/STM32_Key_Management_Services/kms_objects.o
 .text.read_next_chunk
                0x000000000800528a       0x2a ./Middlewares/STM32_Key_Management_Services/kms_objects.o
                0x000000000800528a                read_next_chunk
 .text.KMS_Objects_GetRange
                0x00000000080052b4       0x54 ./Middlewares/STM32_Key_Management_Services/kms_objects.o
                0x00000000080052b4                KMS_Objects_GetRange
 .text.KMS_LockKeyHandle
                0x0000000008005308       0x40 ./Middlewares/STM32_Key_Management_Services/kms_objects.o
                0x0000000008005308                KMS_LockKeyHandle
 .text.KMS_CheckKeyIsNotLocked
                0x0000000008005348       0x2c ./Middlewares/STM32_Key_Management_Services/kms_objects.o
                0x0000000008005348                KMS_CheckKeyIsNotLocked
 .text.KMS_Objects_GetPointer
                0x0000000008005374       0x76 ./Middlewares/STM32_Key_Management_Services/kms_objects.o
                0x0000000008005374                KMS_Objects_GetPointer
 *fill*         0x00000000080053ea        0x2 
 .text.KMS_LockServiceFctId
                0x00000000080053ec       0x40 ./Middlewares/STM32_Key_Management_Services/kms_objects.o
                0x00000000080053ec                KMS_LockServiceFctId
 .text.KMS_CheckServiceFctIdIsNotLocked
                0x000000000800542c       0x2c ./Middlewares/STM32_Key_Management_Services/kms_objects.o
                0x000000000800542c                KMS_CheckServiceFctIdIsNotLocked
 .text.KMS_FindAttributeInTemplate
                0x0000000008005458       0x2c ./Middlewares/STM32_Key_Management_Services/kms_objects.o
                0x0000000008005458                KMS_FindAttributeInTemplate
 .text.KMS_Objects_SearchAttributes
                0x0000000008005484       0x34 ./Middlewares/STM32_Key_Management_Services/kms_objects.o
                0x0000000008005484                KMS_Objects_SearchAttributes
 .text.KMS_FindObjectsFromTemplate
                0x00000000080054b8       0xd8 ./Middlewares/STM32_Key_Management_Services/kms_objects.o
                0x00000000080054b8                KMS_FindObjectsFromTemplate
 .text.KMS_Objects_u8ptr_2_BlobU32
                0x0000000008005590       0x6a ./Middlewares/STM32_Key_Management_Services/kms_objects.o
                0x0000000008005590                KMS_Objects_u8ptr_2_BlobU32
 .text.KMS_Objects_BlobU32_2_u8ptr
                0x00000000080055fa       0x7e ./Middlewares/STM32_Key_Management_Services/kms_objects.o
                0x00000000080055fa                KMS_Objects_BlobU32_2_u8ptr
 .text.KMS_Objects_ImportBlob
                0x0000000008005678      0x424 ./Middlewares/STM32_Key_Management_Services/kms_objects.o
                0x0000000008005678                KMS_Objects_ImportBlob
 .text.KMS_Objects_LockKeys
                0x0000000008005a9c       0x22 ./Middlewares/STM32_Key_Management_Services/kms_objects.o
                0x0000000008005a9c                KMS_Objects_LockKeys
 .text.KMS_Objects_LockServices
                0x0000000008005abe       0x22 ./Middlewares/STM32_Key_Management_Services/kms_objects.o
                0x0000000008005abe                KMS_Objects_LockServices
 .text.KMS_Objects_CreateNStoreBlobFromTemplates
                0x0000000008005ae0      0x158 ./Middlewares/STM32_Key_Management_Services/kms_objects.o
                0x0000000008005ae0                KMS_Objects_CreateNStoreBlobFromTemplates
 .text.KMS_Objects_CreateNStoreBlobForAES
                0x0000000008005c38       0x94 ./Middlewares/STM32_Key_Management_Services/kms_objects.o
                0x0000000008005c38                KMS_Objects_CreateNStoreBlobForAES
 .text.KMS_PlatfObjects_NvmStaticObjectList
                0x0000000008005ccc       0x30 ./Middlewares/STM32_Key_Management_Services/kms_platf_objects.o
 .text.KMS_PlatfObjects_NvmDynamicObjectList
                0x0000000008005cfc       0x34 ./Middlewares/STM32_Key_Management_Services/kms_platf_objects.o
 .text.KMS_PlatfObjects_EmbeddedRange
                0x0000000008005d30        0xa ./Middlewares/STM32_Key_Management_Services/kms_platf_objects.o
                0x0000000008005d30                KMS_PlatfObjects_EmbeddedRange
 *fill*         0x0000000008005d3a        0x2 
 .text.KMS_PlatfObjects_EmbeddedObject
                0x0000000008005d3c       0x10 ./Middlewares/STM32_Key_Management_Services/kms_platf_objects.o
                0x0000000008005d3c                KMS_PlatfObjects_EmbeddedObject
 .text.KMS_PlatfObjects_NvmStaticRange
                0x0000000008005d4c        0xa ./Middlewares/STM32_Key_Management_Services/kms_platf_objects.o
                0x0000000008005d4c                KMS_PlatfObjects_NvmStaticRange
 *fill*         0x0000000008005d56        0x2 
 .text.KMS_PlatfObjects_NvmStaticObject
                0x0000000008005d58       0x10 ./Middlewares/STM32_Key_Management_Services/kms_platf_objects.o
                0x0000000008005d58                KMS_PlatfObjects_NvmStaticObject
 .text.KMS_PlatfObjects_NvmDynamicRange
                0x0000000008005d68        0xa ./Middlewares/STM32_Key_Management_Services/kms_platf_objects.o
                0x0000000008005d68                KMS_PlatfObjects_NvmDynamicRange
 *fill*         0x0000000008005d72        0x2 
 .text.KMS_PlatfObjects_NvmDynamicObject
                0x0000000008005d74       0x10 ./Middlewares/STM32_Key_Management_Services/kms_platf_objects.o
                0x0000000008005d74                KMS_PlatfObjects_NvmDynamicObject
 .text.KMS_PlatfObjects_AllocateAndStore
                0x0000000008005d84       0x48 ./Middlewares/STM32_Key_Management_Services/kms_platf_objects.o
                0x0000000008005d84                KMS_PlatfObjects_AllocateAndStore
 .text.KMS_PlatfObjects_Init
                0x0000000008005dcc       0x20 ./Middlewares/STM32_Key_Management_Services/kms_platf_objects.o
                0x0000000008005dcc                KMS_PlatfObjects_Init
 .text.KMS_PlatfObjects_Finalize
                0x0000000008005dec       0x14 ./Middlewares/STM32_Key_Management_Services/kms_platf_objects.o
                0x0000000008005dec                KMS_PlatfObjects_Finalize
 .text.KMS_PlatfObjects_NvmStoreObject
                0x0000000008005e00       0x32 ./Middlewares/STM32_Key_Management_Services/kms_platf_objects.o
                0x0000000008005e00                KMS_PlatfObjects_NvmStoreObject
 .text.KMS_PlatfObjects_NvmRemoveObject
                0x0000000008005e32       0x24 ./Middlewares/STM32_Key_Management_Services/kms_platf_objects.o
                0x0000000008005e32                KMS_PlatfObjects_NvmRemoveObject
 .text.KMS_PlatfObjects_GetBlobVerifyKey
                0x0000000008005e56        0x4 ./Middlewares/STM32_Key_Management_Services/kms_platf_objects.o
                0x0000000008005e56                KMS_PlatfObjects_GetBlobVerifyKey
 .text.KMS_PlatfObjects_GetBlobDecryptKey
                0x0000000008005e5a        0x4 ./Middlewares/STM32_Key_Management_Services/kms_platf_objects.o
                0x0000000008005e5a                KMS_PlatfObjects_GetBlobDecryptKey
 *fill*         0x0000000008005e5e        0x2 
 .text.sign_verify_init.part.0
                0x0000000008005e60      0x198 ./Middlewares/STM32_Key_Management_Services/kms_sign_verify.o
 .text.KMS_SignInit
                0x0000000008005ff8       0x40 ./Middlewares/STM32_Key_Management_Services/kms_sign_verify.o
                0x0000000008005ff8                KMS_SignInit
 .text.KMS_Sign
                0x0000000008006038       0xd0 ./Middlewares/STM32_Key_Management_Services/kms_sign_verify.o
                0x0000000008006038                KMS_Sign
 .text.KMS_VerifyInit
                0x0000000008006108       0x40 ./Middlewares/STM32_Key_Management_Services/kms_sign_verify.o
                0x0000000008006108                KMS_VerifyInit
 .text.KMS_Verify
                0x0000000008006148      0x2d8 ./Middlewares/STM32_Key_Management_Services/kms_sign_verify.o
                0x0000000008006148                KMS_Verify
 .text.SE_CallGateService
                0x0000000008006420      0x1b0 ./Middlewares/STM32_Secure_Engine/se_callgate.o
                0x0000000008006420                SE_CallGateService
 .text.__NVIC_SystemReset
                0x00000000080065d0       0x24 ./Middlewares/STM32_Secure_Engine/se_callgate.o
 .text.SE_IMG_Write
                0x00000000080065f4       0x2c ./Middlewares/STM32_Secure_Engine/se_fwimg.o
                0x00000000080065f4                SE_IMG_Write
 .text.SE_IMG_Read
                0x0000000008006620       0x2c ./Middlewares/STM32_Secure_Engine/se_fwimg.o
                0x0000000008006620                SE_IMG_Read
 .text.SE_IMG_Erase
                0x000000000800664c       0x2c ./Middlewares/STM32_Secure_Engine/se_fwimg.o
                0x000000000800664c                SE_IMG_Erase
 .text.SE_APPLI_GetActiveFwInfo
                0x0000000008006678       0x3c ./Middlewares/STM32_Secure_Engine/se_user_application.o
                0x0000000008006678                SE_APPLI_GetActiveFwInfo
 .text.SE_SetSystemCoreClock
                0x00000000080066b4        0xc ./Middlewares/STM32_Secure_Engine/se_utils.o
                0x00000000080066b4                SE_SetSystemCoreClock
 .text.HAL_GetTick
                0x00000000080066c0       0x54 ./Middlewares/STM32_Secure_Engine/se_utils.o
                0x00000000080066c0                HAL_GetTick
 .text.mbedtls_sha256_init
                0x0000000008006714        0x8 ./Middlewares/Third_Party/mbed-crypto/sha256.o
                0x0000000008006714                mbedtls_sha256_init
 .text.mbedtls_sha256_starts_ret
                0x000000000800671c       0xa4 ./Middlewares/Third_Party/mbed-crypto/sha256.o
                0x000000000800671c                mbedtls_sha256_starts_ret
 .text.mbedtls_internal_sha256_process
                0x00000000080067c0      0x154 ./Middlewares/Third_Party/mbed-crypto/sha256.o
                0x00000000080067c0                mbedtls_internal_sha256_process
 .text.mbedtls_sha256_update_ret
                0x0000000008006914       0x7a ./Middlewares/Third_Party/mbed-crypto/sha256.o
                0x0000000008006914                mbedtls_sha256_update_ret
 .text.mbedtls_sha256_finish_ret
                0x000000000800698e      0x106 ./Middlewares/Third_Party/mbed-crypto/sha256.o
                0x000000000800698e                mbedtls_sha256_finish_ret
 .text.memcmp   0x0000000008006a94       0x1c c:/st/stm32cubeide_1.6.1/stm32cubeide/plugins/com.st.stm32cube.ide.mcu.externaltools.gnu-tools-for-stm32.9-2020-q2-update.win32_2.0.0.202105311346/tools/bin/../lib/gcc/arm-none-eabi/9.3.1/../../../../arm-none-eabi/lib/thumb/v7e-m/nofp\libc_nano.a(lib_a-memcmp.o)
                0x0000000008006a94                memcmp
 .text.memcpy   0x0000000008006ab0       0x1c c:/st/stm32cubeide_1.6.1/stm32cubeide/plugins/com.st.stm32cube.ide.mcu.externaltools.gnu-tools-for-stm32.9-2020-q2-update.win32_2.0.0.202105311346/tools/bin/../lib/gcc/arm-none-eabi/9.3.1/../../../../arm-none-eabi/lib/thumb/v7e-m/nofp\libc_nano.a(lib_a-memcpy-stub.o)
                0x0000000008006ab0                memcpy
 .text.memset   0x0000000008006acc       0x10 c:/st/stm32cubeide_1.6.1/stm32cubeide/plugins/com.st.stm32cube.ide.mcu.externaltools.gnu-tools-for-stm32.9-2020-q2-update.win32_2.0.0.202105311346/tools/bin/../lib/gcc/arm-none-eabi/9.3.1/../../../../arm-none-eabi/lib/thumb/v7e-m/nofp\libc_nano.a(lib_a-memset.o)
                0x0000000008006acc                memset
 *(.glue_7)
 .glue_7        0x0000000008006adc        0x0 linker stubs
 *(.glue_7t)
 .glue_7t       0x0000000008006adc        0x0 linker stubs
 *(.eh_frame)
 .eh_frame      0x0000000008006adc        0x0 c:/st/stm32cubeide_1.6.1/stm32cubeide/plugins/com.st.stm32cube.ide.mcu.externaltools.gnu-tools-for-stm32.9-2020-q2-update.win32_2.0.0.202105311346/tools/bin/../lib/gcc/arm-none-eabi/9.3.1/thumb/v7e-m/nofp/crtbegin.o
 *(.init)
 .init          0x0000000008006adc        0x4 c:/st/stm32cubeide_1.6.1/stm32cubeide/plugins/com.st.stm32cube.ide.mcu.externaltools.gnu-tools-for-stm32.9-2020-q2-update.win32_2.0.0.202105311346/tools/bin/../lib/gcc/arm-none-eabi/9.3.1/thumb/v7e-m/nofp/crti.o
                0x0000000008006adc                _init
 .init          0x0000000008006ae0        0x8 c:/st/stm32cubeide_1.6.1/stm32cubeide/plugins/com.st.stm32cube.ide.mcu.externaltools.gnu-tools-for-stm32.9-2020-q2-update.win32_2.0.0.202105311346/tools/bin/../lib/gcc/arm-none-eabi/9.3.1/thumb/v7e-m/nofp/crtn.o
 *(.fini)
 .fini          0x0000000008006ae8        0x4 c:/st/stm32cubeide_1.6.1/stm32cubeide/plugins/com.st.stm32cube.ide.mcu.externaltools.gnu-tools-for-stm32.9-2020-q2-update.win32_2.0.0.202105311346/tools/bin/../lib/gcc/arm-none-eabi/9.3.1/thumb/v7e-m/nofp/crti.o
                0x0000000008006ae8                _fini
 .fini          0x0000000008006aec        0x8 c:/st/stm32cubeide_1.6.1/stm32cubeide/plugins/com.st.stm32cube.ide.mcu.externaltools.gnu-tools-for-stm32.9-2020-q2-update.win32_2.0.0.202105311346/tools/bin/../lib/gcc/arm-none-eabi/9.3.1/thumb/v7e-m/nofp/crtn.o
                0x0000000008006af8                . = ALIGN (0x8)
 *fill*         0x0000000008006af4        0x4 
                0x0000000008006af8                _etext = .

.vfp11_veneer   0x0000000008006af8        0x0
 .vfp11_veneer  0x0000000008006af8        0x0 linker stubs

.v4_bx          0x0000000008006af8        0x0
 .v4_bx         0x0000000008006af8        0x0 linker stubs

.iplt           0x0000000008006af8        0x0
 .iplt          0x0000000008006af8        0x0 c:/st/stm32cubeide_1.6.1/stm32cubeide/plugins/com.st.stm32cube.ide.mcu.externaltools.gnu-tools-for-stm32.9-2020-q2-update.win32_2.0.0.202105311346/tools/bin/../lib/gcc/arm-none-eabi/9.3.1/thumb/v7e-m/nofp/crtbegin.o

.rodata         0x0000000008006af8      0x290
                0x0000000008006af8                . = ALIGN (0x8)
 *(.rodata)
 .rodata        0x0000000008006af8       0x30 ./Drivers/STM32WLxx_HAL_Driver/stm32wlxx_hal_cryp.o
 *(.rodata*)
 .rodata.SlotHeaderAdd
                0x0000000008006b28       0x10 ./Application/User/se_low_level.o
                0x0000000008006b28                SlotHeaderAdd
 .rodata.P_256_Gx.11361
                0x0000000008006b38       0x20 ./Middlewares/STM32_Key_Management_Services/kms_ecc.o
 .rodata.P_256_Gy.11362
                0x0000000008006b58       0x20 ./Middlewares/STM32_Key_Management_Services/kms_ecc.o
 .rodata.P_256_a.11357
                0x0000000008006b78       0x20 ./Middlewares/STM32_Key_Management_Services/kms_ecc.o
 .rodata.P_256_b.11358
                0x0000000008006b98       0x20 ./Middlewares/STM32_Key_Management_Services/kms_ecc.o
 .rodata.P_256_n.11360
                0x0000000008006bb8       0x20 ./Middlewares/STM32_Key_Management_Services/kms_ecc.o
 .rodata.P_256_p.11359
                0x0000000008006bd8       0x20 ./Middlewares/STM32_Key_Management_Services/kms_ecc.o
 .rodata.ref_secp256r1.11363
                0x0000000008006bf8        0xa ./Middlewares/STM32_Key_Management_Services/kms_ecc.o
 *fill*         0x0000000008006c02        0x2 
 .rodata.kms_mem_pool_tab
                0x0000000008006c04       0x18 ./Middlewares/STM32_Key_Management_Services/kms_mem.o
                0x0000000008006c04                kms_mem_pool_tab
 .rodata.normalizedFooter
                0x0000000008006c1c       0x10 ./Middlewares/STM32_Key_Management_Services/kms_mem.o
 .rodata.normalizedHeader
                0x0000000008006c2c        0x8 ./Middlewares/STM32_Key_Management_Services/kms_mem.o
 .rodata.KMS_PlatfObjects_EmbeddedList
                0x0000000008006c34       0x50 ./Middlewares/STM32_Key_Management_Services/kms_platf_objects.o
 .rodata.K      0x0000000008006c84      0x100 ./Middlewares/Third_Party/mbed-crypto/sha256.o
                0x0000000008006d88                . = ALIGN (0x8)
 *fill*         0x0000000008006d84        0x4 

.ARM.extab      0x0000000008006d88        0x0
                0x0000000008006d88                . = ALIGN (0x8)
 *(.ARM.extab* .gnu.linkonce.armextab.*)
                0x0000000008006d88                . = ALIGN (0x8)

.ARM            0x0000000008006d88        0x0
                0x0000000008006d88                . = ALIGN (0x8)
                0x0000000008006d88                __exidx_start = .
 *(.ARM.exidx*)
                0x0000000008006d88                __exidx_end = .
                0x0000000008006d88                . = ALIGN (0x8)

.preinit_array  0x0000000008006d88        0x0
                0x0000000008006d88                . = ALIGN (0x8)
                0x0000000008006d88                PROVIDE (__preinit_array_start = .)
 *(.preinit_array*)
                0x0000000008006d88                PROVIDE (__preinit_array_end = .)
                0x0000000008006d88                . = ALIGN (0x8)

.init_array     0x0000000008006d88        0x8
                0x0000000008006d88                . = ALIGN (0x8)
                0x0000000008006d88                PROVIDE (__init_array_start = .)
 *(SORT_BY_NAME(.init_array.*))
 *(.init_array*)
 .init_array    0x0000000008006d88        0x4 c:/st/stm32cubeide_1.6.1/stm32cubeide/plugins/com.st.stm32cube.ide.mcu.externaltools.gnu-tools-for-stm32.9-2020-q2-update.win32_2.0.0.202105311346/tools/bin/../lib/gcc/arm-none-eabi/9.3.1/thumb/v7e-m/nofp/crtbegin.o
                0x0000000008006d8c                PROVIDE (__init_array_end = .)
                0x0000000008006d90                . = ALIGN (0x8)
 *fill*         0x0000000008006d8c        0x4 

.fini_array     0x0000000008006d90        0x8
                0x0000000008006d90                . = ALIGN (0x8)
                [!provide]                        PROVIDE (__fini_array_start = .)
 *(SORT_BY_NAME(.fini_array.*))
 *(.fini_array*)
 .fini_array    0x0000000008006d90        0x4 c:/st/stm32cubeide_1.6.1/stm32cubeide/plugins/com.st.stm32cube.ide.mcu.externaltools.gnu-tools-for-stm32.9-2020-q2-update.win32_2.0.0.202105311346/tools/bin/../lib/gcc/arm-none-eabi/9.3.1/thumb/v7e-m/nofp/crtbegin.o
                [!provide]                        PROVIDE (__fini_array_end = .)
                0x0000000008006d98                . = ALIGN (0x8)
 *fill*         0x0000000008006d94        0x4 

.USER_embedded_Keys
                0x0000000008008400      0x1d0
                0x0000000008008400                . = ALIGN (0x8)
 *(.USER_embedded_Keys)
 .USER_embedded_Keys
                0x0000000008008400      0x1d0 ./Middlewares/STM32_Key_Management_Services/kms_platf_objects.o
                0x00000000080085d0                . = ALIGN (0x8)
                0x0000000008006d98                _sidata = LOADADDR (.data)

.rel.dyn        0x00000000080085d0        0x0
 .rel.iplt      0x00000000080085d0        0x0 c:/st/stm32cubeide_1.6.1/stm32cubeide/plugins/com.st.stm32cube.ide.mcu.externaltools.gnu-tools-for-stm32.9-2020-q2-update.win32_2.0.0.202105311346/tools/bin/../lib/gcc/arm-none-eabi/9.3.1/thumb/v7e-m/nofp/crtbegin.o

.data           0x0000000020000c00       0x10 load address 0x0000000008006d98
                0x0000000020000c00                . = ALIGN (0x8)
                0x0000000020000c00                _sdata = .
 *(.data)
 *(.data*)
 .data.vCKK_AES.11488
                0x0000000020000c00        0x4 ./Middlewares/STM32_Key_Management_Services/kms_objects.o
 .data.vCKO_SECRET_KEY.11487
                0x0000000020000c04        0x4 ./Middlewares/STM32_Key_Management_Services/kms_objects.o
 .data.SE_LockRestrictedServices.11158
                0x0000000020000c08        0x4 ./Middlewares/STM32_Secure_Engine/se_callgate.o
                0x0000000020000c10                . = ALIGN (0x8)
 *fill*         0x0000000020000c0c        0x4 
                0x0000000020000c10                _edata = .

.igot.plt       0x0000000020000c10        0x0 load address 0x0000000008006da8
 .igot.plt      0x0000000020000c10        0x0 c:/st/stm32cubeide_1.6.1/stm32cubeide/plugins/com.st.stm32cube.ide.mcu.externaltools.gnu-tools-for-stm32.9-2020-q2-update.win32_2.0.0.202105311346/tools/bin/../lib/gcc/arm-none-eabi/9.3.1/thumb/v7e-m/nofp/crtbegin.o
                0x0000000020000c10                . = ALIGN (0x8)

.bss            0x0000000020000c10     0x2480 load address 0x0000000008006da8
                0x0000000020000c10                _sbss = .
                0x0000000020000c10                __bss_start__ = _sbss
 *(.bss)
 .bss           0x0000000020000c10       0x1c c:/st/stm32cubeide_1.6.1/stm32cubeide/plugins/com.st.stm32cube.ide.mcu.externaltools.gnu-tools-for-stm32.9-2020-q2-update.win32_2.0.0.202105311346/tools/bin/../lib/gcc/arm-none-eabi/9.3.1/thumb/v7e-m/nofp/crtbegin.o
 *(.bss*)
 .bss.SE_DoubleECC_Error_Counter
                0x0000000020000c2c        0x4 ./Application/User/se_low_level.o
 .bss.pFlash    0x0000000020000c30       0x18 ./Drivers/STM32WLxx_HAL_Driver/stm32wlxx_hal_flash.o
                0x0000000020000c30                pFlash
 .bss.KMS_Manager
                0x0000000020000c48      0x170 ./Middlewares/STM32_Key_Management_Services/kms_init.o
                0x0000000020000c48                KMS_Manager
 .bss.nvm       0x0000000020000db8       0xb0 ./Middlewares/STM32_Key_Management_Services/kms_nvm_storage.o
 .bss.kms_locked_function_id
                0x0000000020000e68        0x8 ./Middlewares/STM32_Key_Management_Services/kms_objects.o
 .bss.kms_locked_function_id_index
                0x0000000020000e70        0x4 ./Middlewares/STM32_Key_Management_Services/kms_objects.o
 .bss.kms_locked_key_handles
                0x0000000020000e74       0x28 ./Middlewares/STM32_Key_Management_Services/kms_objects.o
 .bss.kms_locked_key_index
                0x0000000020000e9c        0x4 ./Middlewares/STM32_Key_Management_Services/kms_objects.o
 .bss.KMS_PlatfObjects_NvmDynamicList
                0x0000000020000ea0       0x50 ./Middlewares/STM32_Key_Management_Services/kms_platf_objects.o
 .bss.KMS_PlatfObjects_NvmStaticList
                0x0000000020000ef0       0x50 ./Middlewares/STM32_Key_Management_Services/kms_platf_objects.o
 .bss.kms_platf_nvm_initialisation_done
                0x0000000020000f40        0x4 ./Middlewares/STM32_Key_Management_Services/kms_platf_objects.o
 .bss.m_uSE_SystemCoreClock
                0x0000000020000f44        0x4 ./Middlewares/STM32_Secure_Engine/se_utils.o
 .bss.m_uTick.9161
                0x0000000020000f48        0x4 ./Middlewares/STM32_Secure_Engine/se_utils.o
 .bss.t1.9162   0x0000000020000f4c        0x4 ./Middlewares/STM32_Secure_Engine/se_utils.o
 .bss.tdelta.9163
                0x0000000020000f50        0x4 ./Middlewares/STM32_Secure_Engine/se_utils.o
 *(COMMON)
 COMMON         0x0000000020000f54     0x2138 ./Middlewares/STM32_Key_Management_Services/kms_mem.o
                0x0000000020000f54                kms_mem_pool
                0x0000000020003090                . = ALIGN (0x8)
 *fill*         0x000000002000308c        0x4 
                0x0000000020003090                _ebss = .
                0x0000000020003090                __bss_end__ = _ebss

._user_heap_stack
                0x0000000020003090      0x200 load address 0x0000000008006da8
                0x0000000020003090                . = ALIGN (0x8)
                [!provide]                        PROVIDE (end = .)
                0x0000000020003090                PROVIDE (_end = .)
                0x0000000020003290                . = (. + _Min_Heap_Size)
 *fill*         0x0000000020003090      0x200 
                0x0000000020003290                . = (. + _Min_Stack_Size)
                0x0000000020003290                . = ALIGN (0x8)

/DISCARD/
 libc.a(*)
 libm.a(*)
 libgcc.a(*)

.ARM.attributes
                0x0000000000000000       0x2a
 *(.ARM.attributes)
 .ARM.attributes
                0x0000000000000000       0x1e c:/st/stm32cubeide_1.6.1/stm32cubeide/plugins/com.st.stm32cube.ide.mcu.externaltools.gnu-tools-for-stm32.9-2020-q2-update.win32_2.0.0.202105311346/tools/bin/../lib/gcc/arm-none-eabi/9.3.1/thumb/v7e-m/nofp/crti.o
 .ARM.attributes
                0x000000000000001e       0x2e c:/st/stm32cubeide_1.6.1/stm32cubeide/plugins/com.st.stm32cube.ide.mcu.externaltools.gnu-tools-for-stm32.9-2020-q2-update.win32_2.0.0.202105311346/tools/bin/../lib/gcc/arm-none-eabi/9.3.1/thumb/v7e-m/nofp/crtbegin.o
 .ARM.attributes
                0x000000000000004c       0x2e ./Application/Startup/data_init.o
 .ARM.attributes
                0x000000000000007a       0x2e ./Application/User/ca_low_level.o
 .ARM.attributes
                0x00000000000000a8       0x2e ./Application/User/kms_low_level.o
 .ARM.attributes
                0x00000000000000d6       0x2e ./Application/User/nvms_low_level.o
 .ARM.attributes
                0x0000000000000104       0x2e ./Application/User/se_low_level.o
 .ARM.attributes
                0x0000000000000132       0x2e ./Drivers/STM32WLxx_HAL_Driver/stm32wlxx_hal_cryp.o
 .ARM.attributes
                0x0000000000000160       0x2e ./Drivers/STM32WLxx_HAL_Driver/stm32wlxx_hal_cryp_ex.o
 .ARM.attributes
                0x000000000000018e       0x2e ./Drivers/STM32WLxx_HAL_Driver/stm32wlxx_hal_flash.o
 .ARM.attributes
                0x00000000000001bc       0x2e ./Drivers/STM32WLxx_HAL_Driver/stm32wlxx_hal_flash_ex.o
 .ARM.attributes
                0x00000000000001ea       0x2e ./Drivers/STM32WLxx_HAL_Driver/stm32wlxx_hal_pka.o
 .ARM.attributes
                0x0000000000000218       0x2e ./Middlewares/STM32_Key_Management_Services/ca_core.o
 .ARM.attributes
                0x0000000000000246       0x2e ./Middlewares/STM32_Key_Management_Services/kms_der_x962.o
 .ARM.attributes
                0x0000000000000274       0x2e ./Middlewares/STM32_Key_Management_Services/kms_digest.o
 .ARM.attributes
                0x00000000000002a2       0x2e ./Middlewares/STM32_Key_Management_Services/kms_dyn_obj.o
 .ARM.attributes
                0x00000000000002d0       0x2e ./Middlewares/STM32_Key_Management_Services/kms_ecc.o
 .ARM.attributes
                0x00000000000002fe       0x2e ./Middlewares/STM32_Key_Management_Services/kms_enc_dec.o
 .ARM.attributes
                0x000000000000032c       0x2e ./Middlewares/STM32_Key_Management_Services/kms_entry.o
 .ARM.attributes
                0x000000000000035a       0x2e ./Middlewares/STM32_Key_Management_Services/kms_init.o
 .ARM.attributes
                0x0000000000000388       0x2e ./Middlewares/STM32_Key_Management_Services/kms_key_mgt.o
 .ARM.attributes
                0x00000000000003b6       0x2e ./Middlewares/STM32_Key_Management_Services/kms_mem.o
 .ARM.attributes
                0x00000000000003e4       0x2e ./Middlewares/STM32_Key_Management_Services/kms_nvm_storage.o
 .ARM.attributes
                0x0000000000000412       0x2e ./Middlewares/STM32_Key_Management_Services/kms_objects.o
 .ARM.attributes
                0x0000000000000440       0x2e ./Middlewares/STM32_Key_Management_Services/kms_platf_objects.o
 .ARM.attributes
                0x000000000000046e       0x2e ./Middlewares/STM32_Key_Management_Services/kms_sign_verify.o
 .ARM.attributes
                0x000000000000049c       0x2e ./Middlewares/STM32_Secure_Engine/se_callgate.o
 .ARM.attributes
                0x00000000000004ca       0x2e ./Middlewares/STM32_Secure_Engine/se_fwimg.o
 .ARM.attributes
                0x00000000000004f8       0x2e ./Middlewares/STM32_Secure_Engine/se_startup.o
 .ARM.attributes
                0x0000000000000526       0x2e ./Middlewares/STM32_Secure_Engine/se_user_application.o
 .ARM.attributes
                0x0000000000000554       0x2e ./Middlewares/STM32_Secure_Engine/se_utils.o
 .ARM.attributes
                0x0000000000000582       0x2e ./Middlewares/Third_Party/mbed-crypto/sha256.o
 .ARM.attributes
                0x00000000000005b0       0x2e c:/st/stm32cubeide_1.6.1/stm32cubeide/plugins/com.st.stm32cube.ide.mcu.externaltools.gnu-tools-for-stm32.9-2020-q2-update.win32_2.0.0.202105311346/tools/bin/../lib/gcc/arm-none-eabi/9.3.1/../../../../arm-none-eabi/lib/thumb/v7e-m/nofp\libc_nano.a(lib_a-memcmp.o)
 .ARM.attributes
                0x00000000000005de       0x2e c:/st/stm32cubeide_1.6.1/stm32cubeide/plugins/com.st.stm32cube.ide.mcu.externaltools.gnu-tools-for-stm32.9-2020-q2-update.win32_2.0.0.202105311346/tools/bin/../lib/gcc/arm-none-eabi/9.3.1/../../../../arm-none-eabi/lib/thumb/v7e-m/nofp\libc_nano.a(lib_a-memcpy-stub.o)
 .ARM.attributes
                0x000000000000060c       0x2e c:/st/stm32cubeide_1.6.1/stm32cubeide/plugins/com.st.stm32cube.ide.mcu.externaltools.gnu-tools-for-stm32.9-2020-q2-update.win32_2.0.0.202105311346/tools/bin/../lib/gcc/arm-none-eabi/9.3.1/../../../../arm-none-eabi/lib/thumb/v7e-m/nofp\libc_nano.a(lib_a-memset.o)
 .ARM.attributes
                0x000000000000063a       0x1e c:/st/stm32cubeide_1.6.1/stm32cubeide/plugins/com.st.stm32cube.ide.mcu.externaltools.gnu-tools-for-stm32.9-2020-q2-update.win32_2.0.0.202105311346/tools/bin/../lib/gcc/arm-none-eabi/9.3.1/thumb/v7e-m/nofp/crtn.o
OUTPUT(SECoreBin.elf elf32-littlearm)
LOAD linker stubs
LOAD c:/st/stm32cubeide_1.6.1/stm32cubeide/plugins/com.st.stm32cube.ide.mcu.externaltools.gnu-tools-for-stm32.9-2020-q2-update.win32_2.0.0.202105311346/tools/bin/../lib/gcc/arm-none-eabi/9.3.1/../../../../arm-none-eabi/lib/thumb/v7e-m/nofp\libc.a
LOAD c:/st/stm32cubeide_1.6.1/stm32cubeide/plugins/com.st.stm32cube.ide.mcu.externaltools.gnu-tools-for-stm32.9-2020-q2-update.win32_2.0.0.202105311346/tools/bin/../lib/gcc/arm-none-eabi/9.3.1/../../../../arm-none-eabi/lib/thumb/v7e-m/nofp\libm.a
LOAD c:/st/stm32cubeide_1.6.1/stm32cubeide/plugins/com.st.stm32cube.ide.mcu.externaltools.gnu-tools-for-stm32.9-2020-q2-update.win32_2.0.0.202105311346/tools/bin/../lib/gcc/arm-none-eabi/9.3.1/thumb/v7e-m/nofp\libgcc.a

.debug_info     0x0000000000000000    0x2db09
 .debug_info    0x0000000000000000      0x199 ./Application/Startup/data_init.o
 .debug_info    0x0000000000000199     0x10f9 ./Application/User/ca_low_level.o
 .debug_info    0x0000000000001292      0xea5 ./Application/User/kms_low_level.o
 .debug_info    0x0000000000002137     0x10e3 ./Application/User/nvms_low_level.o
 .debug_info    0x000000000000321a     0x20db ./Application/User/se_low_level.o
 .debug_info    0x00000000000052f5     0x2c47 ./Drivers/STM32WLxx_HAL_Driver/stm32wlxx_hal_cryp.o
 .debug_info    0x0000000000007f3c      0xc2a ./Drivers/STM32WLxx_HAL_Driver/stm32wlxx_hal_cryp_ex.o
 .debug_info    0x0000000000008b66      0x9a8 ./Drivers/STM32WLxx_HAL_Driver/stm32wlxx_hal_flash.o
 .debug_info    0x000000000000950e     0x13c3 ./Drivers/STM32WLxx_HAL_Driver/stm32wlxx_hal_flash_ex.o
 .debug_info    0x000000000000a8d1     0x3408 ./Drivers/STM32WLxx_HAL_Driver/stm32wlxx_hal_pka.o
 .debug_info    0x000000000000dcd9     0x544d ./Middlewares/STM32_Key_Management_Services/ca_core.o
 .debug_info    0x0000000000013126      0xcb3 ./Middlewares/STM32_Key_Management_Services/kms_der_x962.o
 .debug_info    0x0000000000013dd9     0x1223 ./Middlewares/STM32_Key_Management_Services/kms_digest.o
 .debug_info    0x0000000000014ffc     0x1511 ./Middlewares/STM32_Key_Management_Services/kms_dyn_obj.o
 .debug_info    0x000000000001650d      0xe9f ./Middlewares/STM32_Key_Management_Services/kms_ecc.o
 .debug_info    0x00000000000173ac     0x27f4 ./Middlewares/STM32_Key_Management_Services/kms_enc_dec.o
 .debug_info    0x0000000000019ba0     0x287d ./Middlewares/STM32_Key_Management_Services/kms_entry.o
 .debug_info    0x000000000001c41d     0x13da ./Middlewares/STM32_Key_Management_Services/kms_init.o
 .debug_info    0x000000000001d7f7     0x12ee ./Middlewares/STM32_Key_Management_Services/kms_key_mgt.o
 .debug_info    0x000000000001eae5     0x150b ./Middlewares/STM32_Key_Management_Services/kms_mem.o
 .debug_info    0x000000000001fff0     0x2a19 ./Middlewares/STM32_Key_Management_Services/kms_nvm_storage.o
 .debug_info    0x0000000000022a09     0x31d8 ./Middlewares/STM32_Key_Management_Services/kms_objects.o
 .debug_info    0x0000000000025be1     0x157a ./Middlewares/STM32_Key_Management_Services/kms_platf_objects.o
 .debug_info    0x000000000002715b     0x203a ./Middlewares/STM32_Key_Management_Services/kms_sign_verify.o
 .debug_info    0x0000000000029195     0x1512 ./Middlewares/STM32_Secure_Engine/se_callgate.o
 .debug_info    0x000000000002a6a7      0xf63 ./Middlewares/STM32_Secure_Engine/se_fwimg.o
 .debug_info    0x000000000002b60a       0xe6 ./Middlewares/STM32_Secure_Engine/se_startup.o
 .debug_info    0x000000000002b6f0      0xf2b ./Middlewares/STM32_Secure_Engine/se_user_application.o
 .debug_info    0x000000000002c61b      0x582 ./Middlewares/STM32_Secure_Engine/se_utils.o
 .debug_info    0x000000000002cb9d      0xf6c ./Middlewares/Third_Party/mbed-crypto/sha256.o

.debug_abbrev   0x0000000000000000     0x5e03
 .debug_abbrev  0x0000000000000000       0xd7 ./Application/Startup/data_init.o
 .debug_abbrev  0x00000000000000d7      0x25d ./Application/User/ca_low_level.o
 .debug_abbrev  0x0000000000000334      0x255 ./Application/User/kms_low_level.o
 .debug_abbrev  0x0000000000000589      0x2ff ./Application/User/nvms_low_level.o
 .debug_abbrev  0x0000000000000888      0x480 ./Application/User/se_low_level.o
 .debug_abbrev  0x0000000000000d08      0x3e2 ./Drivers/STM32WLxx_HAL_Driver/stm32wlxx_hal_cryp.o
 .debug_abbrev  0x00000000000010ea      0x211 ./Drivers/STM32WLxx_HAL_Driver/stm32wlxx_hal_cryp_ex.o
 .debug_abbrev  0x00000000000012fb      0x38a ./Drivers/STM32WLxx_HAL_Driver/stm32wlxx_hal_flash.o
 .debug_abbrev  0x0000000000001685      0x37d ./Drivers/STM32WLxx_HAL_Driver/stm32wlxx_hal_flash_ex.o
 .debug_abbrev  0x0000000000001a02      0x3b9 ./Drivers/STM32WLxx_HAL_Driver/stm32wlxx_hal_pka.o
 .debug_abbrev  0x0000000000001dbb      0x62e ./Middlewares/STM32_Key_Management_Services/ca_core.o
 .debug_abbrev  0x00000000000023e9      0x2d0 ./Middlewares/STM32_Key_Management_Services/kms_der_x962.o
 .debug_abbrev  0x00000000000026b9      0x2c9 ./Middlewares/STM32_Key_Management_Services/kms_digest.o
 .debug_abbrev  0x0000000000002982      0x2fd ./Middlewares/STM32_Key_Management_Services/kms_dyn_obj.o
 .debug_abbrev  0x0000000000002c7f      0x26e ./Middlewares/STM32_Key_Management_Services/kms_ecc.o
 .debug_abbrev  0x0000000000002eed      0x37b ./Middlewares/STM32_Key_Management_Services/kms_enc_dec.o
 .debug_abbrev  0x0000000000003268      0x31d ./Middlewares/STM32_Key_Management_Services/kms_entry.o
 .debug_abbrev  0x0000000000003585      0x319 ./Middlewares/STM32_Key_Management_Services/kms_init.o
 .debug_abbrev  0x000000000000389e      0x297 ./Middlewares/STM32_Key_Management_Services/kms_key_mgt.o
 .debug_abbrev  0x0000000000003b35      0x3c1 ./Middlewares/STM32_Key_Management_Services/kms_mem.o
 .debug_abbrev  0x0000000000003ef6      0x56c ./Middlewares/STM32_Key_Management_Services/kms_nvm_storage.o
 .debug_abbrev  0x0000000000004462      0x492 ./Middlewares/STM32_Key_Management_Services/kms_objects.o
 .debug_abbrev  0x00000000000048f4      0x33f ./Middlewares/STM32_Key_Management_Services/kms_platf_objects.o
 .debug_abbrev  0x0000000000004c33      0x390 ./Middlewares/STM32_Key_Management_Services/kms_sign_verify.o
 .debug_abbrev  0x0000000000004fc3      0x384 ./Middlewares/STM32_Secure_Engine/se_callgate.o
 .debug_abbrev  0x0000000000005347      0x232 ./Middlewares/STM32_Secure_Engine/se_fwimg.o
 .debug_abbrev  0x0000000000005579       0xbc ./Middlewares/STM32_Secure_Engine/se_startup.o
 .debug_abbrev  0x0000000000005635      0x250 ./Middlewares/STM32_Secure_Engine/se_user_application.o
 .debug_abbrev  0x0000000000005885      0x1dd ./Middlewares/STM32_Secure_Engine/se_utils.o
 .debug_abbrev  0x0000000000005a62      0x3a1 ./Middlewares/Third_Party/mbed-crypto/sha256.o

.debug_aranges  0x0000000000000000      0xd98
 .debug_aranges
                0x0000000000000000       0x30 ./Application/Startup/data_init.o
 .debug_aranges
                0x0000000000000030       0x38 ./Application/User/ca_low_level.o
 .debug_aranges
                0x0000000000000068       0x30 ./Application/User/kms_low_level.o
 .debug_aranges
                0x0000000000000098       0x38 ./Application/User/nvms_low_level.o
 .debug_aranges
                0x00000000000000d0       0xa8 ./Application/User/se_low_level.o
 .debug_aranges
                0x0000000000000178      0x138 ./Drivers/STM32WLxx_HAL_Driver/stm32wlxx_hal_cryp.o
 .debug_aranges
                0x00000000000002b0       0x38 ./Drivers/STM32WLxx_HAL_Driver/stm32wlxx_hal_cryp_ex.o
 .debug_aranges
                0x00000000000002e8       0x78 ./Drivers/STM32WLxx_HAL_Driver/stm32wlxx_hal_flash.o
 .debug_aranges
                0x0000000000000360       0x90 ./Drivers/STM32WLxx_HAL_Driver/stm32wlxx_hal_flash_ex.o
 .debug_aranges
                0x00000000000003f0      0x270 ./Drivers/STM32WLxx_HAL_Driver/stm32wlxx_hal_pka.o
 .debug_aranges
                0x0000000000000660      0x1d0 ./Middlewares/STM32_Key_Management_Services/ca_core.o
 .debug_aranges
                0x0000000000000830       0x38 ./Middlewares/STM32_Key_Management_Services/kms_der_x962.o
 .debug_aranges
                0x0000000000000868       0x38 ./Middlewares/STM32_Key_Management_Services/kms_digest.o
 .debug_aranges
                0x00000000000008a0       0x48 ./Middlewares/STM32_Key_Management_Services/kms_dyn_obj.o
 .debug_aranges
                0x00000000000008e8       0x20 ./Middlewares/STM32_Key_Management_Services/kms_ecc.o
 .debug_aranges
                0x0000000000000908       0x60 ./Middlewares/STM32_Key_Management_Services/kms_enc_dec.o
 .debug_aranges
                0x0000000000000968       0x28 ./Middlewares/STM32_Key_Management_Services/kms_entry.o
 .debug_aranges
                0x0000000000000990       0x58 ./Middlewares/STM32_Key_Management_Services/kms_init.o
 .debug_aranges
                0x00000000000009e8       0x28 ./Middlewares/STM32_Key_Management_Services/kms_key_mgt.o
 .debug_aranges
                0x0000000000000a10       0x38 ./Middlewares/STM32_Key_Management_Services/kms_mem.o
 .debug_aranges
                0x0000000000000a48       0xa8 ./Middlewares/STM32_Key_Management_Services/kms_nvm_storage.o
 .debug_aranges
                0x0000000000000af0       0xb0 ./Middlewares/STM32_Key_Management_Services/kms_objects.o
 .debug_aranges
                0x0000000000000ba0       0x90 ./Middlewares/STM32_Key_Management_Services/kms_platf_objects.o
 .debug_aranges
                0x0000000000000c30       0x40 ./Middlewares/STM32_Key_Management_Services/kms_sign_verify.o
 .debug_aranges
                0x0000000000000c70       0x30 ./Middlewares/STM32_Secure_Engine/se_callgate.o
 .debug_aranges
                0x0000000000000ca0       0x30 ./Middlewares/STM32_Secure_Engine/se_fwimg.o
 .debug_aranges
                0x0000000000000cd0       0x20 ./Middlewares/STM32_Secure_Engine/se_startup.o
 .debug_aranges
                0x0000000000000cf0       0x20 ./Middlewares/STM32_Secure_Engine/se_user_application.o
 .debug_aranges
                0x0000000000000d10       0x30 ./Middlewares/STM32_Secure_Engine/se_utils.o
 .debug_aranges
                0x0000000000000d40       0x58 ./Middlewares/Third_Party/mbed-crypto/sha256.o

.debug_ranges   0x0000000000000000     0x1d40
 .debug_ranges  0x0000000000000000       0x58 ./Application/Startup/data_init.o
 .debug_ranges  0x0000000000000058       0x28 ./Application/User/ca_low_level.o
 .debug_ranges  0x0000000000000080       0x20 ./Application/User/kms_low_level.o
 .debug_ranges  0x00000000000000a0       0x28 ./Application/User/nvms_low_level.o
 .debug_ranges  0x00000000000000c8       0xb0 ./Application/User/se_low_level.o
 .debug_ranges  0x0000000000000178      0x378 ./Drivers/STM32WLxx_HAL_Driver/stm32wlxx_hal_cryp.o
 .debug_ranges  0x00000000000004f0       0x28 ./Drivers/STM32WLxx_HAL_Driver/stm32wlxx_hal_cryp_ex.o
 .debug_ranges  0x0000000000000518       0x68 ./Drivers/STM32WLxx_HAL_Driver/stm32wlxx_hal_flash.o
 .debug_ranges  0x0000000000000580      0x1a8 ./Drivers/STM32WLxx_HAL_Driver/stm32wlxx_hal_flash_ex.o
 .debug_ranges  0x0000000000000728      0x350 ./Drivers/STM32WLxx_HAL_Driver/stm32wlxx_hal_pka.o
 .debug_ranges  0x0000000000000a78      0x290 ./Middlewares/STM32_Key_Management_Services/ca_core.o
 .debug_ranges  0x0000000000000d08       0x40 ./Middlewares/STM32_Key_Management_Services/kms_der_x962.o
 .debug_ranges  0x0000000000000d48       0x78 ./Middlewares/STM32_Key_Management_Services/kms_digest.o
 .debug_ranges  0x0000000000000dc0       0x80 ./Middlewares/STM32_Key_Management_Services/kms_dyn_obj.o
 .debug_ranges  0x0000000000000e40       0x10 ./Middlewares/STM32_Key_Management_Services/kms_ecc.o
 .debug_ranges  0x0000000000000e50      0x160 ./Middlewares/STM32_Key_Management_Services/kms_enc_dec.o
 .debug_ranges  0x0000000000000fb0      0x2e0 ./Middlewares/STM32_Key_Management_Services/kms_entry.o
 .debug_ranges  0x0000000000001290       0x48 ./Middlewares/STM32_Key_Management_Services/kms_init.o
 .debug_ranges  0x00000000000012d8       0x50 ./Middlewares/STM32_Key_Management_Services/kms_key_mgt.o
 .debug_ranges  0x0000000000001328       0x90 ./Middlewares/STM32_Key_Management_Services/kms_mem.o
 .debug_ranges  0x00000000000013b8      0x480 ./Middlewares/STM32_Key_Management_Services/kms_nvm_storage.o
 .debug_ranges  0x0000000000001838      0x270 ./Middlewares/STM32_Key_Management_Services/kms_objects.o
 .debug_ranges  0x0000000000001aa8       0xc0 ./Middlewares/STM32_Key_Management_Services/kms_platf_objects.o
 .debug_ranges  0x0000000000001b68       0xf8 ./Middlewares/STM32_Key_Management_Services/kms_sign_verify.o
 .debug_ranges  0x0000000000001c60       0x20 ./Middlewares/STM32_Secure_Engine/se_callgate.o
 .debug_ranges  0x0000000000001c80       0x20 ./Middlewares/STM32_Secure_Engine/se_fwimg.o
 .debug_ranges  0x0000000000001ca0       0x10 ./Middlewares/STM32_Secure_Engine/se_startup.o
 .debug_ranges  0x0000000000001cb0       0x10 ./Middlewares/STM32_Secure_Engine/se_user_application.o
 .debug_ranges  0x0000000000001cc0       0x20 ./Middlewares/STM32_Secure_Engine/se_utils.o
 .debug_ranges  0x0000000000001ce0       0x60 ./Middlewares/Third_Party/mbed-crypto/sha256.o

.debug_macro    0x0000000000000000    0x22d9c
 .debug_macro   0x0000000000000000       0x20 ./Application/Startup/data_init.o
 .debug_macro   0x0000000000000020      0xaba ./Application/Startup/data_init.o
 .debug_macro   0x0000000000000ada      0x34e ./Application/Startup/data_init.o
 .debug_macro   0x0000000000000e28      0x366 ./Application/User/ca_low_level.o
 .debug_macro   0x000000000000118e       0x22 ./Application/User/ca_low_level.o
 .debug_macro   0x00000000000011b0       0x8e ./Application/User/ca_low_level.o
 .debug_macro   0x000000000000123e       0x51 ./Application/User/ca_low_level.o
 .debug_macro   0x000000000000128f      0x103 ./Application/User/ca_low_level.o
 .debug_macro   0x0000000000001392       0x6a ./Application/User/ca_low_level.o
 .debug_macro   0x00000000000013fc      0x1df ./Application/User/ca_low_level.o
 .debug_macro   0x00000000000015db      0x121 ./Application/User/ca_low_level.o
 .debug_macro   0x00000000000016fc      0x13a ./Application/User/ca_low_level.o
 .debug_macro   0x0000000000001836       0xa0 ./Application/User/ca_low_level.o
 .debug_macro   0x00000000000018d6       0x10 ./Application/User/ca_low_level.o
 .debug_macro   0x00000000000018e6       0x1c ./Application/User/ca_low_level.o
 .debug_macro   0x0000000000001902      0x11e ./Application/User/ca_low_level.o
 .debug_macro   0x0000000000001a20       0x2e ./Application/User/ca_low_level.o
 .debug_macro   0x0000000000001a4e       0x3a ./Application/User/ca_low_level.o
 .debug_macro   0x0000000000001a88       0x1c ./Application/User/ca_low_level.o
 .debug_macro   0x0000000000001aa4       0x22 ./Application/User/ca_low_level.o
 .debug_macro   0x0000000000001ac6      0x101 ./Application/User/ca_low_level.o
 .debug_macro   0x0000000000001bc7     0x1011 ./Application/User/ca_low_level.o
 .debug_macro   0x0000000000002bd8      0x11f ./Application/User/ca_low_level.o
 .debug_macro   0x0000000000002cf7     0xf0e3 ./Application/User/ca_low_level.o
 .debug_macro   0x0000000000011dda       0x6d ./Application/User/ca_low_level.o
 .debug_macro   0x0000000000011e47     0x33f7 ./Application/User/ca_low_level.o
 .debug_macro   0x000000000001523e      0x174 ./Application/User/ca_low_level.o
 .debug_macro   0x00000000000153b2       0x5c ./Application/User/ca_low_level.o
 .debug_macro   0x000000000001540e      0x417 ./Application/User/ca_low_level.o
 .debug_macro   0x0000000000015825      0x29c ./Application/User/ca_low_level.o
 .debug_macro   0x0000000000015ac1      0x35a ./Application/User/ca_low_level.o
 .debug_macro   0x0000000000015e1b      0x197 ./Application/User/ca_low_level.o
 .debug_macro   0x0000000000015fb2       0x4a ./Application/User/ca_low_level.o
 .debug_macro   0x0000000000015ffc       0xd5 ./Application/User/ca_low_level.o
 .debug_macro   0x00000000000160d1       0x4c ./Application/User/ca_low_level.o
 .debug_macro   0x000000000001611d      0x14c ./Application/User/ca_low_level.o
 .debug_macro   0x0000000000016269       0x27 ./Application/User/ca_low_level.o
 .debug_macro   0x0000000000016290      0x3fa ./Application/User/ca_low_level.o
 .debug_macro   0x000000000001668a       0x2e ./Application/User/ca_low_level.o
 .debug_macro   0x00000000000166b8      0x107 ./Application/User/ca_low_level.o
 .debug_macro   0x00000000000167bf      0x1b4 ./Application/User/ca_low_level.o
 .debug_macro   0x0000000000016973       0xe7 ./Application/User/ca_low_level.o
 .debug_macro   0x0000000000016a5a      0x10f ./Application/User/ca_low_level.o
 .debug_macro   0x0000000000016b69      0x283 ./Application/User/ca_low_level.o
 .debug_macro   0x0000000000016dec      0x133 ./Application/User/ca_low_level.o
 .debug_macro   0x0000000000016f1f      0x370 ./Application/User/ca_low_level.o
 .debug_macro   0x000000000001728f      0x683 ./Application/User/ca_low_level.o
 .debug_macro   0x0000000000017912      0x20e ./Application/User/ca_low_level.o
 .debug_macro   0x0000000000017b20      0xf7c ./Application/User/ca_low_level.o
 .debug_macro   0x0000000000018a9c      0x136 ./Application/User/ca_low_level.o
 .debug_macro   0x0000000000018bd2      0x2db ./Application/User/ca_low_level.o
 .debug_macro   0x0000000000018ead      0x45a ./Application/User/ca_low_level.o
 .debug_macro   0x0000000000019307      0x3aa ./Application/User/ca_low_level.o
 .debug_macro   0x00000000000196b1       0x10 ./Application/User/ca_low_level.o
 .debug_macro   0x00000000000196c1       0x1f ./Application/User/ca_low_level.o
 .debug_macro   0x00000000000196e0       0x52 ./Application/User/ca_low_level.o
 .debug_macro   0x0000000000019732      0x333 ./Application/User/ca_low_level.o
 .debug_macro   0x0000000000019a65       0x7c ./Application/User/ca_low_level.o
 .debug_macro   0x0000000000019ae1       0x17 ./Application/User/ca_low_level.o
 .debug_macro   0x0000000000019af8      0x118 ./Application/User/ca_low_level.o
 .debug_macro   0x0000000000019c10       0x2e ./Application/User/ca_low_level.o
 .debug_macro   0x0000000000019c3e       0x10 ./Application/User/ca_low_level.o
 .debug_macro   0x0000000000019c4e       0x22 ./Application/User/ca_low_level.o
 .debug_macro   0x0000000000019c70       0x10 ./Application/User/ca_low_level.o
 .debug_macro   0x0000000000019c80      0x3b3 ./Application/User/kms_low_level.o
 .debug_macro   0x000000000001a033       0x18 ./Application/User/kms_low_level.o
 .debug_macro   0x000000000001a04b       0x3c ./Application/User/kms_low_level.o
 .debug_macro   0x000000000001a087       0x34 ./Application/User/kms_low_level.o
 .debug_macro   0x000000000001a0bb       0x16 ./Application/User/kms_low_level.o
 .debug_macro   0x000000000001a0d1       0x43 ./Application/User/kms_low_level.o
 .debug_macro   0x000000000001a114       0x34 ./Application/User/kms_low_level.o
 .debug_macro   0x000000000001a148       0x10 ./Application/User/kms_low_level.o
 .debug_macro   0x000000000001a158       0x58 ./Application/User/kms_low_level.o
 .debug_macro   0x000000000001a1b0       0x71 ./Application/User/kms_low_level.o
 .debug_macro   0x000000000001a221       0x1c ./Application/User/kms_low_level.o
 .debug_macro   0x000000000001a23d      0x12a ./Application/User/kms_low_level.o
 .debug_macro   0x000000000001a367      0x339 ./Application/User/kms_low_level.o
 .debug_macro   0x000000000001a6a0       0x10 ./Application/User/kms_low_level.o
 .debug_macro   0x000000000001a6b0       0x35 ./Application/User/kms_low_level.o
 .debug_macro   0x000000000001a6e5       0x20 ./Application/User/kms_low_level.o
 .debug_macro   0x000000000001a705       0x22 ./Application/User/kms_low_level.o
 .debug_macro   0x000000000001a727       0x22 ./Application/User/kms_low_level.o
 .debug_macro   0x000000000001a749     0x13a9 ./Application/User/kms_low_level.o
 .debug_macro   0x000000000001baf2      0x107 ./Application/User/kms_low_level.o
 .debug_macro   0x000000000001bbf9       0x1c ./Application/User/kms_low_level.o
 .debug_macro   0x000000000001bc15       0x2e ./Application/User/kms_low_level.o
 .debug_macro   0x000000000001bc43       0x22 ./Application/User/kms_low_level.o
 .debug_macro   0x000000000001bc65       0x7e ./Application/User/kms_low_level.o
 .debug_macro   0x000000000001bce3       0xdc ./Application/User/kms_low_level.o
 .debug_macro   0x000000000001bdbf       0x3a ./Application/User/kms_low_level.o
 .debug_macro   0x000000000001bdf9       0xfb ./Application/User/kms_low_level.o
 .debug_macro   0x000000000001bef4       0x56 ./Application/User/kms_low_level.o
 .debug_macro   0x000000000001bf4a       0x1c ./Application/User/kms_low_level.o
 .debug_macro   0x000000000001bf66       0x28 ./Application/User/kms_low_level.o
 .debug_macro   0x000000000001bf8e       0x5e ./Application/User/kms_low_level.o
 .debug_macro   0x000000000001bfec       0x1c ./Application/User/kms_low_level.o
 .debug_macro   0x000000000001c008      0x302 ./Application/User/nvms_low_level.o
 .debug_macro   0x000000000001c30a       0x4c ./Application/User/nvms_low_level.o
 .debug_macro   0x000000000001c356       0x94 ./Application/User/nvms_low_level.o
 .debug_macro   0x000000000001c3ea       0x57 ./Application/User/nvms_low_level.o
 .debug_macro   0x000000000001c441       0x28 ./Application/User/nvms_low_level.o
 .debug_macro   0x000000000001c469      0x3ff ./Application/User/se_low_level.o
 .debug_macro   0x000000000001c868       0x8e ./Application/User/se_low_level.o
 .debug_macro   0x000000000001c8f6       0x65 ./Application/User/se_low_level.o
 .debug_macro   0x000000000001c95b       0x22 ./Application/User/se_low_level.o
 .debug_macro   0x000000000001c97d       0x52 ./Application/User/se_low_level.o
 .debug_macro   0x000000000001c9cf       0x40 ./Application/User/se_low_level.o
 .debug_macro   0x000000000001ca0f      0x2a2 ./Drivers/STM32WLxx_HAL_Driver/stm32wlxx_hal_cryp.o
 .debug_macro   0x000000000001ccb1      0x25d ./Drivers/STM32WLxx_HAL_Driver/stm32wlxx_hal_cryp_ex.o
 .debug_macro   0x000000000001cf0e      0x21b ./Drivers/STM32WLxx_HAL_Driver/stm32wlxx_hal_flash.o
 .debug_macro   0x000000000001d129      0x215 ./Drivers/STM32WLxx_HAL_Driver/stm32wlxx_hal_flash_ex.o
 .debug_macro   0x000000000001d33e      0x239 ./Drivers/STM32WLxx_HAL_Driver/stm32wlxx_hal_pka.o
 .debug_macro   0x000000000001d577      0x704 ./Middlewares/STM32_Key_Management_Services/ca_core.o
 .debug_macro   0x000000000001dc7b       0x10 ./Middlewares/STM32_Key_Management_Services/ca_core.o
 .debug_macro   0x000000000001dc8b      0x613 ./Middlewares/STM32_Key_Management_Services/ca_core.o
 .debug_macro   0x000000000001e29e       0xcf ./Middlewares/STM32_Key_Management_Services/ca_core.o
 .debug_macro   0x000000000001e36d       0x10 ./Middlewares/STM32_Key_Management_Services/ca_core.o
 .debug_macro   0x000000000001e37d       0x4e ./Middlewares/STM32_Key_Management_Services/ca_core.o
 .debug_macro   0x000000000001e3cb       0x1c ./Middlewares/STM32_Key_Management_Services/ca_core.o
 .debug_macro   0x000000000001e3e7       0x28 ./Middlewares/STM32_Key_Management_Services/ca_core.o
 .debug_macro   0x000000000001e40f       0x2e ./Middlewares/STM32_Key_Management_Services/ca_core.o
 .debug_macro   0x000000000001e43d       0x10 ./Middlewares/STM32_Key_Management_Services/ca_core.o
 .debug_macro   0x000000000001e44d       0x10 ./Middlewares/STM32_Key_Management_Services/ca_core.o
 .debug_macro   0x000000000001e45d       0x25 ./Middlewares/STM32_Key_Management_Services/ca_core.o
 .debug_macro   0x000000000001e482       0x1c ./Middlewares/STM32_Key_Management_Services/ca_core.o
 .debug_macro   0x000000000001e49e       0x34 ./Middlewares/STM32_Key_Management_Services/ca_core.o
 .debug_macro   0x000000000001e4d2       0x1c ./Middlewares/STM32_Key_Management_Services/ca_core.o
 .debug_macro   0x000000000001e4ee       0x34 ./Middlewares/STM32_Key_Management_Services/ca_core.o
 .debug_macro   0x000000000001e522       0x72 ./Middlewares/STM32_Key_Management_Services/ca_core.o
 .debug_macro   0x000000000001e594       0x64 ./Middlewares/STM32_Key_Management_Services/ca_core.o
 .debug_macro   0x000000000001e5f8       0x4c ./Middlewares/STM32_Key_Management_Services/ca_core.o
 .debug_macro   0x000000000001e644       0x5e ./Middlewares/STM32_Key_Management_Services/ca_core.o
 .debug_macro   0x000000000001e6a2       0x1c ./Middlewares/STM32_Key_Management_Services/ca_core.o
 .debug_macro   0x000000000001e6be       0x28 ./Middlewares/STM32_Key_Management_Services/ca_core.o